Archive member included to satisfy reference by file (symbol)

C:/ti/simplelink_msp432p4_sdk_3_20_00_06/source\ti/devices/msp432p4xx/driverlib/gcc/msp432p4xx_driverlib.a(gpio.o)
                              ./LED.o (GPIO_setAsOutputPin)
C:/ti/simplelink_msp432p4_sdk_3_20_00_06/source\ti/devices/msp432p4xx/driverlib/gcc/msp432p4xx_driverlib.a(interrupt.o)
                              C:/ti/simplelink_msp432p4_sdk_3_20_00_06/source\ti/devices/msp432p4xx/driverlib/gcc/msp432p4xx_driverlib.a(gpio.o) (Interrupt_registerInterrupt)
C:/ti/simplelink_msp432p4_sdk_3_20_00_06/source\ti/devices/msp432p4xx/driverlib/gcc/msp432p4xx_driverlib.a(wdt_a.o)
                              ./Main.o (WDT_A_holdTimer)
C:/ti/simplelink_msp432p4_sdk_3_20_00_06/source\ti/devices/msp432p4xx/driverlib/gcc/msp432p4xx_driverlib.a(cpu.o)
                              C:/ti/simplelink_msp432p4_sdk_3_20_00_06/source\ti/devices/msp432p4xx/driverlib/gcc/msp432p4xx_driverlib.a(interrupt.o) (CPU_cpsid)
C:/ti/simplelink_msp432p4_sdk_3_20_00_06/source\ti/devices/msp432p4xx/driverlib/gcc/msp432p4xx_driverlib.a(sysctl_a.o)
                              C:/ti/simplelink_msp432p4_sdk_3_20_00_06/source\ti/devices/msp432p4xx/driverlib/gcc/msp432p4xx_driverlib.a(wdt_a.o) (SysCtl_A_setWDTTimeoutResetType)
C:/ti/ccs910/ccs/tools/compiler/gcc-arm-none-eabi-7-2017-q4-major-win32/arm-none-eabi/lib/thumb/v7e-m/fpv4-sp/hard\libc_nano.a(lib_a-calloc.o)
                              ./LED.o (calloc)
C:/ti/ccs910/ccs/tools/compiler/gcc-arm-none-eabi-7-2017-q4-major-win32/arm-none-eabi/lib/thumb/v7e-m/fpv4-sp/hard\libc_nano.a(lib_a-exit.o)
                              c:/ti/ccs910/ccs/tools/compiler/gcc-arm-none-eabi-7-2017-q4-major-win32/bin/../lib/gcc/arm-none-eabi/7.2.1/../../../../arm-none-eabi/lib/thumb/v7e-m/fpv4-sp/hard/crt0.o (exit)
C:/ti/ccs910/ccs/tools/compiler/gcc-arm-none-eabi-7-2017-q4-major-win32/arm-none-eabi/lib/thumb/v7e-m/fpv4-sp/hard\libc_nano.a(lib_a-impure.o)
                              C:/ti/ccs910/ccs/tools/compiler/gcc-arm-none-eabi-7-2017-q4-major-win32/arm-none-eabi/lib/thumb/v7e-m/fpv4-sp/hard\libc_nano.a(lib_a-exit.o) (_global_impure_ptr)
C:/ti/ccs910/ccs/tools/compiler/gcc-arm-none-eabi-7-2017-q4-major-win32/arm-none-eabi/lib/thumb/v7e-m/fpv4-sp/hard\libc_nano.a(lib_a-init.o)
                              c:/ti/ccs910/ccs/tools/compiler/gcc-arm-none-eabi-7-2017-q4-major-win32/bin/../lib/gcc/arm-none-eabi/7.2.1/../../../../arm-none-eabi/lib/thumb/v7e-m/fpv4-sp/hard/crt0.o (__libc_init_array)
C:/ti/ccs910/ccs/tools/compiler/gcc-arm-none-eabi-7-2017-q4-major-win32/arm-none-eabi/lib/thumb/v7e-m/fpv4-sp/hard\libc_nano.a(lib_a-malloc.o)
                              ./Controller.o (malloc)
C:/ti/ccs910/ccs/tools/compiler/gcc-arm-none-eabi-7-2017-q4-major-win32/arm-none-eabi/lib/thumb/v7e-m/fpv4-sp/hard\libc_nano.a(lib_a-memset.o)
                              c:/ti/ccs910/ccs/tools/compiler/gcc-arm-none-eabi-7-2017-q4-major-win32/bin/../lib/gcc/arm-none-eabi/7.2.1/../../../../arm-none-eabi/lib/thumb/v7e-m/fpv4-sp/hard/crt0.o (memset)
C:/ti/ccs910/ccs/tools/compiler/gcc-arm-none-eabi-7-2017-q4-major-win32/arm-none-eabi/lib/thumb/v7e-m/fpv4-sp/hard\libc_nano.a(lib_a-nano-callocr.o)
                              C:/ti/ccs910/ccs/tools/compiler/gcc-arm-none-eabi-7-2017-q4-major-win32/arm-none-eabi/lib/thumb/v7e-m/fpv4-sp/hard\libc_nano.a(lib_a-calloc.o) (_calloc_r)
C:/ti/ccs910/ccs/tools/compiler/gcc-arm-none-eabi-7-2017-q4-major-win32/arm-none-eabi/lib/thumb/v7e-m/fpv4-sp/hard\libc_nano.a(lib_a-nano-freer.o)
                              C:/ti/ccs910/ccs/tools/compiler/gcc-arm-none-eabi-7-2017-q4-major-win32/arm-none-eabi/lib/thumb/v7e-m/fpv4-sp/hard\libc_nano.a(lib_a-malloc.o) (_free_r)
C:/ti/ccs910/ccs/tools/compiler/gcc-arm-none-eabi-7-2017-q4-major-win32/arm-none-eabi/lib/thumb/v7e-m/fpv4-sp/hard\libc_nano.a(lib_a-nano-mallocr.o)
                              C:/ti/ccs910/ccs/tools/compiler/gcc-arm-none-eabi-7-2017-q4-major-win32/arm-none-eabi/lib/thumb/v7e-m/fpv4-sp/hard\libc_nano.a(lib_a-malloc.o) (_malloc_r)
C:/ti/ccs910/ccs/tools/compiler/gcc-arm-none-eabi-7-2017-q4-major-win32/arm-none-eabi/lib/thumb/v7e-m/fpv4-sp/hard\libc_nano.a(lib_a-sbrkr.o)
                              C:/ti/ccs910/ccs/tools/compiler/gcc-arm-none-eabi-7-2017-q4-major-win32/arm-none-eabi/lib/thumb/v7e-m/fpv4-sp/hard\libc_nano.a(lib_a-nano-mallocr.o) (_sbrk_r)
C:/ti/ccs910/ccs/tools/compiler/gcc-arm-none-eabi-7-2017-q4-major-win32/arm-none-eabi/lib/thumb/v7e-m/fpv4-sp/hard\libc_nano.a(lib_a-mlock.o)
                              C:/ti/ccs910/ccs/tools/compiler/gcc-arm-none-eabi-7-2017-q4-major-win32/arm-none-eabi/lib/thumb/v7e-m/fpv4-sp/hard\libc_nano.a(lib_a-nano-freer.o) (__malloc_lock)
C:/ti/ccs910/ccs/tools/compiler/gcc-arm-none-eabi-7-2017-q4-major-win32/arm-none-eabi/lib/thumb/v7e-m/fpv4-sp/hard\libc_nano.a(lib_a-reent.o)
                              C:/ti/ccs910/ccs/tools/compiler/gcc-arm-none-eabi-7-2017-q4-major-win32/arm-none-eabi/lib/thumb/v7e-m/fpv4-sp/hard\libc_nano.a(lib_a-sbrkr.o) (errno)
C:/ti/ccs910/ccs/tools/compiler/gcc-arm-none-eabi-7-2017-q4-major-win32/arm-none-eabi/lib/thumb/v7e-m/fpv4-sp/hard\libnosys.a(sbrk.o)
                              C:/ti/ccs910/ccs/tools/compiler/gcc-arm-none-eabi-7-2017-q4-major-win32/arm-none-eabi/lib/thumb/v7e-m/fpv4-sp/hard\libc_nano.a(lib_a-sbrkr.o) (_sbrk)
C:/ti/ccs910/ccs/tools/compiler/gcc-arm-none-eabi-7-2017-q4-major-win32/arm-none-eabi/lib/thumb/v7e-m/fpv4-sp/hard\libnosys.a(_exit.o)
                              C:/ti/ccs910/ccs/tools/compiler/gcc-arm-none-eabi-7-2017-q4-major-win32/arm-none-eabi/lib/thumb/v7e-m/fpv4-sp/hard\libc_nano.a(lib_a-exit.o) (_exit)

Allocating common symbols
Common symbol       size              file

errno               0x4               C:/ti/ccs910/ccs/tools/compiler/gcc-arm-none-eabi-7-2017-q4-major-win32/arm-none-eabi/lib/thumb/v7e-m/fpv4-sp/hard\libc_nano.a(lib_a-reent.o)

Discarded input sections

 .text.LEDs_turnOff
                0x00000000       0x26 ./LED.o
 .text.LEDs_toggle
                0x00000000       0x2c ./LED.o
 .text.LEDs_getStatus
                0x00000000       0x16 ./LED.o
 .text.SystemCoreClockUpdate
                0x00000000      0x21c ./system_msp432p401r.o
 .rodata.GPIO_PORT_TO_INT
                0x00000000       0x1c C:/ti/simplelink_msp432p4_sdk_3_20_00_06/source\ti/devices/msp432p4xx/driverlib/gcc/msp432p4xx_driverlib.a(gpio.o)
 .text.GPIO_setAsInputPin
                0x00000000       0x8c C:/ti/simplelink_msp432p4_sdk_3_20_00_06/source\ti/devices/msp432p4xx/driverlib/gcc/msp432p4xx_driverlib.a(gpio.o)
 .text.GPIO_setAsPeripheralModuleFunctionOutputPin
                0x00000000       0xe0 C:/ti/simplelink_msp432p4_sdk_3_20_00_06/source\ti/devices/msp432p4xx/driverlib/gcc/msp432p4xx_driverlib.a(gpio.o)
 .text.GPIO_setAsPeripheralModuleFunctionInputPin
                0x00000000       0xe4 C:/ti/simplelink_msp432p4_sdk_3_20_00_06/source\ti/devices/msp432p4xx/driverlib/gcc/msp432p4xx_driverlib.a(gpio.o)
 .text.GPIO_toggleOutputOnPin
                0x00000000       0x3c C:/ti/simplelink_msp432p4_sdk_3_20_00_06/source\ti/devices/msp432p4xx/driverlib/gcc/msp432p4xx_driverlib.a(gpio.o)
 .text.GPIO_setAsInputPinWithPullDownResistor
                0x00000000       0xa4 C:/ti/simplelink_msp432p4_sdk_3_20_00_06/source\ti/devices/msp432p4xx/driverlib/gcc/msp432p4xx_driverlib.a(gpio.o)
 .text.GPIO_setAsInputPinWithPullUpResistor
                0x00000000       0xa0 C:/ti/simplelink_msp432p4_sdk_3_20_00_06/source\ti/devices/msp432p4xx/driverlib/gcc/msp432p4xx_driverlib.a(gpio.o)
 .text.GPIO_getInputPinValue
                0x00000000       0x40 C:/ti/simplelink_msp432p4_sdk_3_20_00_06/source\ti/devices/msp432p4xx/driverlib/gcc/msp432p4xx_driverlib.a(gpio.o)
 .text.GPIO_enableInterrupt
                0x00000000       0x3c C:/ti/simplelink_msp432p4_sdk_3_20_00_06/source\ti/devices/msp432p4xx/driverlib/gcc/msp432p4xx_driverlib.a(gpio.o)
 .text.GPIO_disableInterrupt
                0x00000000       0x40 C:/ti/simplelink_msp432p4_sdk_3_20_00_06/source\ti/devices/msp432p4xx/driverlib/gcc/msp432p4xx_driverlib.a(gpio.o)
 .text.GPIO_getInterruptStatus
                0x00000000       0x34 C:/ti/simplelink_msp432p4_sdk_3_20_00_06/source\ti/devices/msp432p4xx/driverlib/gcc/msp432p4xx_driverlib.a(gpio.o)
 .text.GPIO_clearInterruptFlag
                0x00000000       0x40 C:/ti/simplelink_msp432p4_sdk_3_20_00_06/source\ti/devices/msp432p4xx/driverlib/gcc/msp432p4xx_driverlib.a(gpio.o)
 .text.GPIO_interruptEdgeSelect
                0x00000000       0x60 C:/ti/simplelink_msp432p4_sdk_3_20_00_06/source\ti/devices/msp432p4xx/driverlib/gcc/msp432p4xx_driverlib.a(gpio.o)
 .text.GPIO_getEnabledInterruptStatus
                0x00000000       0x98 C:/ti/simplelink_msp432p4_sdk_3_20_00_06/source\ti/devices/msp432p4xx/driverlib/gcc/msp432p4xx_driverlib.a(gpio.o)
 .text.GPIO_setDriveStrengthHigh
                0x00000000       0x3c C:/ti/simplelink_msp432p4_sdk_3_20_00_06/source\ti/devices/msp432p4xx/driverlib/gcc/msp432p4xx_driverlib.a(gpio.o)
 .text.GPIO_setDriveStrengthLow
                0x00000000       0x40 C:/ti/simplelink_msp432p4_sdk_3_20_00_06/source\ti/devices/msp432p4xx/driverlib/gcc/msp432p4xx_driverlib.a(gpio.o)
 .text.GPIO_registerInterrupt
                0x00000000       0x30 C:/ti/simplelink_msp432p4_sdk_3_20_00_06/source\ti/devices/msp432p4xx/driverlib/gcc/msp432p4xx_driverlib.a(gpio.o)
 .text.GPIO_unregisterInterrupt
                0x00000000       0x2c C:/ti/simplelink_msp432p4_sdk_3_20_00_06/source\ti/devices/msp432p4xx/driverlib/gcc/msp432p4xx_driverlib.a(gpio.o)
 .rodata.g_pulPriority
                0x00000000       0x20 C:/ti/simplelink_msp432p4_sdk_3_20_00_06/source\ti/devices/msp432p4xx/driverlib/gcc/msp432p4xx_driverlib.a(interrupt.o)
 .rodata.g_pulRegs
                0x00000000       0x50 C:/ti/simplelink_msp432p4_sdk_3_20_00_06/source\ti/devices/msp432p4xx/driverlib/gcc/msp432p4xx_driverlib.a(interrupt.o)
 .rodata.g_pulEnRegs
                0x00000000        0x8 C:/ti/simplelink_msp432p4_sdk_3_20_00_06/source\ti/devices/msp432p4xx/driverlib/gcc/msp432p4xx_driverlib.a(interrupt.o)
 .rodata.g_pulDisRegs
                0x00000000        0x8 C:/ti/simplelink_msp432p4_sdk_3_20_00_06/source\ti/devices/msp432p4xx/driverlib/gcc/msp432p4xx_driverlib.a(interrupt.o)
 .rodata.g_pulPendRegs
                0x00000000        0x8 C:/ti/simplelink_msp432p4_sdk_3_20_00_06/source\ti/devices/msp432p4xx/driverlib/gcc/msp432p4xx_driverlib.a(interrupt.o)
 .rodata.g_pulUnpendRegs
                0x00000000        0x8 C:/ti/simplelink_msp432p4_sdk_3_20_00_06/source\ti/devices/msp432p4xx/driverlib/gcc/msp432p4xx_driverlib.a(interrupt.o)
 .text.IntDefaultHandler
                0x00000000        0x6 C:/ti/simplelink_msp432p4_sdk_3_20_00_06/source\ti/devices/msp432p4xx/driverlib/gcc/msp432p4xx_driverlib.a(interrupt.o)
 vtable         0x00000000       0xe8 C:/ti/simplelink_msp432p4_sdk_3_20_00_06/source\ti/devices/msp432p4xx/driverlib/gcc/msp432p4xx_driverlib.a(interrupt.o)
 .text.Interrupt_enableMaster
                0x00000000       0x18 C:/ti/simplelink_msp432p4_sdk_3_20_00_06/source\ti/devices/msp432p4xx/driverlib/gcc/msp432p4xx_driverlib.a(interrupt.o)
 .text.Interrupt_disableMaster
                0x00000000       0x18 C:/ti/simplelink_msp432p4_sdk_3_20_00_06/source\ti/devices/msp432p4xx/driverlib/gcc/msp432p4xx_driverlib.a(interrupt.o)
 .text.Interrupt_registerInterrupt
                0x00000000       0x64 C:/ti/simplelink_msp432p4_sdk_3_20_00_06/source\ti/devices/msp432p4xx/driverlib/gcc/msp432p4xx_driverlib.a(interrupt.o)
 .text.Interrupt_unregisterInterrupt
                0x00000000       0x28 C:/ti/simplelink_msp432p4_sdk_3_20_00_06/source\ti/devices/msp432p4xx/driverlib/gcc/msp432p4xx_driverlib.a(interrupt.o)
 .text.Interrupt_setPriorityGrouping
                0x00000000       0x30 C:/ti/simplelink_msp432p4_sdk_3_20_00_06/source\ti/devices/msp432p4xx/driverlib/gcc/msp432p4xx_driverlib.a(interrupt.o)
 .text.Interrupt_getPriorityGrouping
                0x00000000       0x4c C:/ti/simplelink_msp432p4_sdk_3_20_00_06/source\ti/devices/msp432p4xx/driverlib/gcc/msp432p4xx_driverlib.a(interrupt.o)
 .text.Interrupt_setPriority
                0x00000000       0x68 C:/ti/simplelink_msp432p4_sdk_3_20_00_06/source\ti/devices/msp432p4xx/driverlib/gcc/msp432p4xx_driverlib.a(interrupt.o)
 .text.Interrupt_getPriority
                0x00000000       0x34 C:/ti/simplelink_msp432p4_sdk_3_20_00_06/source\ti/devices/msp432p4xx/driverlib/gcc/msp432p4xx_driverlib.a(interrupt.o)
 .text.Interrupt_enableInterrupt
                0x00000000       0x94 C:/ti/simplelink_msp432p4_sdk_3_20_00_06/source\ti/devices/msp432p4xx/driverlib/gcc/msp432p4xx_driverlib.a(interrupt.o)
 .text.Interrupt_disableInterrupt
                0x00000000       0x94 C:/ti/simplelink_msp432p4_sdk_3_20_00_06/source\ti/devices/msp432p4xx/driverlib/gcc/msp432p4xx_driverlib.a(interrupt.o)
 .text.Interrupt_isEnabled
                0x00000000       0xa0 C:/ti/simplelink_msp432p4_sdk_3_20_00_06/source\ti/devices/msp432p4xx/driverlib/gcc/msp432p4xx_driverlib.a(interrupt.o)
 .text.Interrupt_pendInterrupt
                0x00000000       0x7c C:/ti/simplelink_msp432p4_sdk_3_20_00_06/source\ti/devices/msp432p4xx/driverlib/gcc/msp432p4xx_driverlib.a(interrupt.o)
 .text.Interrupt_unpendInterrupt
                0x00000000       0x68 C:/ti/simplelink_msp432p4_sdk_3_20_00_06/source\ti/devices/msp432p4xx/driverlib/gcc/msp432p4xx_driverlib.a(interrupt.o)
 .text.Interrupt_setPriorityMask
                0x00000000       0x1a C:/ti/simplelink_msp432p4_sdk_3_20_00_06/source\ti/devices/msp432p4xx/driverlib/gcc/msp432p4xx_driverlib.a(interrupt.o)
 .text.Interrupt_getPriorityMask
                0x00000000       0x10 C:/ti/simplelink_msp432p4_sdk_3_20_00_06/source\ti/devices/msp432p4xx/driverlib/gcc/msp432p4xx_driverlib.a(interrupt.o)
 .text.Interrupt_setVectorTableAddress
                0x00000000       0x20 C:/ti/simplelink_msp432p4_sdk_3_20_00_06/source\ti/devices/msp432p4xx/driverlib/gcc/msp432p4xx_driverlib.a(interrupt.o)
 .text.Interrupt_getVectorTableAddress
                0x00000000       0x18 C:/ti/simplelink_msp432p4_sdk_3_20_00_06/source\ti/devices/msp432p4xx/driverlib/gcc/msp432p4xx_driverlib.a(interrupt.o)
 .text.Interrupt_enableSleepOnIsrExit
                0x00000000       0x20 C:/ti/simplelink_msp432p4_sdk_3_20_00_06/source\ti/devices/msp432p4xx/driverlib/gcc/msp432p4xx_driverlib.a(interrupt.o)
 .text.Interrupt_disableSleepOnIsrExit
                0x00000000       0x20 C:/ti/simplelink_msp432p4_sdk_3_20_00_06/source\ti/devices/msp432p4xx/driverlib/gcc/msp432p4xx_driverlib.a(interrupt.o)
 .text.WDT_A_startTimer
                0x00000000       0x34 C:/ti/simplelink_msp432p4_sdk_3_20_00_06/source\ti/devices/msp432p4xx/driverlib/gcc/msp432p4xx_driverlib.a(wdt_a.o)
 .text.WDT_A_clearTimer
                0x00000000       0x34 C:/ti/simplelink_msp432p4_sdk_3_20_00_06/source\ti/devices/msp432p4xx/driverlib/gcc/msp432p4xx_driverlib.a(wdt_a.o)
 .text.WDT_A_initWatchdogTimer
                0x00000000       0x34 C:/ti/simplelink_msp432p4_sdk_3_20_00_06/source\ti/devices/msp432p4xx/driverlib/gcc/msp432p4xx_driverlib.a(wdt_a.o)
 .text.WDT_A_initIntervalTimer
                0x00000000       0x34 C:/ti/simplelink_msp432p4_sdk_3_20_00_06/source\ti/devices/msp432p4xx/driverlib/gcc/msp432p4xx_driverlib.a(wdt_a.o)
 .text.WDT_A_setPasswordViolationReset
                0x00000000       0x16 C:/ti/simplelink_msp432p4_sdk_3_20_00_06/source\ti/devices/msp432p4xx/driverlib/gcc/msp432p4xx_driverlib.a(wdt_a.o)
 .text.WDT_A_setTimeoutReset
                0x00000000       0x16 C:/ti/simplelink_msp432p4_sdk_3_20_00_06/source\ti/devices/msp432p4xx/driverlib/gcc/msp432p4xx_driverlib.a(wdt_a.o)
 .text.WDT_A_registerInterrupt
                0x00000000       0x1e C:/ti/simplelink_msp432p4_sdk_3_20_00_06/source\ti/devices/msp432p4xx/driverlib/gcc/msp432p4xx_driverlib.a(wdt_a.o)
 .text.WDT_A_unregisterInterrupt
                0x00000000       0x14 C:/ti/simplelink_msp432p4_sdk_3_20_00_06/source\ti/devices/msp432p4xx/driverlib/gcc/msp432p4xx_driverlib.a(wdt_a.o)
 .text.CPU_cpsid
                0x00000000        0xe C:/ti/simplelink_msp432p4_sdk_3_20_00_06/source\ti/devices/msp432p4xx/driverlib/gcc/msp432p4xx_driverlib.a(cpu.o)
 .text.CPU_primask
                0x00000000        0xc C:/ti/simplelink_msp432p4_sdk_3_20_00_06/source\ti/devices/msp432p4xx/driverlib/gcc/msp432p4xx_driverlib.a(cpu.o)
 .text.CPU_cpsie
                0x00000000        0xe C:/ti/simplelink_msp432p4_sdk_3_20_00_06/source\ti/devices/msp432p4xx/driverlib/gcc/msp432p4xx_driverlib.a(cpu.o)
 .text.CPU_wfi  0x00000000        0x6 C:/ti/simplelink_msp432p4_sdk_3_20_00_06/source\ti/devices/msp432p4xx/driverlib/gcc/msp432p4xx_driverlib.a(cpu.o)
 .text.CPU_basepriSet
                0x00000000        0x8 C:/ti/simplelink_msp432p4_sdk_3_20_00_06/source\ti/devices/msp432p4xx/driverlib/gcc/msp432p4xx_driverlib.a(cpu.o)
 .text.CPU_basepriGet
                0x00000000        0xc C:/ti/simplelink_msp432p4_sdk_3_20_00_06/source\ti/devices/msp432p4xx/driverlib/gcc/msp432p4xx_driverlib.a(cpu.o)
 .text.SysCtl_A_getTLVInfo
                0x00000000       0xa8 C:/ti/simplelink_msp432p4_sdk_3_20_00_06/source\ti/devices/msp432p4xx/driverlib/gcc/msp432p4xx_driverlib.a(sysctl_a.o)
 .text.SysCtl_A_getSRAMSize
                0x00000000       0x18 C:/ti/simplelink_msp432p4_sdk_3_20_00_06/source\ti/devices/msp432p4xx/driverlib/gcc/msp432p4xx_driverlib.a(sysctl_a.o)
 .text.SysCtl_A_getFlashSize
                0x00000000       0x18 C:/ti/simplelink_msp432p4_sdk_3_20_00_06/source\ti/devices/msp432p4xx/driverlib/gcc/msp432p4xx_driverlib.a(sysctl_a.o)
 .text.SysCtl_A_getInfoFlashSize
                0x00000000       0x18 C:/ti/simplelink_msp432p4_sdk_3_20_00_06/source\ti/devices/msp432p4xx/driverlib/gcc/msp432p4xx_driverlib.a(sysctl_a.o)
 .text.SysCtl_A_disableNMISource
                0x00000000       0x28 C:/ti/simplelink_msp432p4_sdk_3_20_00_06/source\ti/devices/msp432p4xx/driverlib/gcc/msp432p4xx_driverlib.a(sysctl_a.o)
 .text.SysCtl_A_enableNMISource
                0x00000000       0x24 C:/ti/simplelink_msp432p4_sdk_3_20_00_06/source\ti/devices/msp432p4xx/driverlib/gcc/msp432p4xx_driverlib.a(sysctl_a.o)
 .text.SysCtl_A_getNMISourceStatus
                0x00000000       0x1c C:/ti/simplelink_msp432p4_sdk_3_20_00_06/source\ti/devices/msp432p4xx/driverlib/gcc/msp432p4xx_driverlib.a(sysctl_a.o)
 .text.SysCtl_A_rebootDevice
                0x00000000       0x1c C:/ti/simplelink_msp432p4_sdk_3_20_00_06/source\ti/devices/msp432p4xx/driverlib/gcc/msp432p4xx_driverlib.a(sysctl_a.o)
 .text.SysCtl_A_enablePeripheralAtCPUHalt
                0x00000000       0x28 C:/ti/simplelink_msp432p4_sdk_3_20_00_06/source\ti/devices/msp432p4xx/driverlib/gcc/msp432p4xx_driverlib.a(sysctl_a.o)
 .text.SysCtl_A_disablePeripheralAtCPUHalt
                0x00000000       0x24 C:/ti/simplelink_msp432p4_sdk_3_20_00_06/source\ti/devices/msp432p4xx/driverlib/gcc/msp432p4xx_driverlib.a(sysctl_a.o)
 .text.SysCtl_A_setWDTTimeoutResetType
                0x00000000       0x38 C:/ti/simplelink_msp432p4_sdk_3_20_00_06/source\ti/devices/msp432p4xx/driverlib/gcc/msp432p4xx_driverlib.a(sysctl_a.o)
 .text.SysCtl_A_setWDTPasswordViolationResetType
                0x00000000       0x38 C:/ti/simplelink_msp432p4_sdk_3_20_00_06/source\ti/devices/msp432p4xx/driverlib/gcc/msp432p4xx_driverlib.a(sysctl_a.o)
 .text.SysCtl_A_enableGlitchFilter
                0x00000000       0x20 C:/ti/simplelink_msp432p4_sdk_3_20_00_06/source\ti/devices/msp432p4xx/driverlib/gcc/msp432p4xx_driverlib.a(sysctl_a.o)
 .text.SysCtl_A_disableGlitchFilter
                0x00000000       0x20 C:/ti/simplelink_msp432p4_sdk_3_20_00_06/source\ti/devices/msp432p4xx/driverlib/gcc/msp432p4xx_driverlib.a(sysctl_a.o)
 .text.SysCtl_A_getTempCalibrationConstant
                0x00000000       0x28 C:/ti/simplelink_msp432p4_sdk_3_20_00_06/source\ti/devices/msp432p4xx/driverlib/gcc/msp432p4xx_driverlib.a(sysctl_a.o)
 .text.SysCtl_A_enableSRAM
                0x00000000       0xb4 C:/ti/simplelink_msp432p4_sdk_3_20_00_06/source\ti/devices/msp432p4xx/driverlib/gcc/msp432p4xx_driverlib.a(sysctl_a.o)
 .text.SysCtl_A_disableSRAM
                0x00000000       0xbc C:/ti/simplelink_msp432p4_sdk_3_20_00_06/source\ti/devices/msp432p4xx/driverlib/gcc/msp432p4xx_driverlib.a(sysctl_a.o)
 .text.SysCtl_A_enableSRAMRetention
                0x00000000      0x254 C:/ti/simplelink_msp432p4_sdk_3_20_00_06/source\ti/devices/msp432p4xx/driverlib/gcc/msp432p4xx_driverlib.a(sysctl_a.o)
 .text.SysCtl_A_disableSRAMRetention
                0x00000000      0x240 C:/ti/simplelink_msp432p4_sdk_3_20_00_06/source\ti/devices/msp432p4xx/driverlib/gcc/msp432p4xx_driverlib.a(sysctl_a.o)
 .text.free     0x00000000       0x10 C:/ti/ccs910/ccs/tools/compiler/gcc-arm-none-eabi-7-2017-q4-major-win32/arm-none-eabi/lib/thumb/v7e-m/fpv4-sp/hard\libc_nano.a(lib_a-malloc.o)
 .text._free_r  0x00000000       0x9c C:/ti/ccs910/ccs/tools/compiler/gcc-arm-none-eabi-7-2017-q4-major-win32/arm-none-eabi/lib/thumb/v7e-m/fpv4-sp/hard\libc_nano.a(lib_a-nano-freer.o)
 .text.cleanup_glue
                0x00000000       0x1a C:/ti/ccs910/ccs/tools/compiler/gcc-arm-none-eabi-7-2017-q4-major-win32/arm-none-eabi/lib/thumb/v7e-m/fpv4-sp/hard\libc_nano.a(lib_a-reent.o)
 .text._reclaim_reent
                0x00000000       0xb8 C:/ti/ccs910/ccs/tools/compiler/gcc-arm-none-eabi-7-2017-q4-major-win32/arm-none-eabi/lib/thumb/v7e-m/fpv4-sp/hard\libc_nano.a(lib_a-reent.o)
 .eh_frame      0x00000000        0x4 c:/ti/ccs910/ccs/tools/compiler/gcc-arm-none-eabi-7-2017-q4-major-win32/bin/../lib/gcc/arm-none-eabi/7.2.1/thumb/v7e-m/fpv4-sp/hard/crtend.o

Memory Configuration

Name             Origin             Length             Attributes
MAIN_FLASH       0x00000000         0x00040000         xr
INFO_FLASH       0x00200000         0x00004000         xr
SRAM_CODE        0x01000000         0x00010000         xrw
SRAM_DATA        0x20000000         0x00010000         rw
*default*        0x00000000         0xffffffff

Linker script and memory map

LOAD c:/ti/ccs910/ccs/tools/compiler/gcc-arm-none-eabi-7-2017-q4-major-win32/bin/../lib/gcc/arm-none-eabi/7.2.1/thumb/v7e-m/fpv4-sp/hard/crti.o
LOAD c:/ti/ccs910/ccs/tools/compiler/gcc-arm-none-eabi-7-2017-q4-major-win32/bin/../lib/gcc/arm-none-eabi/7.2.1/thumb/v7e-m/fpv4-sp/hard/crtbegin.o
LOAD c:/ti/ccs910/ccs/tools/compiler/gcc-arm-none-eabi-7-2017-q4-major-win32/bin/../lib/gcc/arm-none-eabi/7.2.1/../../../../arm-none-eabi/lib/thumb/v7e-m/fpv4-sp/hard/crt0.o
LOAD ./Controller.o
LOAD ./Demo.o
LOAD ./LED.o
LOAD ./Main.o
LOAD ./system_msp432p401r.o
LOAD ./gcc/startup_msp432p401r_gcc.o
                0x00000000                PROVIDE (_intvecs_base_address, DEFINED (_intvecs_base_address)?_intvecs_base_address:0x0)

.intvecs        0x00000000       0xe4
 *(.intvecs)
 .intvecs       0x00000000       0xe4 ./gcc/startup_msp432p401r_gcc.o
                0x00000000                interruptVectors
                0x00200000                PROVIDE (_mailbox_base_address, 0x200000)

.flashMailbox
 *(.flashMailbox)
                0x00201000                PROVIDE (_tlv_base_address, 0x201000)

.tlvTable
 *(.tlvTable)
                0x00202000                PROVIDE (_bsl_base_address, 0x202000)

.bslArea
 *(.bslArea)
                0x20000000                PROVIDE (_vtable_base_address, DEFINED (_vtable_base_address)?_vtable_base_address:0x20000000)

.vtable
 *(.vtable)

.text           0x000000e4      0x5a8
 CREATE_OBJECT_SYMBOLS
 *(.text)
 .text          0x000000e4        0x0 c:/ti/ccs910/ccs/tools/compiler/gcc-arm-none-eabi-7-2017-q4-major-win32/bin/../lib/gcc/arm-none-eabi/7.2.1/thumb/v7e-m/fpv4-sp/hard/crti.o
 .text          0x000000e4       0x40 c:/ti/ccs910/ccs/tools/compiler/gcc-arm-none-eabi-7-2017-q4-major-win32/bin/../lib/gcc/arm-none-eabi/7.2.1/thumb/v7e-m/fpv4-sp/hard/crtbegin.o
 .text          0x00000124       0x74 c:/ti/ccs910/ccs/tools/compiler/gcc-arm-none-eabi-7-2017-q4-major-win32/bin/../lib/gcc/arm-none-eabi/7.2.1/../../../../arm-none-eabi/lib/thumb/v7e-m/fpv4-sp/hard/crt0.o
                0x00000124                _start
                0x00000124                _mainCRTStartup
 .text          0x00000198        0x0 ./Controller.o
 .text          0x00000198        0x0 ./Demo.o
 .text          0x00000198        0x0 ./LED.o
 .text          0x00000198        0x0 ./Main.o
 .text          0x00000198        0x0 ./system_msp432p401r.o
 .text          0x00000198        0x0 ./gcc/startup_msp432p401r_gcc.o
 .text          0x00000198        0x0 C:/ti/simplelink_msp432p4_sdk_3_20_00_06/source\ti/devices/msp432p4xx/driverlib/gcc/msp432p4xx_driverlib.a(gpio.o)
 .text          0x00000198        0x0 C:/ti/simplelink_msp432p4_sdk_3_20_00_06/source\ti/devices/msp432p4xx/driverlib/gcc/msp432p4xx_driverlib.a(interrupt.o)
 .text          0x00000198        0x0 C:/ti/simplelink_msp432p4_sdk_3_20_00_06/source\ti/devices/msp432p4xx/driverlib/gcc/msp432p4xx_driverlib.a(wdt_a.o)
 .text          0x00000198        0x0 C:/ti/simplelink_msp432p4_sdk_3_20_00_06/source\ti/devices/msp432p4xx/driverlib/gcc/msp432p4xx_driverlib.a(cpu.o)
 .text          0x00000198        0x0 C:/ti/simplelink_msp432p4_sdk_3_20_00_06/source\ti/devices/msp432p4xx/driverlib/gcc/msp432p4xx_driverlib.a(sysctl_a.o)
 .text          0x00000198        0x0 C:/ti/ccs910/ccs/tools/compiler/gcc-arm-none-eabi-7-2017-q4-major-win32/arm-none-eabi/lib/thumb/v7e-m/fpv4-sp/hard\libc_nano.a(lib_a-calloc.o)
 .text          0x00000198        0x0 C:/ti/ccs910/ccs/tools/compiler/gcc-arm-none-eabi-7-2017-q4-major-win32/arm-none-eabi/lib/thumb/v7e-m/fpv4-sp/hard\libc_nano.a(lib_a-exit.o)
 .text          0x00000198        0x0 C:/ti/ccs910/ccs/tools/compiler/gcc-arm-none-eabi-7-2017-q4-major-win32/arm-none-eabi/lib/thumb/v7e-m/fpv4-sp/hard\libc_nano.a(lib_a-impure.o)
 .text          0x00000198        0x0 C:/ti/ccs910/ccs/tools/compiler/gcc-arm-none-eabi-7-2017-q4-major-win32/arm-none-eabi/lib/thumb/v7e-m/fpv4-sp/hard\libc_nano.a(lib_a-init.o)
 .text          0x00000198        0x0 C:/ti/ccs910/ccs/tools/compiler/gcc-arm-none-eabi-7-2017-q4-major-win32/arm-none-eabi/lib/thumb/v7e-m/fpv4-sp/hard\libc_nano.a(lib_a-malloc.o)
 .text          0x00000198        0x0 C:/ti/ccs910/ccs/tools/compiler/gcc-arm-none-eabi-7-2017-q4-major-win32/arm-none-eabi/lib/thumb/v7e-m/fpv4-sp/hard\libc_nano.a(lib_a-memset.o)
 .text          0x00000198        0x0 C:/ti/ccs910/ccs/tools/compiler/gcc-arm-none-eabi-7-2017-q4-major-win32/arm-none-eabi/lib/thumb/v7e-m/fpv4-sp/hard\libc_nano.a(lib_a-nano-callocr.o)
 .text          0x00000198        0x0 C:/ti/ccs910/ccs/tools/compiler/gcc-arm-none-eabi-7-2017-q4-major-win32/arm-none-eabi/lib/thumb/v7e-m/fpv4-sp/hard\libc_nano.a(lib_a-nano-freer.o)
 .text          0x00000198        0x0 C:/ti/ccs910/ccs/tools/compiler/gcc-arm-none-eabi-7-2017-q4-major-win32/arm-none-eabi/lib/thumb/v7e-m/fpv4-sp/hard\libc_nano.a(lib_a-nano-mallocr.o)
 .text          0x00000198        0x0 C:/ti/ccs910/ccs/tools/compiler/gcc-arm-none-eabi-7-2017-q4-major-win32/arm-none-eabi/lib/thumb/v7e-m/fpv4-sp/hard\libc_nano.a(lib_a-sbrkr.o)
 .text          0x00000198        0x0 C:/ti/ccs910/ccs/tools/compiler/gcc-arm-none-eabi-7-2017-q4-major-win32/arm-none-eabi/lib/thumb/v7e-m/fpv4-sp/hard\libc_nano.a(lib_a-mlock.o)
 .text          0x00000198        0x0 C:/ti/ccs910/ccs/tools/compiler/gcc-arm-none-eabi-7-2017-q4-major-win32/arm-none-eabi/lib/thumb/v7e-m/fpv4-sp/hard\libc_nano.a(lib_a-reent.o)
 .text          0x00000198        0x0 C:/ti/ccs910/ccs/tools/compiler/gcc-arm-none-eabi-7-2017-q4-major-win32/arm-none-eabi/lib/thumb/v7e-m/fpv4-sp/hard\libnosys.a(sbrk.o)
 .text          0x00000198        0x0 C:/ti/ccs910/ccs/tools/compiler/gcc-arm-none-eabi-7-2017-q4-major-win32/arm-none-eabi/lib/thumb/v7e-m/fpv4-sp/hard\libnosys.a(_exit.o)
 .text          0x00000198        0x0 c:/ti/ccs910/ccs/tools/compiler/gcc-arm-none-eabi-7-2017-q4-major-win32/bin/../lib/gcc/arm-none-eabi/7.2.1/thumb/v7e-m/fpv4-sp/hard/crtend.o
 .text          0x00000198        0x0 c:/ti/ccs910/ccs/tools/compiler/gcc-arm-none-eabi-7-2017-q4-major-win32/bin/../lib/gcc/arm-none-eabi/7.2.1/thumb/v7e-m/fpv4-sp/hard/crtn.o
 *(.text.*)
 .text.Controller_construct
                0x00000198       0x14 ./Controller.o
                0x00000198                Controller_construct
 .text.Controller_getInstance
                0x000001ac       0x1c ./Controller.o
                0x000001ac                Controller_getInstance
 .text.Demo_showLEDs
                0x000001c8       0x40 ./Demo.o
                0x000001c8                Demo_showLEDs
 .text.LEDs_construct
                0x00000208       0x5a ./LED.o
                0x00000208                LEDs_construct
 .text.LEDs_turnOn
                0x00000262       0x26 ./LED.o
                0x00000262                LEDs_turnOn
 .text.LEDs_turnOffAll
                0x00000288       0x26 ./LED.o
                0x00000288                LEDs_turnOffAll
 .text.Initialize
                0x000002ae        0xc ./Main.o
                0x000002ae                Initialize
 .text.SuperLoop
                0x000002ba        0x8 ./Main.o
                0x000002ba                SuperLoop
 .text.main     0x000002c2        0xa ./Main.o
                0x000002c2                main
 .text.SystemInit
                0x000002cc       0x9c ./system_msp432p401r.o
                0x000002cc                SystemInit
 .text.Default_Handler
                0x00000368        0x2 ./gcc/startup_msp432p401r_gcc.o
                0x00000368                CS_IRQHandler
                0x00000368                DebugMon_Handler
                0x00000368                AES256_IRQHandler
                0x00000368                HardFault_Handler
                0x00000368                SysTick_Handler
                0x00000368                PendSV_Handler
                0x00000368                NMI_Handler
                0x00000368                RTC_C_IRQHandler
                0x00000368                PORT1_IRQHandler
                0x00000368                FPU_IRQHandler
                0x00000368                PORT2_IRQHandler
                0x00000368                TA3_0_IRQHandler
                0x00000368                UsageFault_Handler
                0x00000368                DMA_INT3_IRQHandler
                0x00000368                TA2_0_IRQHandler
                0x00000368                DMA_INT1_IRQHandler
                0x00000368                WDT_A_IRQHandler
                0x00000368                TA2_N_IRQHandler
                0x00000368                TA1_0_IRQHandler
                0x00000368                PSS_IRQHandler
                0x00000368                DMA_INT2_IRQHandler
                0x00000368                EUSCIA3_IRQHandler
                0x00000368                DMA_INT0_IRQHandler
                0x00000368                PORT4_IRQHandler
                0x00000368                PORT5_IRQHandler
                0x00000368                EUSCIB0_IRQHandler
                0x00000368                Default_Handler
                0x00000368                T32_INTC_IRQHandler
                0x00000368                TA3_N_IRQHandler
                0x00000368                TA0_0_IRQHandler
                0x00000368                EUSCIA2_IRQHandler
                0x00000368                PORT6_IRQHandler
                0x00000368                PORT3_IRQHandler
                0x00000368                MemManage_Handler
                0x00000368                SVC_Handler
                0x00000368                TA1_N_IRQHandler
                0x00000368                EUSCIA1_IRQHandler
                0x00000368                COMP_E1_IRQHandler
                0x00000368                EUSCIB2_IRQHandler
                0x00000368                FLCTL_IRQHandler
                0x00000368                EUSCIB3_IRQHandler
                0x00000368                T32_INT1_IRQHandler
                0x00000368                ADC14_IRQHandler
                0x00000368                DMA_ERR_IRQHandler
                0x00000368                EUSCIA0_IRQHandler
                0x00000368                BusFault_Handler
                0x00000368                PCM_IRQHandler
                0x00000368                TA0_N_IRQHandler
                0x00000368                COMP_E0_IRQHandler
                0x00000368                EUSCIB1_IRQHandler
                0x00000368                T32_INT2_IRQHandler
 *fill*         0x0000036a        0x2 
 .text.Reset_Handler
                0x0000036c       0x2c ./gcc/startup_msp432p401r_gcc.o
                0x0000036c                Reset_Handler
 .text.GPIO_setAsOutputPin
                0x00000398       0x70 C:/ti/simplelink_msp432p4_sdk_3_20_00_06/source\ti/devices/msp432p4xx/driverlib/gcc/msp432p4xx_driverlib.a(gpio.o)
                0x00000398                GPIO_setAsOutputPin
 .text.GPIO_setOutputHighOnPin
                0x00000408       0x3c C:/ti/simplelink_msp432p4_sdk_3_20_00_06/source\ti/devices/msp432p4xx/driverlib/gcc/msp432p4xx_driverlib.a(gpio.o)
                0x00000408                GPIO_setOutputHighOnPin
 .text.GPIO_setOutputLowOnPin
                0x00000444       0x40 C:/ti/simplelink_msp432p4_sdk_3_20_00_06/source\ti/devices/msp432p4xx/driverlib/gcc/msp432p4xx_driverlib.a(gpio.o)
                0x00000444                GPIO_setOutputLowOnPin
 .text.WDT_A_holdTimer
                0x00000484       0x34 C:/ti/simplelink_msp432p4_sdk_3_20_00_06/source\ti/devices/msp432p4xx/driverlib/gcc/msp432p4xx_driverlib.a(wdt_a.o)
                0x00000484                WDT_A_holdTimer
 .text.calloc   0x000004b8       0x10 C:/ti/ccs910/ccs/tools/compiler/gcc-arm-none-eabi-7-2017-q4-major-win32/arm-none-eabi/lib/thumb/v7e-m/fpv4-sp/hard\libc_nano.a(lib_a-calloc.o)
                0x000004b8                calloc
 .text.exit     0x000004c8       0x28 C:/ti/ccs910/ccs/tools/compiler/gcc-arm-none-eabi-7-2017-q4-major-win32/arm-none-eabi/lib/thumb/v7e-m/fpv4-sp/hard\libc_nano.a(lib_a-exit.o)
                0x000004c8                exit
 .text.__libc_init_array
                0x000004f0       0x48 C:/ti/ccs910/ccs/tools/compiler/gcc-arm-none-eabi-7-2017-q4-major-win32/arm-none-eabi/lib/thumb/v7e-m/fpv4-sp/hard\libc_nano.a(lib_a-init.o)
                0x000004f0                __libc_init_array
 .text.malloc   0x00000538       0x10 C:/ti/ccs910/ccs/tools/compiler/gcc-arm-none-eabi-7-2017-q4-major-win32/arm-none-eabi/lib/thumb/v7e-m/fpv4-sp/hard\libc_nano.a(lib_a-malloc.o)
                0x00000538                malloc
 .text.memset   0x00000548       0x10 C:/ti/ccs910/ccs/tools/compiler/gcc-arm-none-eabi-7-2017-q4-major-win32/arm-none-eabi/lib/thumb/v7e-m/fpv4-sp/hard\libc_nano.a(lib_a-memset.o)
                0x00000548                memset
 .text._calloc_r
                0x00000558       0x1c C:/ti/ccs910/ccs/tools/compiler/gcc-arm-none-eabi-7-2017-q4-major-win32/arm-none-eabi/lib/thumb/v7e-m/fpv4-sp/hard\libc_nano.a(lib_a-nano-callocr.o)
                0x00000558                _calloc_r
 .text._malloc_r
                0x00000574       0xb4 C:/ti/ccs910/ccs/tools/compiler/gcc-arm-none-eabi-7-2017-q4-major-win32/arm-none-eabi/lib/thumb/v7e-m/fpv4-sp/hard\libc_nano.a(lib_a-nano-mallocr.o)
                0x00000574                _malloc_r
 .text._sbrk_r  0x00000628       0x20 C:/ti/ccs910/ccs/tools/compiler/gcc-arm-none-eabi-7-2017-q4-major-win32/arm-none-eabi/lib/thumb/v7e-m/fpv4-sp/hard\libc_nano.a(lib_a-sbrkr.o)
                0x00000628                _sbrk_r
 .text.__malloc_lock
                0x00000648        0x2 C:/ti/ccs910/ccs/tools/compiler/gcc-arm-none-eabi-7-2017-q4-major-win32/arm-none-eabi/lib/thumb/v7e-m/fpv4-sp/hard\libc_nano.a(lib_a-mlock.o)
                0x00000648                __malloc_lock
 .text.__malloc_unlock
                0x0000064a        0x2 C:/ti/ccs910/ccs/tools/compiler/gcc-arm-none-eabi-7-2017-q4-major-win32/arm-none-eabi/lib/thumb/v7e-m/fpv4-sp/hard\libc_nano.a(lib_a-mlock.o)
                0x0000064a                __malloc_unlock
 .text._sbrk    0x0000064c       0x1c C:/ti/ccs910/ccs/tools/compiler/gcc-arm-none-eabi-7-2017-q4-major-win32/arm-none-eabi/lib/thumb/v7e-m/fpv4-sp/hard\libnosys.a(sbrk.o)
                0x0000064c                _sbrk
 .text._exit    0x00000668        0x4 C:/ti/ccs910/ccs/tools/compiler/gcc-arm-none-eabi-7-2017-q4-major-win32/arm-none-eabi/lib/thumb/v7e-m/fpv4-sp/hard\libnosys.a(_exit.o)
                0x00000668                _exit
                0x0000066c                . = ALIGN (0x4)
 *(.ctors)
                0x0000066c                . = ALIGN (0x4)
 *(.dtors)
                0x0000066c                . = ALIGN (0x4)
                0x0000066c                __init_array_start = .
 *(.init_array*)
 .init_array    0x0000066c        0x4 c:/ti/ccs910/ccs/tools/compiler/gcc-arm-none-eabi-7-2017-q4-major-win32/bin/../lib/gcc/arm-none-eabi/7.2.1/thumb/v7e-m/fpv4-sp/hard/crtbegin.o
                0x00000670                __init_array_end = .
 *(.init)
 .init          0x00000670        0x4 c:/ti/ccs910/ccs/tools/compiler/gcc-arm-none-eabi-7-2017-q4-major-win32/bin/../lib/gcc/arm-none-eabi/7.2.1/thumb/v7e-m/fpv4-sp/hard/crti.o
                0x00000670                _init
 .init          0x00000674        0x8 c:/ti/ccs910/ccs/tools/compiler/gcc-arm-none-eabi-7-2017-q4-major-win32/bin/../lib/gcc/arm-none-eabi/7.2.1/thumb/v7e-m/fpv4-sp/hard/crtn.o
 *(.fini*)
 .fini          0x0000067c        0x4 c:/ti/ccs910/ccs/tools/compiler/gcc-arm-none-eabi-7-2017-q4-major-win32/bin/../lib/gcc/arm-none-eabi/7.2.1/thumb/v7e-m/fpv4-sp/hard/crti.o
                0x0000067c                _fini
 .fini_array    0x00000680        0x4 c:/ti/ccs910/ccs/tools/compiler/gcc-arm-none-eabi-7-2017-q4-major-win32/bin/../lib/gcc/arm-none-eabi/7.2.1/thumb/v7e-m/fpv4-sp/hard/crtbegin.o
 .fini          0x00000684        0x8 c:/ti/ccs910/ccs/tools/compiler/gcc-arm-none-eabi-7-2017-q4-major-win32/bin/../lib/gcc/arm-none-eabi/7.2.1/thumb/v7e-m/fpv4-sp/hard/crtn.o

.glue_7         0x0000068c        0x0
 .glue_7        0x0000068c        0x0 linker stubs

.glue_7t        0x0000068c        0x0
 .glue_7t       0x0000068c        0x0 linker stubs

.vfp11_veneer   0x0000068c        0x0
 .vfp11_veneer  0x0000068c        0x0 linker stubs

.v4_bx          0x0000068c        0x0
 .v4_bx         0x0000068c        0x0 linker stubs

.iplt           0x0000068c        0x0
 .iplt          0x0000068c        0x0 c:/ti/ccs910/ccs/tools/compiler/gcc-arm-none-eabi-7-2017-q4-major-win32/bin/../lib/gcc/arm-none-eabi/7.2.1/thumb/v7e-m/fpv4-sp/hard/crtbegin.o

.rodata         0x0000068c       0x34
 *(.rodata)
 *(.rodata.*)
 .rodata.GPIO_PORT_TO_BASE
                0x0000068c       0x30 C:/ti/simplelink_msp432p4_sdk_3_20_00_06/source\ti/devices/msp432p4xx/driverlib/gcc/msp432p4xx_driverlib.a(gpio.o)
 .rodata._global_impure_ptr
                0x000006bc        0x4 C:/ti/ccs910/ccs/tools/compiler/gcc-arm-none-eabi-7-2017-q4-major-win32/arm-none-eabi/lib/thumb/v7e-m/fpv4-sp/hard\libc_nano.a(lib_a-impure.o)
                0x000006bc                _global_impure_ptr

.eh_frame       0x000006c0        0x0
 .eh_frame      0x000006c0        0x0 c:/ti/ccs910/ccs/tools/compiler/gcc-arm-none-eabi-7-2017-q4-major-win32/bin/../lib/gcc/arm-none-eabi/7.2.1/thumb/v7e-m/fpv4-sp/hard/crtbegin.o

.ARM.exidx      0x000006c0        0x8
                0x000006c0                __exidx_start = .
 *(.ARM.exidx* .gnu.linkonce.armexidx.*)
 .ARM.exidx     0x000006c0        0x8 c:/ti/ccs910/ccs/tools/compiler/gcc-arm-none-eabi-7-2017-q4-major-win32/bin/../lib/gcc/arm-none-eabi/7.2.1/../../../../arm-none-eabi/lib/thumb/v7e-m/fpv4-sp/hard/crt0.o
                0x000006c8                __exidx_end = .

.ARM.extab      0x000006c8        0x0
 *(.ARM.extab* .gnu.linkonce.armextab.*)
 .ARM.extab     0x000006c8        0x0 c:/ti/ccs910/ccs/tools/compiler/gcc-arm-none-eabi-7-2017-q4-major-win32/bin/../lib/gcc/arm-none-eabi/7.2.1/../../../../arm-none-eabi/lib/thumb/v7e-m/fpv4-sp/hard/crt0.o
                0x000006c8                __etext = .

.rel.dyn        0x000006c8        0x0
 .rel.iplt      0x000006c8        0x0 c:/ti/ccs910/ccs/tools/compiler/gcc-arm-none-eabi-7-2017-q4-major-win32/bin/../lib/gcc/arm-none-eabi/7.2.1/thumb/v7e-m/fpv4-sp/hard/crtbegin.o

.data           0x20000000       0x6c load address 0x000006c8
                0x000006c8                __data_load__ = LOADADDR (.data)
                0x20000000                __data_start__ = .
 *(.data)
 .data          0x20000000        0x0 c:/ti/ccs910/ccs/tools/compiler/gcc-arm-none-eabi-7-2017-q4-major-win32/bin/../lib/gcc/arm-none-eabi/7.2.1/thumb/v7e-m/fpv4-sp/hard/crti.o
 .data          0x20000000        0x4 c:/ti/ccs910/ccs/tools/compiler/gcc-arm-none-eabi-7-2017-q4-major-win32/bin/../lib/gcc/arm-none-eabi/7.2.1/thumb/v7e-m/fpv4-sp/hard/crtbegin.o
                0x20000000                __dso_handle
 .data          0x20000004        0x0 c:/ti/ccs910/ccs/tools/compiler/gcc-arm-none-eabi-7-2017-q4-major-win32/bin/../lib/gcc/arm-none-eabi/7.2.1/../../../../arm-none-eabi/lib/thumb/v7e-m/fpv4-sp/hard/crt0.o
 .data          0x20000004        0x0 ./Controller.o
 .data          0x20000004        0x0 ./Demo.o
 .data          0x20000004        0x0 ./LED.o
 .data          0x20000004        0x0 ./Main.o
 .data          0x20000004        0x0 ./system_msp432p401r.o
 .data          0x20000004        0x0 ./gcc/startup_msp432p401r_gcc.o
 .data          0x20000004        0x0 C:/ti/simplelink_msp432p4_sdk_3_20_00_06/source\ti/devices/msp432p4xx/driverlib/gcc/msp432p4xx_driverlib.a(gpio.o)
 .data          0x20000004        0x0 C:/ti/simplelink_msp432p4_sdk_3_20_00_06/source\ti/devices/msp432p4xx/driverlib/gcc/msp432p4xx_driverlib.a(interrupt.o)
 .data          0x20000004        0x0 C:/ti/simplelink_msp432p4_sdk_3_20_00_06/source\ti/devices/msp432p4xx/driverlib/gcc/msp432p4xx_driverlib.a(wdt_a.o)
 .data          0x20000004        0x0 C:/ti/simplelink_msp432p4_sdk_3_20_00_06/source\ti/devices/msp432p4xx/driverlib/gcc/msp432p4xx_driverlib.a(cpu.o)
 .data          0x20000004        0x0 C:/ti/simplelink_msp432p4_sdk_3_20_00_06/source\ti/devices/msp432p4xx/driverlib/gcc/msp432p4xx_driverlib.a(sysctl_a.o)
 .data          0x20000004        0x0 C:/ti/ccs910/ccs/tools/compiler/gcc-arm-none-eabi-7-2017-q4-major-win32/arm-none-eabi/lib/thumb/v7e-m/fpv4-sp/hard\libc_nano.a(lib_a-calloc.o)
 .data          0x20000004        0x0 C:/ti/ccs910/ccs/tools/compiler/gcc-arm-none-eabi-7-2017-q4-major-win32/arm-none-eabi/lib/thumb/v7e-m/fpv4-sp/hard\libc_nano.a(lib_a-exit.o)
 .data          0x20000004        0x0 C:/ti/ccs910/ccs/tools/compiler/gcc-arm-none-eabi-7-2017-q4-major-win32/arm-none-eabi/lib/thumb/v7e-m/fpv4-sp/hard\libc_nano.a(lib_a-impure.o)
 .data          0x20000004        0x0 C:/ti/ccs910/ccs/tools/compiler/gcc-arm-none-eabi-7-2017-q4-major-win32/arm-none-eabi/lib/thumb/v7e-m/fpv4-sp/hard\libc_nano.a(lib_a-init.o)
 .data          0x20000004        0x0 C:/ti/ccs910/ccs/tools/compiler/gcc-arm-none-eabi-7-2017-q4-major-win32/arm-none-eabi/lib/thumb/v7e-m/fpv4-sp/hard\libc_nano.a(lib_a-malloc.o)
 .data          0x20000004        0x0 C:/ti/ccs910/ccs/tools/compiler/gcc-arm-none-eabi-7-2017-q4-major-win32/arm-none-eabi/lib/thumb/v7e-m/fpv4-sp/hard\libc_nano.a(lib_a-memset.o)
 .data          0x20000004        0x0 C:/ti/ccs910/ccs/tools/compiler/gcc-arm-none-eabi-7-2017-q4-major-win32/arm-none-eabi/lib/thumb/v7e-m/fpv4-sp/hard\libc_nano.a(lib_a-nano-callocr.o)
 .data          0x20000004        0x0 C:/ti/ccs910/ccs/tools/compiler/gcc-arm-none-eabi-7-2017-q4-major-win32/arm-none-eabi/lib/thumb/v7e-m/fpv4-sp/hard\libc_nano.a(lib_a-nano-freer.o)
 .data          0x20000004        0x0 C:/ti/ccs910/ccs/tools/compiler/gcc-arm-none-eabi-7-2017-q4-major-win32/arm-none-eabi/lib/thumb/v7e-m/fpv4-sp/hard\libc_nano.a(lib_a-nano-mallocr.o)
 .data          0x20000004        0x0 C:/ti/ccs910/ccs/tools/compiler/gcc-arm-none-eabi-7-2017-q4-major-win32/arm-none-eabi/lib/thumb/v7e-m/fpv4-sp/hard\libc_nano.a(lib_a-sbrkr.o)
 .data          0x20000004        0x0 C:/ti/ccs910/ccs/tools/compiler/gcc-arm-none-eabi-7-2017-q4-major-win32/arm-none-eabi/lib/thumb/v7e-m/fpv4-sp/hard\libc_nano.a(lib_a-mlock.o)
 .data          0x20000004        0x0 C:/ti/ccs910/ccs/tools/compiler/gcc-arm-none-eabi-7-2017-q4-major-win32/arm-none-eabi/lib/thumb/v7e-m/fpv4-sp/hard\libc_nano.a(lib_a-reent.o)
 .data          0x20000004        0x0 C:/ti/ccs910/ccs/tools/compiler/gcc-arm-none-eabi-7-2017-q4-major-win32/arm-none-eabi/lib/thumb/v7e-m/fpv4-sp/hard\libnosys.a(sbrk.o)
 .data          0x20000004        0x0 C:/ti/ccs910/ccs/tools/compiler/gcc-arm-none-eabi-7-2017-q4-major-win32/arm-none-eabi/lib/thumb/v7e-m/fpv4-sp/hard\libnosys.a(_exit.o)
 .data          0x20000004        0x0 c:/ti/ccs910/ccs/tools/compiler/gcc-arm-none-eabi-7-2017-q4-major-win32/bin/../lib/gcc/arm-none-eabi/7.2.1/thumb/v7e-m/fpv4-sp/hard/crtend.o
 .data          0x20000004        0x0 c:/ti/ccs910/ccs/tools/compiler/gcc-arm-none-eabi-7-2017-q4-major-win32/bin/../lib/gcc/arm-none-eabi/7.2.1/thumb/v7e-m/fpv4-sp/hard/crtn.o
 *(.data*)
 .data.SystemCoreClock
                0x20000004        0x4 ./system_msp432p401r.o
                0x20000004                SystemCoreClock
 .data._impure_ptr
                0x20000008        0x4 C:/ti/ccs910/ccs/tools/compiler/gcc-arm-none-eabi-7-2017-q4-major-win32/arm-none-eabi/lib/thumb/v7e-m/fpv4-sp/hard\libc_nano.a(lib_a-impure.o)
                0x20000008                _impure_ptr
 .data.impure_data
                0x2000000c       0x60 C:/ti/ccs910/ccs/tools/compiler/gcc-arm-none-eabi-7-2017-q4-major-win32/arm-none-eabi/lib/thumb/v7e-m/fpv4-sp/hard\libc_nano.a(lib_a-impure.o)
                0x2000006c                . = ALIGN (0x4)
                0x2000006c                __data_end__ = .

.igot.plt       0x2000006c        0x0 load address 0x00000734
 .igot.plt      0x2000006c        0x0 c:/ti/ccs910/ccs/tools/compiler/gcc-arm-none-eabi-7-2017-q4-major-win32/bin/../lib/gcc/arm-none-eabi/7.2.1/thumb/v7e-m/fpv4-sp/hard/crtbegin.o

.bss            0x2000006c       0x30
                0x2000006c                __bss_start__ = .
 *(.shbss)
 *(.bss)
 .bss           0x2000006c        0x0 c:/ti/ccs910/ccs/tools/compiler/gcc-arm-none-eabi-7-2017-q4-major-win32/bin/../lib/gcc/arm-none-eabi/7.2.1/thumb/v7e-m/fpv4-sp/hard/crti.o
 .bss           0x2000006c       0x1c c:/ti/ccs910/ccs/tools/compiler/gcc-arm-none-eabi-7-2017-q4-major-win32/bin/../lib/gcc/arm-none-eabi/7.2.1/thumb/v7e-m/fpv4-sp/hard/crtbegin.o
 .bss           0x20000088        0x0 c:/ti/ccs910/ccs/tools/compiler/gcc-arm-none-eabi-7-2017-q4-major-win32/bin/../lib/gcc/arm-none-eabi/7.2.1/../../../../arm-none-eabi/lib/thumb/v7e-m/fpv4-sp/hard/crt0.o
 .bss           0x20000088        0x0 ./Controller.o
 .bss           0x20000088        0x0 ./Demo.o
 .bss           0x20000088        0x0 ./LED.o
 .bss           0x20000088        0x0 ./Main.o
 .bss           0x20000088        0x0 ./system_msp432p401r.o
 .bss           0x20000088        0x0 ./gcc/startup_msp432p401r_gcc.o
 .bss           0x20000088        0x0 C:/ti/simplelink_msp432p4_sdk_3_20_00_06/source\ti/devices/msp432p4xx/driverlib/gcc/msp432p4xx_driverlib.a(gpio.o)
 .bss           0x20000088        0x0 C:/ti/simplelink_msp432p4_sdk_3_20_00_06/source\ti/devices/msp432p4xx/driverlib/gcc/msp432p4xx_driverlib.a(interrupt.o)
 .bss           0x20000088        0x0 C:/ti/simplelink_msp432p4_sdk_3_20_00_06/source\ti/devices/msp432p4xx/driverlib/gcc/msp432p4xx_driverlib.a(wdt_a.o)
 .bss           0x20000088        0x0 C:/ti/simplelink_msp432p4_sdk_3_20_00_06/source\ti/devices/msp432p4xx/driverlib/gcc/msp432p4xx_driverlib.a(cpu.o)
 .bss           0x20000088        0x0 C:/ti/simplelink_msp432p4_sdk_3_20_00_06/source\ti/devices/msp432p4xx/driverlib/gcc/msp432p4xx_driverlib.a(sysctl_a.o)
 .bss           0x20000088        0x0 C:/ti/ccs910/ccs/tools/compiler/gcc-arm-none-eabi-7-2017-q4-major-win32/arm-none-eabi/lib/thumb/v7e-m/fpv4-sp/hard\libc_nano.a(lib_a-calloc.o)
 .bss           0x20000088        0x0 C:/ti/ccs910/ccs/tools/compiler/gcc-arm-none-eabi-7-2017-q4-major-win32/arm-none-eabi/lib/thumb/v7e-m/fpv4-sp/hard\libc_nano.a(lib_a-exit.o)
 .bss           0x20000088        0x0 C:/ti/ccs910/ccs/tools/compiler/gcc-arm-none-eabi-7-2017-q4-major-win32/arm-none-eabi/lib/thumb/v7e-m/fpv4-sp/hard\libc_nano.a(lib_a-impure.o)
 .bss           0x20000088        0x0 C:/ti/ccs910/ccs/tools/compiler/gcc-arm-none-eabi-7-2017-q4-major-win32/arm-none-eabi/lib/thumb/v7e-m/fpv4-sp/hard\libc_nano.a(lib_a-init.o)
 .bss           0x20000088        0x0 C:/ti/ccs910/ccs/tools/compiler/gcc-arm-none-eabi-7-2017-q4-major-win32/arm-none-eabi/lib/thumb/v7e-m/fpv4-sp/hard\libc_nano.a(lib_a-malloc.o)
 .bss           0x20000088        0x0 C:/ti/ccs910/ccs/tools/compiler/gcc-arm-none-eabi-7-2017-q4-major-win32/arm-none-eabi/lib/thumb/v7e-m/fpv4-sp/hard\libc_nano.a(lib_a-memset.o)
 .bss           0x20000088        0x0 C:/ti/ccs910/ccs/tools/compiler/gcc-arm-none-eabi-7-2017-q4-major-win32/arm-none-eabi/lib/thumb/v7e-m/fpv4-sp/hard\libc_nano.a(lib_a-nano-callocr.o)
 .bss           0x20000088        0x0 C:/ti/ccs910/ccs/tools/compiler/gcc-arm-none-eabi-7-2017-q4-major-win32/arm-none-eabi/lib/thumb/v7e-m/fpv4-sp/hard\libc_nano.a(lib_a-nano-freer.o)
 .bss           0x20000088        0x0 C:/ti/ccs910/ccs/tools/compiler/gcc-arm-none-eabi-7-2017-q4-major-win32/arm-none-eabi/lib/thumb/v7e-m/fpv4-sp/hard\libc_nano.a(lib_a-nano-mallocr.o)
 .bss           0x20000088        0x0 C:/ti/ccs910/ccs/tools/compiler/gcc-arm-none-eabi-7-2017-q4-major-win32/arm-none-eabi/lib/thumb/v7e-m/fpv4-sp/hard\libc_nano.a(lib_a-sbrkr.o)
 .bss           0x20000088        0x0 C:/ti/ccs910/ccs/tools/compiler/gcc-arm-none-eabi-7-2017-q4-major-win32/arm-none-eabi/lib/thumb/v7e-m/fpv4-sp/hard\libc_nano.a(lib_a-mlock.o)
 .bss           0x20000088        0x0 C:/ti/ccs910/ccs/tools/compiler/gcc-arm-none-eabi-7-2017-q4-major-win32/arm-none-eabi/lib/thumb/v7e-m/fpv4-sp/hard\libc_nano.a(lib_a-reent.o)
 .bss           0x20000088        0x0 C:/ti/ccs910/ccs/tools/compiler/gcc-arm-none-eabi-7-2017-q4-major-win32/arm-none-eabi/lib/thumb/v7e-m/fpv4-sp/hard\libnosys.a(sbrk.o)
 .bss           0x20000088        0x0 C:/ti/ccs910/ccs/tools/compiler/gcc-arm-none-eabi-7-2017-q4-major-win32/arm-none-eabi/lib/thumb/v7e-m/fpv4-sp/hard\libnosys.a(_exit.o)
 .bss           0x20000088        0x0 c:/ti/ccs910/ccs/tools/compiler/gcc-arm-none-eabi-7-2017-q4-major-win32/bin/../lib/gcc/arm-none-eabi/7.2.1/thumb/v7e-m/fpv4-sp/hard/crtend.o
 .bss           0x20000088        0x0 c:/ti/ccs910/ccs/tools/compiler/gcc-arm-none-eabi-7-2017-q4-major-win32/bin/../lib/gcc/arm-none-eabi/7.2.1/thumb/v7e-m/fpv4-sp/hard/crtn.o
 *(.bss.*)
 .bss.controller.8740
                0x20000088        0x4 ./Controller.o
 .bss.__malloc_free_list
                0x2000008c        0x4 C:/ti/ccs910/ccs/tools/compiler/gcc-arm-none-eabi-7-2017-q4-major-win32/arm-none-eabi/lib/thumb/v7e-m/fpv4-sp/hard\libc_nano.a(lib_a-nano-mallocr.o)
                0x2000008c                __malloc_free_list
 .bss.__malloc_sbrk_start
                0x20000090        0x4 C:/ti/ccs910/ccs/tools/compiler/gcc-arm-none-eabi-7-2017-q4-major-win32/arm-none-eabi/lib/thumb/v7e-m/fpv4-sp/hard\libc_nano.a(lib_a-nano-mallocr.o)
                0x20000090                __malloc_sbrk_start
 .bss.heap_end.5377
                0x20000094        0x4 C:/ti/ccs910/ccs/tools/compiler/gcc-arm-none-eabi-7-2017-q4-major-win32/arm-none-eabi/lib/thumb/v7e-m/fpv4-sp/hard\libnosys.a(sbrk.o)
 *(COMMON)
 COMMON         0x20000098        0x4 C:/ti/ccs910/ccs/tools/compiler/gcc-arm-none-eabi-7-2017-q4-major-win32/arm-none-eabi/lib/thumb/v7e-m/fpv4-sp/hard\libc_nano.a(lib_a-reent.o)
                0x20000098                errno
                0x2000009c                . = ALIGN (0x4)
                0x2000009c                __bss_end__ = .

.heap           0x2000009c        0x0
                0x2000009c                __heap_start__ = .
                0x2000009c                end = __heap_start__
                0x2000009c                _end = end
                0x2000009c                __end = end
 *(.heap)
                0x2000009c                __heap_end__ = .
                0x2000009c                __HeapLimit = __heap_end__

.stack          0x200000a0        0x0
                0x200000a0                _stack = .
 *(.stack)
                0x20010000                __StackTop = (ORIGIN (REGION_STACK) + LENGTH (REGION_STACK))
                0x20010000                PROVIDE (__stack, __StackTop)
LOAD C:/ti/simplelink_msp432p4_sdk_3_20_00_06/source\ti/display/lib/display.am4fg
LOAD C:/ti/simplelink_msp432p4_sdk_3_20_00_06/source\ti/grlib/lib/gcc/m4f/grlib.a
LOAD C:/ti/simplelink_msp432p4_sdk_3_20_00_06/source\third_party/spiffs/lib/gcc/m4f/spiffs.a
LOAD C:/ti/simplelink_msp432p4_sdk_3_20_00_06/source\ti/drivers/lib/drivers_msp432p401x.am4fg
LOAD C:/ti/simplelink_msp432p4_sdk_3_20_00_06/source\third_party/fatfs/lib/gcc/m4f/fatfs.a
LOAD C:/ti/simplelink_msp432p4_sdk_3_20_00_06/source\ti/devices/msp432p4xx/driverlib/gcc/msp432p4xx_driverlib.a
LOAD c:/ti/ccs910/ccs/tools/compiler/gcc-arm-none-eabi-7-2017-q4-major-win32/bin/../lib/gcc/arm-none-eabi/7.2.1/thumb/v7e-m/fpv4-sp/hard\libgcc.a
LOAD C:/ti/ccs910/ccs/tools/compiler/gcc-arm-none-eabi-7-2017-q4-major-win32/arm-none-eabi/lib/thumb/v7e-m/fpv4-sp/hard\libc_nano.a
LOAD C:/ti/ccs910/ccs/tools/compiler/gcc-arm-none-eabi-7-2017-q4-major-win32/arm-none-eabi/lib/thumb/v7e-m/fpv4-sp/hard\libm.a
LOAD C:/ti/ccs910/ccs/tools/compiler/gcc-arm-none-eabi-7-2017-q4-major-win32/arm-none-eabi/lib/thumb/v7e-m/fpv4-sp/hard\libnosys.a
START GROUP
LOAD c:/ti/ccs910/ccs/tools/compiler/gcc-arm-none-eabi-7-2017-q4-major-win32/bin/../lib/gcc/arm-none-eabi/7.2.1/thumb/v7e-m/fpv4-sp/hard\libgcc.a
LOAD C:/ti/ccs910/ccs/tools/compiler/gcc-arm-none-eabi-7-2017-q4-major-win32/arm-none-eabi/lib/thumb/v7e-m/fpv4-sp/hard\libg_nano.a
LOAD C:/ti/ccs910/ccs/tools/compiler/gcc-arm-none-eabi-7-2017-q4-major-win32/arm-none-eabi/lib/thumb/v7e-m/fpv4-sp/hard\libc_nano.a
END GROUP
START GROUP
LOAD c:/ti/ccs910/ccs/tools/compiler/gcc-arm-none-eabi-7-2017-q4-major-win32/bin/../lib/gcc/arm-none-eabi/7.2.1/thumb/v7e-m/fpv4-sp/hard\libgcc.a
LOAD C:/ti/ccs910/ccs/tools/compiler/gcc-arm-none-eabi-7-2017-q4-major-win32/arm-none-eabi/lib/thumb/v7e-m/fpv4-sp/hard\libc_nano.a
END GROUP
LOAD c:/ti/ccs910/ccs/tools/compiler/gcc-arm-none-eabi-7-2017-q4-major-win32/bin/../lib/gcc/arm-none-eabi/7.2.1/thumb/v7e-m/fpv4-sp/hard/crtend.o
LOAD c:/ti/ccs910/ccs/tools/compiler/gcc-arm-none-eabi-7-2017-q4-major-win32/bin/../lib/gcc/arm-none-eabi/7.2.1/thumb/v7e-m/fpv4-sp/hard/crtn.o
OUTPUT(InterfaceDemo.out elf32-littlearm)

.ARM.attributes
                0x00000000       0x30
 .ARM.attributes
                0x00000000       0x22 c:/ti/ccs910/ccs/tools/compiler/gcc-arm-none-eabi-7-2017-q4-major-win32/bin/../lib/gcc/arm-none-eabi/7.2.1/thumb/v7e-m/fpv4-sp/hard/crti.o
 .ARM.attributes
                0x00000022       0x34 c:/ti/ccs910/ccs/tools/compiler/gcc-arm-none-eabi-7-2017-q4-major-win32/bin/../lib/gcc/arm-none-eabi/7.2.1/thumb/v7e-m/fpv4-sp/hard/crtbegin.o
 .ARM.attributes
                0x00000056       0x20 c:/ti/ccs910/ccs/tools/compiler/gcc-arm-none-eabi-7-2017-q4-major-win32/bin/../lib/gcc/arm-none-eabi/7.2.1/../../../../arm-none-eabi/lib/thumb/v7e-m/fpv4-sp/hard/crt0.o
 .ARM.attributes
                0x00000076       0x39 ./Controller.o
 .ARM.attributes
                0x000000af       0x39 ./Demo.o
 .ARM.attributes
                0x000000e8       0x39 ./LED.o
 .ARM.attributes
                0x00000121       0x39 ./Main.o
 .ARM.attributes
                0x0000015a       0x39 ./system_msp432p401r.o
 .ARM.attributes
                0x00000193       0x39 ./gcc/startup_msp432p401r_gcc.o
 .ARM.attributes
                0x000001cc       0x39 C:/ti/simplelink_msp432p4_sdk_3_20_00_06/source\ti/devices/msp432p4xx/driverlib/gcc/msp432p4xx_driverlib.a(gpio.o)
 .ARM.attributes
                0x00000205       0x39 C:/ti/simplelink_msp432p4_sdk_3_20_00_06/source\ti/devices/msp432p4xx/driverlib/gcc/msp432p4xx_driverlib.a(interrupt.o)
 .ARM.attributes
                0x0000023e       0x39 C:/ti/simplelink_msp432p4_sdk_3_20_00_06/source\ti/devices/msp432p4xx/driverlib/gcc/msp432p4xx_driverlib.a(wdt_a.o)
 .ARM.attributes
                0x00000277       0x39 C:/ti/simplelink_msp432p4_sdk_3_20_00_06/source\ti/devices/msp432p4xx/driverlib/gcc/msp432p4xx_driverlib.a(cpu.o)
 .ARM.attributes
                0x000002b0       0x39 C:/ti/simplelink_msp432p4_sdk_3_20_00_06/source\ti/devices/msp432p4xx/driverlib/gcc/msp432p4xx_driverlib.a(sysctl_a.o)
 .ARM.attributes
                0x000002e9       0x34 C:/ti/ccs910/ccs/tools/compiler/gcc-arm-none-eabi-7-2017-q4-major-win32/arm-none-eabi/lib/thumb/v7e-m/fpv4-sp/hard\libc_nano.a(lib_a-calloc.o)
 .ARM.attributes
                0x0000031d       0x34 C:/ti/ccs910/ccs/tools/compiler/gcc-arm-none-eabi-7-2017-q4-major-win32/arm-none-eabi/lib/thumb/v7e-m/fpv4-sp/hard\libc_nano.a(lib_a-exit.o)
 .ARM.attributes
                0x00000351       0x34 C:/ti/ccs910/ccs/tools/compiler/gcc-arm-none-eabi-7-2017-q4-major-win32/arm-none-eabi/lib/thumb/v7e-m/fpv4-sp/hard\libc_nano.a(lib_a-impure.o)
 .ARM.attributes
                0x00000385       0x34 C:/ti/ccs910/ccs/tools/compiler/gcc-arm-none-eabi-7-2017-q4-major-win32/arm-none-eabi/lib/thumb/v7e-m/fpv4-sp/hard\libc_nano.a(lib_a-init.o)
 .ARM.attributes
                0x000003b9       0x34 C:/ti/ccs910/ccs/tools/compiler/gcc-arm-none-eabi-7-2017-q4-major-win32/arm-none-eabi/lib/thumb/v7e-m/fpv4-sp/hard\libc_nano.a(lib_a-malloc.o)
 .ARM.attributes
                0x000003ed       0x34 C:/ti/ccs910/ccs/tools/compiler/gcc-arm-none-eabi-7-2017-q4-major-win32/arm-none-eabi/lib/thumb/v7e-m/fpv4-sp/hard\libc_nano.a(lib_a-memset.o)
 .ARM.attributes
                0x00000421       0x34 C:/ti/ccs910/ccs/tools/compiler/gcc-arm-none-eabi-7-2017-q4-major-win32/arm-none-eabi/lib/thumb/v7e-m/fpv4-sp/hard\libc_nano.a(lib_a-nano-callocr.o)
 .ARM.attributes
                0x00000455       0x34 C:/ti/ccs910/ccs/tools/compiler/gcc-arm-none-eabi-7-2017-q4-major-win32/arm-none-eabi/lib/thumb/v7e-m/fpv4-sp/hard\libc_nano.a(lib_a-nano-freer.o)
 .ARM.attributes
                0x00000489       0x34 C:/ti/ccs910/ccs/tools/compiler/gcc-arm-none-eabi-7-2017-q4-major-win32/arm-none-eabi/lib/thumb/v7e-m/fpv4-sp/hard\libc_nano.a(lib_a-nano-mallocr.o)
 .ARM.attributes
                0x000004bd       0x34 C:/ti/ccs910/ccs/tools/compiler/gcc-arm-none-eabi-7-2017-q4-major-win32/arm-none-eabi/lib/thumb/v7e-m/fpv4-sp/hard\libc_nano.a(lib_a-sbrkr.o)
 .ARM.attributes
                0x000004f1       0x34 C:/ti/ccs910/ccs/tools/compiler/gcc-arm-none-eabi-7-2017-q4-major-win32/arm-none-eabi/lib/thumb/v7e-m/fpv4-sp/hard\libc_nano.a(lib_a-mlock.o)
 .ARM.attributes
                0x00000525       0x34 C:/ti/ccs910/ccs/tools/compiler/gcc-arm-none-eabi-7-2017-q4-major-win32/arm-none-eabi/lib/thumb/v7e-m/fpv4-sp/hard\libc_nano.a(lib_a-reent.o)
 .ARM.attributes
                0x00000559       0x34 C:/ti/ccs910/ccs/tools/compiler/gcc-arm-none-eabi-7-2017-q4-major-win32/arm-none-eabi/lib/thumb/v7e-m/fpv4-sp/hard\libnosys.a(sbrk.o)
 .ARM.attributes
                0x0000058d       0x34 C:/ti/ccs910/ccs/tools/compiler/gcc-arm-none-eabi-7-2017-q4-major-win32/arm-none-eabi/lib/thumb/v7e-m/fpv4-sp/hard\libnosys.a(_exit.o)
 .ARM.attributes
                0x000005c1       0x34 c:/ti/ccs910/ccs/tools/compiler/gcc-arm-none-eabi-7-2017-q4-major-win32/bin/../lib/gcc/arm-none-eabi/7.2.1/thumb/v7e-m/fpv4-sp/hard/crtend.o
 .ARM.attributes
                0x000005f5       0x22 c:/ti/ccs910/ccs/tools/compiler/gcc-arm-none-eabi-7-2017-q4-major-win32/bin/../lib/gcc/arm-none-eabi/7.2.1/thumb/v7e-m/fpv4-sp/hard/crtn.o

.comment        0x00000000       0x7e
 .comment       0x00000000       0x7e ./Controller.o
                                 0x7f (size before relaxing)
 .comment       0x0000007e       0x7f ./Demo.o
 .comment       0x0000007e       0x7f ./LED.o
 .comment       0x0000007e       0x7f ./Main.o
 .comment       0x0000007e       0x7f ./system_msp432p401r.o
 .comment       0x0000007e       0x7f ./gcc/startup_msp432p401r_gcc.o
 .comment       0x0000007e       0x7f C:/ti/simplelink_msp432p4_sdk_3_20_00_06/source\ti/devices/msp432p4xx/driverlib/gcc/msp432p4xx_driverlib.a(gpio.o)
 .comment       0x0000007e       0x7f C:/ti/simplelink_msp432p4_sdk_3_20_00_06/source\ti/devices/msp432p4xx/driverlib/gcc/msp432p4xx_driverlib.a(interrupt.o)
 .comment       0x0000007e       0x7f C:/ti/simplelink_msp432p4_sdk_3_20_00_06/source\ti/devices/msp432p4xx/driverlib/gcc/msp432p4xx_driverlib.a(wdt_a.o)
 .comment       0x0000007e       0x7f C:/ti/simplelink_msp432p4_sdk_3_20_00_06/source\ti/devices/msp432p4xx/driverlib/gcc/msp432p4xx_driverlib.a(cpu.o)
 .comment       0x0000007e       0x7f C:/ti/simplelink_msp432p4_sdk_3_20_00_06/source\ti/devices/msp432p4xx/driverlib/gcc/msp432p4xx_driverlib.a(sysctl_a.o)

.debug_info     0x00000000     0x48eb
 .debug_info    0x00000000      0x9b4 ./Controller.o
 .debug_info    0x000009b4      0x115 ./Demo.o
 .debug_info    0x00000ac9      0xb7f ./LED.o
 .debug_info    0x00001648      0x927 ./Main.o
 .debug_info    0x00001f6f      0xd71 ./system_msp432p401r.o
 .debug_info    0x00002ce0      0x144 ./gcc/startup_msp432p401r_gcc.o
 .debug_info    0x00002e24      0xa5a C:/ti/simplelink_msp432p4_sdk_3_20_00_06/source\ti/devices/msp432p4xx/driverlib/gcc/msp432p4xx_driverlib.a(gpio.o)
 .debug_info    0x0000387e      0x678 C:/ti/simplelink_msp432p4_sdk_3_20_00_06/source\ti/devices/msp432p4xx/driverlib/gcc/msp432p4xx_driverlib.a(interrupt.o)
 .debug_info    0x00003ef6      0x280 C:/ti/simplelink_msp432p4_sdk_3_20_00_06/source\ti/devices/msp432p4xx/driverlib/gcc/msp432p4xx_driverlib.a(wdt_a.o)
 .debug_info    0x00004176      0x185 C:/ti/simplelink_msp432p4_sdk_3_20_00_06/source\ti/devices/msp432p4xx/driverlib/gcc/msp432p4xx_driverlib.a(cpu.o)
 .debug_info    0x000042fb      0x5f0 C:/ti/simplelink_msp432p4_sdk_3_20_00_06/source\ti/devices/msp432p4xx/driverlib/gcc/msp432p4xx_driverlib.a(sysctl_a.o)

.debug_abbrev   0x00000000      0xeb6
 .debug_abbrev  0x00000000      0x1bb ./Controller.o
 .debug_abbrev  0x000001bb       0xa5 ./Demo.o
 .debug_abbrev  0x00000260      0x202 ./LED.o
 .debug_abbrev  0x00000462      0x1a0 ./Main.o
 .debug_abbrev  0x00000602      0x115 ./system_msp432p401r.o
 .debug_abbrev  0x00000717       0xbd ./gcc/startup_msp432p401r_gcc.o
 .debug_abbrev  0x000007d4      0x1a9 C:/ti/simplelink_msp432p4_sdk_3_20_00_06/source\ti/devices/msp432p4xx/driverlib/gcc/msp432p4xx_driverlib.a(gpio.o)
 .debug_abbrev  0x0000097d      0x1b3 C:/ti/simplelink_msp432p4_sdk_3_20_00_06/source\ti/devices/msp432p4xx/driverlib/gcc/msp432p4xx_driverlib.a(interrupt.o)
 .debug_abbrev  0x00000b30      0x119 C:/ti/simplelink_msp432p4_sdk_3_20_00_06/source\ti/devices/msp432p4xx/driverlib/gcc/msp432p4xx_driverlib.a(wdt_a.o)
 .debug_abbrev  0x00000c49      0x102 C:/ti/simplelink_msp432p4_sdk_3_20_00_06/source\ti/devices/msp432p4xx/driverlib/gcc/msp432p4xx_driverlib.a(cpu.o)
 .debug_abbrev  0x00000d4b      0x16b C:/ti/simplelink_msp432p4_sdk_3_20_00_06/source\ti/devices/msp432p4xx/driverlib/gcc/msp432p4xx_driverlib.a(sysctl_a.o)

.debug_loc      0x00000000      0x418
 .debug_loc     0x00000000       0x1e ./Controller.o
 .debug_loc     0x0000001e       0x39 ./Demo.o
 .debug_loc     0x00000057      0x1d5 ./LED.o
 .debug_loc     0x0000022c      0x1c6 ./system_msp432p401r.o
 .debug_loc     0x000003f2       0x26 ./gcc/startup_msp432p401r_gcc.o

.debug_aranges  0x00000000      0x3d8
 .debug_aranges
                0x00000000       0x28 ./Controller.o
 .debug_aranges
                0x00000028       0x20 ./Demo.o
 .debug_aranges
                0x00000048       0x48 ./LED.o
 .debug_aranges
                0x00000090       0x30 ./Main.o
 .debug_aranges
                0x000000c0       0x28 ./system_msp432p401r.o
 .debug_aranges
                0x000000e8       0x28 ./gcc/startup_msp432p401r_gcc.o
 .debug_aranges
                0x00000110       0xb8 C:/ti/simplelink_msp432p4_sdk_3_20_00_06/source\ti/devices/msp432p4xx/driverlib/gcc/msp432p4xx_driverlib.a(gpio.o)
 .debug_aranges
                0x000001c8       0xb8 C:/ti/simplelink_msp432p4_sdk_3_20_00_06/source\ti/devices/msp432p4xx/driverlib/gcc/msp432p4xx_driverlib.a(interrupt.o)
 .debug_aranges
                0x00000280       0x60 C:/ti/simplelink_msp432p4_sdk_3_20_00_06/source\ti/devices/msp432p4xx/driverlib/gcc/msp432p4xx_driverlib.a(wdt_a.o)
 .debug_aranges
                0x000002e0       0x48 C:/ti/simplelink_msp432p4_sdk_3_20_00_06/source\ti/devices/msp432p4xx/driverlib/gcc/msp432p4xx_driverlib.a(cpu.o)
 .debug_aranges
                0x00000328       0xb0 C:/ti/simplelink_msp432p4_sdk_3_20_00_06/source\ti/devices/msp432p4xx/driverlib/gcc/msp432p4xx_driverlib.a(sysctl_a.o)

.debug_ranges   0x00000000      0x340
 .debug_ranges  0x00000000       0x18 ./Controller.o
 .debug_ranges  0x00000018       0x28 ./Demo.o
 .debug_ranges  0x00000040       0x38 ./LED.o
 .debug_ranges  0x00000078       0x20 ./Main.o
 .debug_ranges  0x00000098       0x18 ./system_msp432p401r.o
 .debug_ranges  0x000000b0       0x18 ./gcc/startup_msp432p401r_gcc.o
 .debug_ranges  0x000000c8       0xa8 C:/ti/simplelink_msp432p4_sdk_3_20_00_06/source\ti/devices/msp432p4xx/driverlib/gcc/msp432p4xx_driverlib.a(gpio.o)
 .debug_ranges  0x00000170       0xa8 C:/ti/simplelink_msp432p4_sdk_3_20_00_06/source\ti/devices/msp432p4xx/driverlib/gcc/msp432p4xx_driverlib.a(interrupt.o)
 .debug_ranges  0x00000218       0x50 C:/ti/simplelink_msp432p4_sdk_3_20_00_06/source\ti/devices/msp432p4xx/driverlib/gcc/msp432p4xx_driverlib.a(wdt_a.o)
 .debug_ranges  0x00000268       0x38 C:/ti/simplelink_msp432p4_sdk_3_20_00_06/source\ti/devices/msp432p4xx/driverlib/gcc/msp432p4xx_driverlib.a(cpu.o)
 .debug_ranges  0x000002a0       0xa0 C:/ti/simplelink_msp432p4_sdk_3_20_00_06/source\ti/devices/msp432p4xx/driverlib/gcc/msp432p4xx_driverlib.a(sysctl_a.o)

.debug_line     0x00000000     0x1e73
 .debug_line    0x00000000      0x342 ./Controller.o
 .debug_line    0x00000342      0x1f1 ./Demo.o
 .debug_line    0x00000533      0x3a6 ./LED.o
 .debug_line    0x000008d9      0x299 ./Main.o
 .debug_line    0x00000b72      0x26f ./system_msp432p401r.o
 .debug_line    0x00000de1      0x153 ./gcc/startup_msp432p401r_gcc.o
 .debug_line    0x00000f34      0x383 C:/ti/simplelink_msp432p4_sdk_3_20_00_06/source\ti/devices/msp432p4xx/driverlib/gcc/msp432p4xx_driverlib.a(gpio.o)
 .debug_line    0x000012b7      0x394 C:/ti/simplelink_msp432p4_sdk_3_20_00_06/source\ti/devices/msp432p4xx/driverlib/gcc/msp432p4xx_driverlib.a(interrupt.o)
 .debug_line    0x0000164b      0x279 C:/ti/simplelink_msp432p4_sdk_3_20_00_06/source\ti/devices/msp432p4xx/driverlib/gcc/msp432p4xx_driverlib.a(wdt_a.o)
 .debug_line    0x000018c4      0x1e3 C:/ti/simplelink_msp432p4_sdk_3_20_00_06/source\ti/devices/msp432p4xx/driverlib/gcc/msp432p4xx_driverlib.a(cpu.o)
 .debug_line    0x00001aa7      0x3cc C:/ti/simplelink_msp432p4_sdk_3_20_00_06/source\ti/devices/msp432p4xx/driverlib/gcc/msp432p4xx_driverlib.a(sysctl_a.o)

.debug_str      0x00000000     0x1ef2
 .debug_str     0x00000000      0x600 ./Controller.o
                                0x68d (size before relaxing)
 .debug_str     0x00000600       0x23 ./Demo.o
                                0x200 (size before relaxing)
 .debug_str     0x00000623       0x9d ./LED.o
                                0x6f8 (size before relaxing)
 .debug_str     0x000006c0       0x24 ./Main.o
                                0x639 (size before relaxing)
 .debug_str     0x000006e4      0x8bd ./system_msp432p401r.o
                                0xae4 (size before relaxing)
 .debug_str     0x00000fa1       0x9e ./gcc/startup_msp432p401r_gcc.o
                                0x24c (size before relaxing)
 .debug_str     0x0000103f      0x4bc C:/ti/simplelink_msp432p4_sdk_3_20_00_06/source\ti/devices/msp432p4xx/driverlib/gcc/msp432p4xx_driverlib.a(gpio.o)
                                0x63e (size before relaxing)
 .debug_str     0x000014fb      0x376 C:/ti/simplelink_msp432p4_sdk_3_20_00_06/source\ti/devices/msp432p4xx/driverlib/gcc/msp432p4xx_driverlib.a(interrupt.o)
                                0x58b (size before relaxing)
 .debug_str     0x00001871      0x18a C:/ti/simplelink_msp432p4_sdk_3_20_00_06/source\ti/devices/msp432p4xx/driverlib/gcc/msp432p4xx_driverlib.a(wdt_a.o)
                                0x377 (size before relaxing)
 .debug_str     0x000019fb       0xdc C:/ti/simplelink_msp432p4_sdk_3_20_00_06/source\ti/devices/msp432p4xx/driverlib/gcc/msp432p4xx_driverlib.a(cpu.o)
                                0x276 (size before relaxing)
 .debug_str     0x00001ad7      0x41b C:/ti/simplelink_msp432p4_sdk_3_20_00_06/source\ti/devices/msp432p4xx/driverlib/gcc/msp432p4xx_driverlib.a(sysctl_a.o)
                                0x6a3 (size before relaxing)

.debug_frame    0x00000000      0xecc
 .debug_frame   0x00000000       0x40 ./Controller.o
 .debug_frame   0x00000040       0x2c ./Demo.o
 .debug_frame   0x0000006c       0xb8 ./LED.o
 .debug_frame   0x00000124       0x58 ./Main.o
 .debug_frame   0x0000017c       0x30 ./system_msp432p401r.o
 .debug_frame   0x000001ac       0x38 ./gcc/startup_msp432p401r_gcc.o
 .debug_frame   0x000001e4      0x324 C:/ti/simplelink_msp432p4_sdk_3_20_00_06/source\ti/devices/msp432p4xx/driverlib/gcc/msp432p4xx_driverlib.a(gpio.o)
 .debug_frame   0x00000508      0x2e0 C:/ti/simplelink_msp432p4_sdk_3_20_00_06/source\ti/devices/msp432p4xx/driverlib/gcc/msp432p4xx_driverlib.a(interrupt.o)
 .debug_frame   0x000007e8      0x160 C:/ti/simplelink_msp432p4_sdk_3_20_00_06/source\ti/devices/msp432p4xx/driverlib/gcc/msp432p4xx_driverlib.a(wdt_a.o)
 .debug_frame   0x00000948       0x70 C:/ti/simplelink_msp432p4_sdk_3_20_00_06/source\ti/devices/msp432p4xx/driverlib/gcc/msp432p4xx_driverlib.a(cpu.o)
 .debug_frame   0x000009b8      0x2c8 C:/ti/simplelink_msp432p4_sdk_3_20_00_06/source\ti/devices/msp432p4xx/driverlib/gcc/msp432p4xx_driverlib.a(sysctl_a.o)
 .debug_frame   0x00000c80       0x20 C:/ti/ccs910/ccs/tools/compiler/gcc-arm-none-eabi-7-2017-q4-major-win32/arm-none-eabi/lib/thumb/v7e-m/fpv4-sp/hard\libc_nano.a(lib_a-calloc.o)
 .debug_frame   0x00000ca0       0x28 C:/ti/ccs910/ccs/tools/compiler/gcc-arm-none-eabi-7-2017-q4-major-win32/arm-none-eabi/lib/thumb/v7e-m/fpv4-sp/hard\libc_nano.a(lib_a-exit.o)
 .debug_frame   0x00000cc8       0x2c C:/ti/ccs910/ccs/tools/compiler/gcc-arm-none-eabi-7-2017-q4-major-win32/arm-none-eabi/lib/thumb/v7e-m/fpv4-sp/hard\libc_nano.a(lib_a-init.o)
 .debug_frame   0x00000cf4       0x30 C:/ti/ccs910/ccs/tools/compiler/gcc-arm-none-eabi-7-2017-q4-major-win32/arm-none-eabi/lib/thumb/v7e-m/fpv4-sp/hard\libc_nano.a(lib_a-malloc.o)
 .debug_frame   0x00000d24       0x20 C:/ti/ccs910/ccs/tools/compiler/gcc-arm-none-eabi-7-2017-q4-major-win32/arm-none-eabi/lib/thumb/v7e-m/fpv4-sp/hard\libc_nano.a(lib_a-memset.o)
 .debug_frame   0x00000d44       0x2c C:/ti/ccs910/ccs/tools/compiler/gcc-arm-none-eabi-7-2017-q4-major-win32/arm-none-eabi/lib/thumb/v7e-m/fpv4-sp/hard\libc_nano.a(lib_a-nano-callocr.o)
 .debug_frame   0x00000d70       0x38 C:/ti/ccs910/ccs/tools/compiler/gcc-arm-none-eabi-7-2017-q4-major-win32/arm-none-eabi/lib/thumb/v7e-m/fpv4-sp/hard\libc_nano.a(lib_a-nano-freer.o)
 .debug_frame   0x00000da8       0x2c C:/ti/ccs910/ccs/tools/compiler/gcc-arm-none-eabi-7-2017-q4-major-win32/arm-none-eabi/lib/thumb/v7e-m/fpv4-sp/hard\libc_nano.a(lib_a-nano-mallocr.o)
 .debug_frame   0x00000dd4       0x2c C:/ti/ccs910/ccs/tools/compiler/gcc-arm-none-eabi-7-2017-q4-major-win32/arm-none-eabi/lib/thumb/v7e-m/fpv4-sp/hard\libc_nano.a(lib_a-sbrkr.o)
 .debug_frame   0x00000e00       0x30 C:/ti/ccs910/ccs/tools/compiler/gcc-arm-none-eabi-7-2017-q4-major-win32/arm-none-eabi/lib/thumb/v7e-m/fpv4-sp/hard\libc_nano.a(lib_a-mlock.o)
 .debug_frame   0x00000e30       0x5c C:/ti/ccs910/ccs/tools/compiler/gcc-arm-none-eabi-7-2017-q4-major-win32/arm-none-eabi/lib/thumb/v7e-m/fpv4-sp/hard\libc_nano.a(lib_a-reent.o)
 .debug_frame   0x00000e8c       0x20 C:/ti/ccs910/ccs/tools/compiler/gcc-arm-none-eabi-7-2017-q4-major-win32/arm-none-eabi/lib/thumb/v7e-m/fpv4-sp/hard\libnosys.a(sbrk.o)
 .debug_frame   0x00000eac       0x20 C:/ti/ccs910/ccs/tools/compiler/gcc-arm-none-eabi-7-2017-q4-major-win32/arm-none-eabi/lib/thumb/v7e-m/fpv4-sp/hard\libnosys.a(_exit.o)
