Archive member included to satisfy reference by file (symbol)

C:/ti/simplelink_msp432p4_sdk_3_20_00_06/source\ti/devices/msp432p4xx/driverlib/gcc/msp432p4xx_driverlib.a(gpio.o)
                              ./LED.o (GPIO_setAsOutputPin)
C:/ti/simplelink_msp432p4_sdk_3_20_00_06/source\ti/devices/msp432p4xx/driverlib/gcc/msp432p4xx_driverlib.a(interrupt.o)
                              C:/ti/simplelink_msp432p4_sdk_3_20_00_06/source\ti/devices/msp432p4xx/driverlib/gcc/msp432p4xx_driverlib.a(gpio.o) (Interrupt_registerInterrupt)
C:/ti/simplelink_msp432p4_sdk_3_20_00_06/source\ti/devices/msp432p4xx/driverlib/gcc/msp432p4xx_driverlib.a(timer32.o)
                              ./Timer.o (Timer32_initModule)
C:/ti/simplelink_msp432p4_sdk_3_20_00_06/source\ti/devices/msp432p4xx/driverlib/gcc/msp432p4xx_driverlib.a(wdt_a.o)
                              ./Main.o (WDT_A_holdTimer)
C:/ti/simplelink_msp432p4_sdk_3_20_00_06/source\ti/devices/msp432p4xx/driverlib/gcc/msp432p4xx_driverlib.a(cpu.o)
                              C:/ti/simplelink_msp432p4_sdk_3_20_00_06/source\ti/devices/msp432p4xx/driverlib/gcc/msp432p4xx_driverlib.a(interrupt.o) (CPU_cpsid)
C:/ti/simplelink_msp432p4_sdk_3_20_00_06/source\ti/devices/msp432p4xx/driverlib/gcc/msp432p4xx_driverlib.a(sysctl_a.o)
                              C:/ti/simplelink_msp432p4_sdk_3_20_00_06/source\ti/devices/msp432p4xx/driverlib/gcc/msp432p4xx_driverlib.a(wdt_a.o) (SysCtl_A_setWDTTimeoutResetType)
c:/ti/ccs910/ccs/tools/compiler/gcc-arm-none-eabi-7-2017-q4-major-win32/bin/../lib/gcc/arm-none-eabi/7.2.1/thumb/v7e-m/fpv4-sp/hard\libgcc.a(_aeabi_uldivmod.o)
                              ./Timer.o (__aeabi_uldivmod)
c:/ti/ccs910/ccs/tools/compiler/gcc-arm-none-eabi-7-2017-q4-major-win32/bin/../lib/gcc/arm-none-eabi/7.2.1/thumb/v7e-m/fpv4-sp/hard\libgcc.a(_udivmoddi4.o)
                              c:/ti/ccs910/ccs/tools/compiler/gcc-arm-none-eabi-7-2017-q4-major-win32/bin/../lib/gcc/arm-none-eabi/7.2.1/thumb/v7e-m/fpv4-sp/hard\libgcc.a(_aeabi_uldivmod.o) (__udivmoddi4)
c:/ti/ccs910/ccs/tools/compiler/gcc-arm-none-eabi-7-2017-q4-major-win32/bin/../lib/gcc/arm-none-eabi/7.2.1/thumb/v7e-m/fpv4-sp/hard\libgcc.a(_dvmd_tls.o)
                              c:/ti/ccs910/ccs/tools/compiler/gcc-arm-none-eabi-7-2017-q4-major-win32/bin/../lib/gcc/arm-none-eabi/7.2.1/thumb/v7e-m/fpv4-sp/hard\libgcc.a(_aeabi_uldivmod.o) (__aeabi_ldiv0)
C:/ti/ccs910/ccs/tools/compiler/gcc-arm-none-eabi-7-2017-q4-major-win32/arm-none-eabi/lib/thumb/v7e-m/fpv4-sp/hard\libc_nano.a(lib_a-calloc.o)
                              ./Button.o (calloc)
C:/ti/ccs910/ccs/tools/compiler/gcc-arm-none-eabi-7-2017-q4-major-win32/arm-none-eabi/lib/thumb/v7e-m/fpv4-sp/hard\libc_nano.a(lib_a-exit.o)
                              c:/ti/ccs910/ccs/tools/compiler/gcc-arm-none-eabi-7-2017-q4-major-win32/bin/../lib/gcc/arm-none-eabi/7.2.1/../../../../arm-none-eabi/lib/thumb/v7e-m/fpv4-sp/hard/crt0.o (exit)
C:/ti/ccs910/ccs/tools/compiler/gcc-arm-none-eabi-7-2017-q4-major-win32/arm-none-eabi/lib/thumb/v7e-m/fpv4-sp/hard\libc_nano.a(lib_a-impure.o)
                              C:/ti/ccs910/ccs/tools/compiler/gcc-arm-none-eabi-7-2017-q4-major-win32/arm-none-eabi/lib/thumb/v7e-m/fpv4-sp/hard\libc_nano.a(lib_a-exit.o) (_global_impure_ptr)
C:/ti/ccs910/ccs/tools/compiler/gcc-arm-none-eabi-7-2017-q4-major-win32/arm-none-eabi/lib/thumb/v7e-m/fpv4-sp/hard\libc_nano.a(lib_a-init.o)
                              c:/ti/ccs910/ccs/tools/compiler/gcc-arm-none-eabi-7-2017-q4-major-win32/bin/../lib/gcc/arm-none-eabi/7.2.1/../../../../arm-none-eabi/lib/thumb/v7e-m/fpv4-sp/hard/crt0.o (__libc_init_array)
C:/ti/ccs910/ccs/tools/compiler/gcc-arm-none-eabi-7-2017-q4-major-win32/arm-none-eabi/lib/thumb/v7e-m/fpv4-sp/hard\libc_nano.a(lib_a-malloc.o)
                              ./Controller.o (malloc)
C:/ti/ccs910/ccs/tools/compiler/gcc-arm-none-eabi-7-2017-q4-major-win32/arm-none-eabi/lib/thumb/v7e-m/fpv4-sp/hard\libc_nano.a(lib_a-memset.o)
                              c:/ti/ccs910/ccs/tools/compiler/gcc-arm-none-eabi-7-2017-q4-major-win32/bin/../lib/gcc/arm-none-eabi/7.2.1/../../../../arm-none-eabi/lib/thumb/v7e-m/fpv4-sp/hard/crt0.o (memset)
C:/ti/ccs910/ccs/tools/compiler/gcc-arm-none-eabi-7-2017-q4-major-win32/arm-none-eabi/lib/thumb/v7e-m/fpv4-sp/hard\libc_nano.a(lib_a-nano-callocr.o)
                              C:/ti/ccs910/ccs/tools/compiler/gcc-arm-none-eabi-7-2017-q4-major-win32/arm-none-eabi/lib/thumb/v7e-m/fpv4-sp/hard\libc_nano.a(lib_a-calloc.o) (_calloc_r)
C:/ti/ccs910/ccs/tools/compiler/gcc-arm-none-eabi-7-2017-q4-major-win32/arm-none-eabi/lib/thumb/v7e-m/fpv4-sp/hard\libc_nano.a(lib_a-nano-freer.o)
                              C:/ti/ccs910/ccs/tools/compiler/gcc-arm-none-eabi-7-2017-q4-major-win32/arm-none-eabi/lib/thumb/v7e-m/fpv4-sp/hard\libc_nano.a(lib_a-malloc.o) (_free_r)
C:/ti/ccs910/ccs/tools/compiler/gcc-arm-none-eabi-7-2017-q4-major-win32/arm-none-eabi/lib/thumb/v7e-m/fpv4-sp/hard\libc_nano.a(lib_a-nano-mallocr.o)
                              C:/ti/ccs910/ccs/tools/compiler/gcc-arm-none-eabi-7-2017-q4-major-win32/arm-none-eabi/lib/thumb/v7e-m/fpv4-sp/hard\libc_nano.a(lib_a-malloc.o) (_malloc_r)
C:/ti/ccs910/ccs/tools/compiler/gcc-arm-none-eabi-7-2017-q4-major-win32/arm-none-eabi/lib/thumb/v7e-m/fpv4-sp/hard\libc_nano.a(lib_a-sbrkr.o)
                              C:/ti/ccs910/ccs/tools/compiler/gcc-arm-none-eabi-7-2017-q4-major-win32/arm-none-eabi/lib/thumb/v7e-m/fpv4-sp/hard\libc_nano.a(lib_a-nano-mallocr.o) (_sbrk_r)
C:/ti/ccs910/ccs/tools/compiler/gcc-arm-none-eabi-7-2017-q4-major-win32/arm-none-eabi/lib/thumb/v7e-m/fpv4-sp/hard\libc_nano.a(lib_a-mlock.o)
                              C:/ti/ccs910/ccs/tools/compiler/gcc-arm-none-eabi-7-2017-q4-major-win32/arm-none-eabi/lib/thumb/v7e-m/fpv4-sp/hard\libc_nano.a(lib_a-nano-freer.o) (__malloc_lock)
C:/ti/ccs910/ccs/tools/compiler/gcc-arm-none-eabi-7-2017-q4-major-win32/arm-none-eabi/lib/thumb/v7e-m/fpv4-sp/hard\libc_nano.a(lib_a-reent.o)
                              C:/ti/ccs910/ccs/tools/compiler/gcc-arm-none-eabi-7-2017-q4-major-win32/arm-none-eabi/lib/thumb/v7e-m/fpv4-sp/hard\libc_nano.a(lib_a-sbrkr.o) (errno)
C:/ti/ccs910/ccs/tools/compiler/gcc-arm-none-eabi-7-2017-q4-major-win32/arm-none-eabi/lib/thumb/v7e-m/fpv4-sp/hard\libnosys.a(sbrk.o)
                              C:/ti/ccs910/ccs/tools/compiler/gcc-arm-none-eabi-7-2017-q4-major-win32/arm-none-eabi/lib/thumb/v7e-m/fpv4-sp/hard\libc_nano.a(lib_a-sbrkr.o) (_sbrk)
C:/ti/ccs910/ccs/tools/compiler/gcc-arm-none-eabi-7-2017-q4-major-win32/arm-none-eabi/lib/thumb/v7e-m/fpv4-sp/hard\libnosys.a(_exit.o)
                              C:/ti/ccs910/ccs/tools/compiler/gcc-arm-none-eabi-7-2017-q4-major-win32/arm-none-eabi/lib/thumb/v7e-m/fpv4-sp/hard\libc_nano.a(lib_a-exit.o) (_exit)

Allocating common symbols
Common symbol       size              file

errno               0x4               C:/ti/ccs910/ccs/tools/compiler/gcc-arm-none-eabi-7-2017-q4-major-win32/arm-none-eabi/lib/thumb/v7e-m/fpv4-sp/hard\libc_nano.a(lib_a-reent.o)

Discarded input sections

 .text.Buttons_getRawState
                0x00000000       0x18 ./Button.o
 .text.Buttons_isDown
                0x00000000        0xe ./Button.o
 .text.Demo_showLEDs
                0x00000000       0x40 ./Demo.o
 .text.LEDs_toggle
                0x00000000       0x26 ./LED.o
 .text.LEDs_getStatus
                0x00000000       0x16 ./LED.o
 .text.LEDs_turnOffAll
                0x00000000       0x24 ./LED.o
 .text.SystemCoreClockUpdate
                0x00000000      0x21c ./system_msp432p401r.o
 .rodata.GPIO_PORT_TO_INT
                0x00000000       0x1c C:/ti/simplelink_msp432p4_sdk_3_20_00_06/source\ti/devices/msp432p4xx/driverlib/gcc/msp432p4xx_driverlib.a(gpio.o)
 .text.GPIO_setAsPeripheralModuleFunctionOutputPin
                0x00000000       0xe0 C:/ti/simplelink_msp432p4_sdk_3_20_00_06/source\ti/devices/msp432p4xx/driverlib/gcc/msp432p4xx_driverlib.a(gpio.o)
 .text.GPIO_setAsPeripheralModuleFunctionInputPin
                0x00000000       0xe4 C:/ti/simplelink_msp432p4_sdk_3_20_00_06/source\ti/devices/msp432p4xx/driverlib/gcc/msp432p4xx_driverlib.a(gpio.o)
 .text.GPIO_toggleOutputOnPin
                0x00000000       0x3c C:/ti/simplelink_msp432p4_sdk_3_20_00_06/source\ti/devices/msp432p4xx/driverlib/gcc/msp432p4xx_driverlib.a(gpio.o)
 .text.GPIO_setAsInputPinWithPullDownResistor
                0x00000000       0xa4 C:/ti/simplelink_msp432p4_sdk_3_20_00_06/source\ti/devices/msp432p4xx/driverlib/gcc/msp432p4xx_driverlib.a(gpio.o)
 .text.GPIO_getInputPinValue
                0x00000000       0x40 C:/ti/simplelink_msp432p4_sdk_3_20_00_06/source\ti/devices/msp432p4xx/driverlib/gcc/msp432p4xx_driverlib.a(gpio.o)
 .text.GPIO_enableInterrupt
                0x00000000       0x3c C:/ti/simplelink_msp432p4_sdk_3_20_00_06/source\ti/devices/msp432p4xx/driverlib/gcc/msp432p4xx_driverlib.a(gpio.o)
 .text.GPIO_disableInterrupt
                0x00000000       0x40 C:/ti/simplelink_msp432p4_sdk_3_20_00_06/source\ti/devices/msp432p4xx/driverlib/gcc/msp432p4xx_driverlib.a(gpio.o)
 .text.GPIO_getInterruptStatus
                0x00000000       0x34 C:/ti/simplelink_msp432p4_sdk_3_20_00_06/source\ti/devices/msp432p4xx/driverlib/gcc/msp432p4xx_driverlib.a(gpio.o)
 .text.GPIO_clearInterruptFlag
                0x00000000       0x40 C:/ti/simplelink_msp432p4_sdk_3_20_00_06/source\ti/devices/msp432p4xx/driverlib/gcc/msp432p4xx_driverlib.a(gpio.o)
 .text.GPIO_interruptEdgeSelect
                0x00000000       0x60 C:/ti/simplelink_msp432p4_sdk_3_20_00_06/source\ti/devices/msp432p4xx/driverlib/gcc/msp432p4xx_driverlib.a(gpio.o)
 .text.GPIO_getEnabledInterruptStatus
                0x00000000       0x98 C:/ti/simplelink_msp432p4_sdk_3_20_00_06/source\ti/devices/msp432p4xx/driverlib/gcc/msp432p4xx_driverlib.a(gpio.o)
 .text.GPIO_setDriveStrengthHigh
                0x00000000       0x3c C:/ti/simplelink_msp432p4_sdk_3_20_00_06/source\ti/devices/msp432p4xx/driverlib/gcc/msp432p4xx_driverlib.a(gpio.o)
 .text.GPIO_setDriveStrengthLow
                0x00000000       0x40 C:/ti/simplelink_msp432p4_sdk_3_20_00_06/source\ti/devices/msp432p4xx/driverlib/gcc/msp432p4xx_driverlib.a(gpio.o)
 .text.GPIO_registerInterrupt
                0x00000000       0x30 C:/ti/simplelink_msp432p4_sdk_3_20_00_06/source\ti/devices/msp432p4xx/driverlib/gcc/msp432p4xx_driverlib.a(gpio.o)
 .text.GPIO_unregisterInterrupt
                0x00000000       0x2c C:/ti/simplelink_msp432p4_sdk_3_20_00_06/source\ti/devices/msp432p4xx/driverlib/gcc/msp432p4xx_driverlib.a(gpio.o)
 .rodata.g_pulPriority
                0x00000000       0x20 C:/ti/simplelink_msp432p4_sdk_3_20_00_06/source\ti/devices/msp432p4xx/driverlib/gcc/msp432p4xx_driverlib.a(interrupt.o)
 .rodata.g_pulRegs
                0x00000000       0x50 C:/ti/simplelink_msp432p4_sdk_3_20_00_06/source\ti/devices/msp432p4xx/driverlib/gcc/msp432p4xx_driverlib.a(interrupt.o)
 .rodata.g_pulDisRegs
                0x00000000        0x8 C:/ti/simplelink_msp432p4_sdk_3_20_00_06/source\ti/devices/msp432p4xx/driverlib/gcc/msp432p4xx_driverlib.a(interrupt.o)
 .rodata.g_pulPendRegs
                0x00000000        0x8 C:/ti/simplelink_msp432p4_sdk_3_20_00_06/source\ti/devices/msp432p4xx/driverlib/gcc/msp432p4xx_driverlib.a(interrupt.o)
 .rodata.g_pulUnpendRegs
                0x00000000        0x8 C:/ti/simplelink_msp432p4_sdk_3_20_00_06/source\ti/devices/msp432p4xx/driverlib/gcc/msp432p4xx_driverlib.a(interrupt.o)
 .text.IntDefaultHandler
                0x00000000        0x6 C:/ti/simplelink_msp432p4_sdk_3_20_00_06/source\ti/devices/msp432p4xx/driverlib/gcc/msp432p4xx_driverlib.a(interrupt.o)
 .text.Interrupt_enableMaster
                0x00000000       0x18 C:/ti/simplelink_msp432p4_sdk_3_20_00_06/source\ti/devices/msp432p4xx/driverlib/gcc/msp432p4xx_driverlib.a(interrupt.o)
 .text.Interrupt_disableMaster
                0x00000000       0x18 C:/ti/simplelink_msp432p4_sdk_3_20_00_06/source\ti/devices/msp432p4xx/driverlib/gcc/msp432p4xx_driverlib.a(interrupt.o)
 .text.Interrupt_unregisterInterrupt
                0x00000000       0x28 C:/ti/simplelink_msp432p4_sdk_3_20_00_06/source\ti/devices/msp432p4xx/driverlib/gcc/msp432p4xx_driverlib.a(interrupt.o)
 .text.Interrupt_setPriorityGrouping
                0x00000000       0x30 C:/ti/simplelink_msp432p4_sdk_3_20_00_06/source\ti/devices/msp432p4xx/driverlib/gcc/msp432p4xx_driverlib.a(interrupt.o)
 .text.Interrupt_getPriorityGrouping
                0x00000000       0x4c C:/ti/simplelink_msp432p4_sdk_3_20_00_06/source\ti/devices/msp432p4xx/driverlib/gcc/msp432p4xx_driverlib.a(interrupt.o)
 .text.Interrupt_setPriority
                0x00000000       0x68 C:/ti/simplelink_msp432p4_sdk_3_20_00_06/source\ti/devices/msp432p4xx/driverlib/gcc/msp432p4xx_driverlib.a(interrupt.o)
 .text.Interrupt_getPriority
                0x00000000       0x34 C:/ti/simplelink_msp432p4_sdk_3_20_00_06/source\ti/devices/msp432p4xx/driverlib/gcc/msp432p4xx_driverlib.a(interrupt.o)
 .text.Interrupt_disableInterrupt
                0x00000000       0x94 C:/ti/simplelink_msp432p4_sdk_3_20_00_06/source\ti/devices/msp432p4xx/driverlib/gcc/msp432p4xx_driverlib.a(interrupt.o)
 .text.Interrupt_isEnabled
                0x00000000       0xa0 C:/ti/simplelink_msp432p4_sdk_3_20_00_06/source\ti/devices/msp432p4xx/driverlib/gcc/msp432p4xx_driverlib.a(interrupt.o)
 .text.Interrupt_pendInterrupt
                0x00000000       0x7c C:/ti/simplelink_msp432p4_sdk_3_20_00_06/source\ti/devices/msp432p4xx/driverlib/gcc/msp432p4xx_driverlib.a(interrupt.o)
 .text.Interrupt_unpendInterrupt
                0x00000000       0x68 C:/ti/simplelink_msp432p4_sdk_3_20_00_06/source\ti/devices/msp432p4xx/driverlib/gcc/msp432p4xx_driverlib.a(interrupt.o)
 .text.Interrupt_setPriorityMask
                0x00000000       0x1a C:/ti/simplelink_msp432p4_sdk_3_20_00_06/source\ti/devices/msp432p4xx/driverlib/gcc/msp432p4xx_driverlib.a(interrupt.o)
 .text.Interrupt_getPriorityMask
                0x00000000       0x10 C:/ti/simplelink_msp432p4_sdk_3_20_00_06/source\ti/devices/msp432p4xx/driverlib/gcc/msp432p4xx_driverlib.a(interrupt.o)
 .text.Interrupt_setVectorTableAddress
                0x00000000       0x20 C:/ti/simplelink_msp432p4_sdk_3_20_00_06/source\ti/devices/msp432p4xx/driverlib/gcc/msp432p4xx_driverlib.a(interrupt.o)
 .text.Interrupt_getVectorTableAddress
                0x00000000       0x18 C:/ti/simplelink_msp432p4_sdk_3_20_00_06/source\ti/devices/msp432p4xx/driverlib/gcc/msp432p4xx_driverlib.a(interrupt.o)
 .text.Interrupt_enableSleepOnIsrExit
                0x00000000       0x20 C:/ti/simplelink_msp432p4_sdk_3_20_00_06/source\ti/devices/msp432p4xx/driverlib/gcc/msp432p4xx_driverlib.a(interrupt.o)
 .text.Interrupt_disableSleepOnIsrExit
                0x00000000       0x20 C:/ti/simplelink_msp432p4_sdk_3_20_00_06/source\ti/devices/msp432p4xx/driverlib/gcc/msp432p4xx_driverlib.a(interrupt.o)
 .text.Timer32_setCountInBackground
                0x00000000       0x42 C:/ti/simplelink_msp432p4_sdk_3_20_00_06/source\ti/devices/msp432p4xx/driverlib/gcc/msp432p4xx_driverlib.a(timer32.o)
 .text.Timer32_haltTimer
                0x00000000       0x20 C:/ti/simplelink_msp432p4_sdk_3_20_00_06/source\ti/devices/msp432p4xx/driverlib/gcc/msp432p4xx_driverlib.a(timer32.o)
 .text.Timer32_disableInterrupt
                0x00000000       0x20 C:/ti/simplelink_msp432p4_sdk_3_20_00_06/source\ti/devices/msp432p4xx/driverlib/gcc/msp432p4xx_driverlib.a(timer32.o)
 .text.Timer32_getInterruptStatus
                0x00000000       0x18 C:/ti/simplelink_msp432p4_sdk_3_20_00_06/source\ti/devices/msp432p4xx/driverlib/gcc/msp432p4xx_driverlib.a(timer32.o)
 .text.Timer32_unregisterInterrupt
                0x00000000       0x1c C:/ti/simplelink_msp432p4_sdk_3_20_00_06/source\ti/devices/msp432p4xx/driverlib/gcc/msp432p4xx_driverlib.a(timer32.o)
 .text.WDT_A_startTimer
                0x00000000       0x34 C:/ti/simplelink_msp432p4_sdk_3_20_00_06/source\ti/devices/msp432p4xx/driverlib/gcc/msp432p4xx_driverlib.a(wdt_a.o)
 .text.WDT_A_clearTimer
                0x00000000       0x34 C:/ti/simplelink_msp432p4_sdk_3_20_00_06/source\ti/devices/msp432p4xx/driverlib/gcc/msp432p4xx_driverlib.a(wdt_a.o)
 .text.WDT_A_initWatchdogTimer
                0x00000000       0x34 C:/ti/simplelink_msp432p4_sdk_3_20_00_06/source\ti/devices/msp432p4xx/driverlib/gcc/msp432p4xx_driverlib.a(wdt_a.o)
 .text.WDT_A_initIntervalTimer
                0x00000000       0x34 C:/ti/simplelink_msp432p4_sdk_3_20_00_06/source\ti/devices/msp432p4xx/driverlib/gcc/msp432p4xx_driverlib.a(wdt_a.o)
 .text.WDT_A_setPasswordViolationReset
                0x00000000       0x16 C:/ti/simplelink_msp432p4_sdk_3_20_00_06/source\ti/devices/msp432p4xx/driverlib/gcc/msp432p4xx_driverlib.a(wdt_a.o)
 .text.WDT_A_setTimeoutReset
                0x00000000       0x16 C:/ti/simplelink_msp432p4_sdk_3_20_00_06/source\ti/devices/msp432p4xx/driverlib/gcc/msp432p4xx_driverlib.a(wdt_a.o)
 .text.WDT_A_registerInterrupt
                0x00000000       0x1e C:/ti/simplelink_msp432p4_sdk_3_20_00_06/source\ti/devices/msp432p4xx/driverlib/gcc/msp432p4xx_driverlib.a(wdt_a.o)
 .text.WDT_A_unregisterInterrupt
                0x00000000       0x14 C:/ti/simplelink_msp432p4_sdk_3_20_00_06/source\ti/devices/msp432p4xx/driverlib/gcc/msp432p4xx_driverlib.a(wdt_a.o)
 .text.CPU_cpsid
                0x00000000        0xe C:/ti/simplelink_msp432p4_sdk_3_20_00_06/source\ti/devices/msp432p4xx/driverlib/gcc/msp432p4xx_driverlib.a(cpu.o)
 .text.CPU_primask
                0x00000000        0xc C:/ti/simplelink_msp432p4_sdk_3_20_00_06/source\ti/devices/msp432p4xx/driverlib/gcc/msp432p4xx_driverlib.a(cpu.o)
 .text.CPU_cpsie
                0x00000000        0xe C:/ti/simplelink_msp432p4_sdk_3_20_00_06/source\ti/devices/msp432p4xx/driverlib/gcc/msp432p4xx_driverlib.a(cpu.o)
 .text.CPU_wfi  0x00000000        0x6 C:/ti/simplelink_msp432p4_sdk_3_20_00_06/source\ti/devices/msp432p4xx/driverlib/gcc/msp432p4xx_driverlib.a(cpu.o)
 .text.CPU_basepriSet
                0x00000000        0x8 C:/ti/simplelink_msp432p4_sdk_3_20_00_06/source\ti/devices/msp432p4xx/driverlib/gcc/msp432p4xx_driverlib.a(cpu.o)
 .text.CPU_basepriGet
                0x00000000        0xc C:/ti/simplelink_msp432p4_sdk_3_20_00_06/source\ti/devices/msp432p4xx/driverlib/gcc/msp432p4xx_driverlib.a(cpu.o)
 .text.SysCtl_A_getTLVInfo
                0x00000000       0xa8 C:/ti/simplelink_msp432p4_sdk_3_20_00_06/source\ti/devices/msp432p4xx/driverlib/gcc/msp432p4xx_driverlib.a(sysctl_a.o)
 .text.SysCtl_A_getSRAMSize
                0x00000000       0x18 C:/ti/simplelink_msp432p4_sdk_3_20_00_06/source\ti/devices/msp432p4xx/driverlib/gcc/msp432p4xx_driverlib.a(sysctl_a.o)
 .text.SysCtl_A_getFlashSize
                0x00000000       0x18 C:/ti/simplelink_msp432p4_sdk_3_20_00_06/source\ti/devices/msp432p4xx/driverlib/gcc/msp432p4xx_driverlib.a(sysctl_a.o)
 .text.SysCtl_A_getInfoFlashSize
                0x00000000       0x18 C:/ti/simplelink_msp432p4_sdk_3_20_00_06/source\ti/devices/msp432p4xx/driverlib/gcc/msp432p4xx_driverlib.a(sysctl_a.o)
 .text.SysCtl_A_disableNMISource
                0x00000000       0x28 C:/ti/simplelink_msp432p4_sdk_3_20_00_06/source\ti/devices/msp432p4xx/driverlib/gcc/msp432p4xx_driverlib.a(sysctl_a.o)
 .text.SysCtl_A_enableNMISource
                0x00000000       0x24 C:/ti/simplelink_msp432p4_sdk_3_20_00_06/source\ti/devices/msp432p4xx/driverlib/gcc/msp432p4xx_driverlib.a(sysctl_a.o)
 .text.SysCtl_A_getNMISourceStatus
                0x00000000       0x1c C:/ti/simplelink_msp432p4_sdk_3_20_00_06/source\ti/devices/msp432p4xx/driverlib/gcc/msp432p4xx_driverlib.a(sysctl_a.o)
 .text.SysCtl_A_rebootDevice
                0x00000000       0x1c C:/ti/simplelink_msp432p4_sdk_3_20_00_06/source\ti/devices/msp432p4xx/driverlib/gcc/msp432p4xx_driverlib.a(sysctl_a.o)
 .text.SysCtl_A_enablePeripheralAtCPUHalt
                0x00000000       0x28 C:/ti/simplelink_msp432p4_sdk_3_20_00_06/source\ti/devices/msp432p4xx/driverlib/gcc/msp432p4xx_driverlib.a(sysctl_a.o)
 .text.SysCtl_A_disablePeripheralAtCPUHalt
                0x00000000       0x24 C:/ti/simplelink_msp432p4_sdk_3_20_00_06/source\ti/devices/msp432p4xx/driverlib/gcc/msp432p4xx_driverlib.a(sysctl_a.o)
 .text.SysCtl_A_setWDTTimeoutResetType
                0x00000000       0x38 C:/ti/simplelink_msp432p4_sdk_3_20_00_06/source\ti/devices/msp432p4xx/driverlib/gcc/msp432p4xx_driverlib.a(sysctl_a.o)
 .text.SysCtl_A_setWDTPasswordViolationResetType
                0x00000000       0x38 C:/ti/simplelink_msp432p4_sdk_3_20_00_06/source\ti/devices/msp432p4xx/driverlib/gcc/msp432p4xx_driverlib.a(sysctl_a.o)
 .text.SysCtl_A_enableGlitchFilter
                0x00000000       0x20 C:/ti/simplelink_msp432p4_sdk_3_20_00_06/source\ti/devices/msp432p4xx/driverlib/gcc/msp432p4xx_driverlib.a(sysctl_a.o)
 .text.SysCtl_A_disableGlitchFilter
                0x00000000       0x20 C:/ti/simplelink_msp432p4_sdk_3_20_00_06/source\ti/devices/msp432p4xx/driverlib/gcc/msp432p4xx_driverlib.a(sysctl_a.o)
 .text.SysCtl_A_getTempCalibrationConstant
                0x00000000       0x28 C:/ti/simplelink_msp432p4_sdk_3_20_00_06/source\ti/devices/msp432p4xx/driverlib/gcc/msp432p4xx_driverlib.a(sysctl_a.o)
 .text.SysCtl_A_enableSRAM
                0x00000000       0xb4 C:/ti/simplelink_msp432p4_sdk_3_20_00_06/source\ti/devices/msp432p4xx/driverlib/gcc/msp432p4xx_driverlib.a(sysctl_a.o)
 .text.SysCtl_A_disableSRAM
                0x00000000       0xbc C:/ti/simplelink_msp432p4_sdk_3_20_00_06/source\ti/devices/msp432p4xx/driverlib/gcc/msp432p4xx_driverlib.a(sysctl_a.o)
 .text.SysCtl_A_enableSRAMRetention
                0x00000000      0x254 C:/ti/simplelink_msp432p4_sdk_3_20_00_06/source\ti/devices/msp432p4xx/driverlib/gcc/msp432p4xx_driverlib.a(sysctl_a.o)
 .text.SysCtl_A_disableSRAMRetention
                0x00000000      0x240 C:/ti/simplelink_msp432p4_sdk_3_20_00_06/source\ti/devices/msp432p4xx/driverlib/gcc/msp432p4xx_driverlib.a(sysctl_a.o)
 .text.free     0x00000000       0x10 C:/ti/ccs910/ccs/tools/compiler/gcc-arm-none-eabi-7-2017-q4-major-win32/arm-none-eabi/lib/thumb/v7e-m/fpv4-sp/hard\libc_nano.a(lib_a-malloc.o)
 .text._free_r  0x00000000       0x9c C:/ti/ccs910/ccs/tools/compiler/gcc-arm-none-eabi-7-2017-q4-major-win32/arm-none-eabi/lib/thumb/v7e-m/fpv4-sp/hard\libc_nano.a(lib_a-nano-freer.o)
 .text.cleanup_glue
                0x00000000       0x1a C:/ti/ccs910/ccs/tools/compiler/gcc-arm-none-eabi-7-2017-q4-major-win32/arm-none-eabi/lib/thumb/v7e-m/fpv4-sp/hard\libc_nano.a(lib_a-reent.o)
 .text._reclaim_reent
                0x00000000       0xb8 C:/ti/ccs910/ccs/tools/compiler/gcc-arm-none-eabi-7-2017-q4-major-win32/arm-none-eabi/lib/thumb/v7e-m/fpv4-sp/hard\libc_nano.a(lib_a-reent.o)
 .eh_frame      0x00000000        0x4 c:/ti/ccs910/ccs/tools/compiler/gcc-arm-none-eabi-7-2017-q4-major-win32/bin/../lib/gcc/arm-none-eabi/7.2.1/thumb/v7e-m/fpv4-sp/hard/crtend.o

Memory Configuration

Name             Origin             Length             Attributes
MAIN_FLASH       0x00000000         0x00040000         xr
INFO_FLASH       0x00200000         0x00004000         xr
SRAM_CODE        0x01000000         0x00010000         xrw
SRAM_DATA        0x20000000         0x00010000         rw
*default*        0x00000000         0xffffffff

Linker script and memory map

LOAD c:/ti/ccs910/ccs/tools/compiler/gcc-arm-none-eabi-7-2017-q4-major-win32/bin/../lib/gcc/arm-none-eabi/7.2.1/thumb/v7e-m/fpv4-sp/hard/crti.o
LOAD c:/ti/ccs910/ccs/tools/compiler/gcc-arm-none-eabi-7-2017-q4-major-win32/bin/../lib/gcc/arm-none-eabi/7.2.1/thumb/v7e-m/fpv4-sp/hard/crtbegin.o
LOAD c:/ti/ccs910/ccs/tools/compiler/gcc-arm-none-eabi-7-2017-q4-major-win32/bin/../lib/gcc/arm-none-eabi/7.2.1/../../../../arm-none-eabi/lib/thumb/v7e-m/fpv4-sp/hard/crt0.o
LOAD ./Button.o
LOAD ./Controller.o
LOAD ./Demo.o
LOAD ./LED.o
LOAD ./Main.o
LOAD ./Timer.o
LOAD ./system_msp432p401r.o
LOAD ./gcc/startup_msp432p401r_gcc.o
                0x00000000                PROVIDE (_intvecs_base_address, DEFINED (_intvecs_base_address)?_intvecs_base_address:0x0)

.intvecs        0x00000000       0xe4
 *(.intvecs)
 .intvecs       0x00000000       0xe4 ./gcc/startup_msp432p401r_gcc.o
                0x00000000                interruptVectors
                0x00200000                PROVIDE (_mailbox_base_address, 0x200000)

.flashMailbox
 *(.flashMailbox)
                0x00201000                PROVIDE (_tlv_base_address, 0x201000)

.tlvTable
 *(.tlvTable)
                0x00202000                PROVIDE (_bsl_base_address, 0x202000)

.bslArea
 *(.bslArea)
                0x20000000                PROVIDE (_vtable_base_address, DEFINED (_vtable_base_address)?_vtable_base_address:0x20000000)

.vtable
 *(.vtable)

.text           0x000000e4      0xe7c
 CREATE_OBJECT_SYMBOLS
 *(.text)
 .text          0x000000e4        0x0 c:/ti/ccs910/ccs/tools/compiler/gcc-arm-none-eabi-7-2017-q4-major-win32/bin/../lib/gcc/arm-none-eabi/7.2.1/thumb/v7e-m/fpv4-sp/hard/crti.o
 .text          0x000000e4       0x40 c:/ti/ccs910/ccs/tools/compiler/gcc-arm-none-eabi-7-2017-q4-major-win32/bin/../lib/gcc/arm-none-eabi/7.2.1/thumb/v7e-m/fpv4-sp/hard/crtbegin.o
 .text          0x00000124       0x74 c:/ti/ccs910/ccs/tools/compiler/gcc-arm-none-eabi-7-2017-q4-major-win32/bin/../lib/gcc/arm-none-eabi/7.2.1/../../../../arm-none-eabi/lib/thumb/v7e-m/fpv4-sp/hard/crt0.o
                0x00000124                _start
                0x00000124                _mainCRTStartup
 .text          0x00000198        0x0 ./Button.o
 .text          0x00000198        0x0 ./Controller.o
 .text          0x00000198        0x0 ./Demo.o
 .text          0x00000198        0x0 ./LED.o
 .text          0x00000198        0x0 ./Main.o
 .text          0x00000198        0x0 ./Timer.o
 .text          0x00000198        0x0 ./system_msp432p401r.o
 .text          0x00000198        0x0 ./gcc/startup_msp432p401r_gcc.o
 .text          0x00000198        0x0 C:/ti/simplelink_msp432p4_sdk_3_20_00_06/source\ti/devices/msp432p4xx/driverlib/gcc/msp432p4xx_driverlib.a(gpio.o)
 .text          0x00000198        0x0 C:/ti/simplelink_msp432p4_sdk_3_20_00_06/source\ti/devices/msp432p4xx/driverlib/gcc/msp432p4xx_driverlib.a(interrupt.o)
 .text          0x00000198        0x0 C:/ti/simplelink_msp432p4_sdk_3_20_00_06/source\ti/devices/msp432p4xx/driverlib/gcc/msp432p4xx_driverlib.a(timer32.o)
 .text          0x00000198        0x0 C:/ti/simplelink_msp432p4_sdk_3_20_00_06/source\ti/devices/msp432p4xx/driverlib/gcc/msp432p4xx_driverlib.a(wdt_a.o)
 .text          0x00000198        0x0 C:/ti/simplelink_msp432p4_sdk_3_20_00_06/source\ti/devices/msp432p4xx/driverlib/gcc/msp432p4xx_driverlib.a(cpu.o)
 .text          0x00000198        0x0 C:/ti/simplelink_msp432p4_sdk_3_20_00_06/source\ti/devices/msp432p4xx/driverlib/gcc/msp432p4xx_driverlib.a(sysctl_a.o)
 .text          0x00000198       0x30 c:/ti/ccs910/ccs/tools/compiler/gcc-arm-none-eabi-7-2017-q4-major-win32/bin/../lib/gcc/arm-none-eabi/7.2.1/thumb/v7e-m/fpv4-sp/hard\libgcc.a(_aeabi_uldivmod.o)
                0x00000198                __aeabi_uldivmod
 .text          0x000001c8      0x2cc c:/ti/ccs910/ccs/tools/compiler/gcc-arm-none-eabi-7-2017-q4-major-win32/bin/../lib/gcc/arm-none-eabi/7.2.1/thumb/v7e-m/fpv4-sp/hard\libgcc.a(_udivmoddi4.o)
                0x000001c8                __udivmoddi4
 .text          0x00000494        0x4 c:/ti/ccs910/ccs/tools/compiler/gcc-arm-none-eabi-7-2017-q4-major-win32/bin/../lib/gcc/arm-none-eabi/7.2.1/thumb/v7e-m/fpv4-sp/hard\libgcc.a(_dvmd_tls.o)
                0x00000494                __aeabi_idiv0
                0x00000494                __aeabi_ldiv0
 .text          0x00000498        0x0 C:/ti/ccs910/ccs/tools/compiler/gcc-arm-none-eabi-7-2017-q4-major-win32/arm-none-eabi/lib/thumb/v7e-m/fpv4-sp/hard\libc_nano.a(lib_a-calloc.o)
 .text          0x00000498        0x0 C:/ti/ccs910/ccs/tools/compiler/gcc-arm-none-eabi-7-2017-q4-major-win32/arm-none-eabi/lib/thumb/v7e-m/fpv4-sp/hard\libc_nano.a(lib_a-exit.o)
 .text          0x00000498        0x0 C:/ti/ccs910/ccs/tools/compiler/gcc-arm-none-eabi-7-2017-q4-major-win32/arm-none-eabi/lib/thumb/v7e-m/fpv4-sp/hard\libc_nano.a(lib_a-impure.o)
 .text          0x00000498        0x0 C:/ti/ccs910/ccs/tools/compiler/gcc-arm-none-eabi-7-2017-q4-major-win32/arm-none-eabi/lib/thumb/v7e-m/fpv4-sp/hard\libc_nano.a(lib_a-init.o)
 .text          0x00000498        0x0 C:/ti/ccs910/ccs/tools/compiler/gcc-arm-none-eabi-7-2017-q4-major-win32/arm-none-eabi/lib/thumb/v7e-m/fpv4-sp/hard\libc_nano.a(lib_a-malloc.o)
 .text          0x00000498        0x0 C:/ti/ccs910/ccs/tools/compiler/gcc-arm-none-eabi-7-2017-q4-major-win32/arm-none-eabi/lib/thumb/v7e-m/fpv4-sp/hard\libc_nano.a(lib_a-memset.o)
 .text          0x00000498        0x0 C:/ti/ccs910/ccs/tools/compiler/gcc-arm-none-eabi-7-2017-q4-major-win32/arm-none-eabi/lib/thumb/v7e-m/fpv4-sp/hard\libc_nano.a(lib_a-nano-callocr.o)
 .text          0x00000498        0x0 C:/ti/ccs910/ccs/tools/compiler/gcc-arm-none-eabi-7-2017-q4-major-win32/arm-none-eabi/lib/thumb/v7e-m/fpv4-sp/hard\libc_nano.a(lib_a-nano-freer.o)
 .text          0x00000498        0x0 C:/ti/ccs910/ccs/tools/compiler/gcc-arm-none-eabi-7-2017-q4-major-win32/arm-none-eabi/lib/thumb/v7e-m/fpv4-sp/hard\libc_nano.a(lib_a-nano-mallocr.o)
 .text          0x00000498        0x0 C:/ti/ccs910/ccs/tools/compiler/gcc-arm-none-eabi-7-2017-q4-major-win32/arm-none-eabi/lib/thumb/v7e-m/fpv4-sp/hard\libc_nano.a(lib_a-sbrkr.o)
 .text          0x00000498        0x0 C:/ti/ccs910/ccs/tools/compiler/gcc-arm-none-eabi-7-2017-q4-major-win32/arm-none-eabi/lib/thumb/v7e-m/fpv4-sp/hard\libc_nano.a(lib_a-mlock.o)
 .text          0x00000498        0x0 C:/ti/ccs910/ccs/tools/compiler/gcc-arm-none-eabi-7-2017-q4-major-win32/arm-none-eabi/lib/thumb/v7e-m/fpv4-sp/hard\libc_nano.a(lib_a-reent.o)
 .text          0x00000498        0x0 C:/ti/ccs910/ccs/tools/compiler/gcc-arm-none-eabi-7-2017-q4-major-win32/arm-none-eabi/lib/thumb/v7e-m/fpv4-sp/hard\libnosys.a(sbrk.o)
 .text          0x00000498        0x0 C:/ti/ccs910/ccs/tools/compiler/gcc-arm-none-eabi-7-2017-q4-major-win32/arm-none-eabi/lib/thumb/v7e-m/fpv4-sp/hard\libnosys.a(_exit.o)
 .text          0x00000498        0x0 c:/ti/ccs910/ccs/tools/compiler/gcc-arm-none-eabi-7-2017-q4-major-win32/bin/../lib/gcc/arm-none-eabi/7.2.1/thumb/v7e-m/fpv4-sp/hard/crtend.o
 .text          0x00000498        0x0 c:/ti/ccs910/ccs/tools/compiler/gcc-arm-none-eabi-7-2017-q4-major-win32/bin/../lib/gcc/arm-none-eabi/7.2.1/thumb/v7e-m/fpv4-sp/hard/crtn.o
 *(.text.*)
 .text.Buttons_construct
                0x00000498       0x64 ./Button.o
                0x00000498                Buttons_construct
 .text.Controller_construct
                0x000004fc       0x1a ./Controller.o
                0x000004fc                Controller_construct
 *fill*         0x00000516        0x2 
 .text.Controller_getInstance
                0x00000518       0x1c ./Controller.o
                0x00000518                Controller_getInstance
 .text.Demo_showTimerLEDs
                0x00000534       0x78 ./Demo.o
                0x00000534                Demo_showTimerLEDs
 .text.LEDs_construct
                0x000005ac       0x5a ./LED.o
                0x000005ac                LEDs_construct
 .text.LEDs_turnOn
                0x00000606       0x20 ./LED.o
                0x00000606                LEDs_turnOn
 .text.LEDs_turnOff
                0x00000626       0x20 ./LED.o
                0x00000626                LEDs_turnOff
 .text.Initialize
                0x00000646       0x10 ./Main.o
                0x00000646                Initialize
 .text.SuperLoop
                0x00000656        0x8 ./Main.o
                0x00000656                SuperLoop
 .text.main     0x0000065e        0xa ./Main.o
                0x0000065e                main
 .text.Timer32_0_InterruptHandler
                0x00000668       0x24 ./Timer.o
                0x00000668                Timer32_0_InterruptHandler
 .text.HWTimers_init
                0x0000068c       0x58 ./Timer.o
                0x0000068c                HWTimers_init
 .text.SWTimer_start
                0x000006e4       0xac ./Timer.o
                0x000006e4                SWTimer_start
 .text.SWTimer_construct
                0x00000790       0x1a ./Timer.o
                0x00000790                SWTimer_construct
 *fill*         0x000007aa        0x2 
 .text.SWTimer_expired
                0x000007ac       0x48 ./Timer.o
                0x000007ac                SWTimer_expired
 .text.SystemInit
                0x000007f4       0x9c ./system_msp432p401r.o
                0x000007f4                SystemInit
 .text.Default_Handler
                0x00000890        0x2 ./gcc/startup_msp432p401r_gcc.o
                0x00000890                CS_IRQHandler
                0x00000890                DebugMon_Handler
                0x00000890                AES256_IRQHandler
                0x00000890                HardFault_Handler
                0x00000890                SysTick_Handler
                0x00000890                PendSV_Handler
                0x00000890                NMI_Handler
                0x00000890                RTC_C_IRQHandler
                0x00000890                PORT1_IRQHandler
                0x00000890                FPU_IRQHandler
                0x00000890                PORT2_IRQHandler
                0x00000890                TA3_0_IRQHandler
                0x00000890                UsageFault_Handler
                0x00000890                DMA_INT3_IRQHandler
                0x00000890                TA2_0_IRQHandler
                0x00000890                DMA_INT1_IRQHandler
                0x00000890                WDT_A_IRQHandler
                0x00000890                TA2_N_IRQHandler
                0x00000890                TA1_0_IRQHandler
                0x00000890                PSS_IRQHandler
                0x00000890                DMA_INT2_IRQHandler
                0x00000890                EUSCIA3_IRQHandler
                0x00000890                DMA_INT0_IRQHandler
                0x00000890                PORT4_IRQHandler
                0x00000890                PORT5_IRQHandler
                0x00000890                EUSCIB0_IRQHandler
                0x00000890                Default_Handler
                0x00000890                T32_INTC_IRQHandler
                0x00000890                TA3_N_IRQHandler
                0x00000890                TA0_0_IRQHandler
                0x00000890                EUSCIA2_IRQHandler
                0x00000890                PORT6_IRQHandler
                0x00000890                PORT3_IRQHandler
                0x00000890                MemManage_Handler
                0x00000890                SVC_Handler
                0x00000890                TA1_N_IRQHandler
                0x00000890                EUSCIA1_IRQHandler
                0x00000890                COMP_E1_IRQHandler
                0x00000890                EUSCIB2_IRQHandler
                0x00000890                FLCTL_IRQHandler
                0x00000890                EUSCIB3_IRQHandler
                0x00000890                T32_INT1_IRQHandler
                0x00000890                ADC14_IRQHandler
                0x00000890                DMA_ERR_IRQHandler
                0x00000890                EUSCIA0_IRQHandler
                0x00000890                BusFault_Handler
                0x00000890                PCM_IRQHandler
                0x00000890                TA0_N_IRQHandler
                0x00000890                COMP_E0_IRQHandler
                0x00000890                EUSCIB1_IRQHandler
                0x00000890                T32_INT2_IRQHandler
 *fill*         0x00000892        0x2 
 .text.Reset_Handler
                0x00000894       0x2c ./gcc/startup_msp432p401r_gcc.o
                0x00000894                Reset_Handler
 .text.GPIO_setAsOutputPin
                0x000008c0       0x70 C:/ti/simplelink_msp432p4_sdk_3_20_00_06/source\ti/devices/msp432p4xx/driverlib/gcc/msp432p4xx_driverlib.a(gpio.o)
                0x000008c0                GPIO_setAsOutputPin
 .text.GPIO_setAsInputPin
                0x00000930       0x8c C:/ti/simplelink_msp432p4_sdk_3_20_00_06/source\ti/devices/msp432p4xx/driverlib/gcc/msp432p4xx_driverlib.a(gpio.o)
                0x00000930                GPIO_setAsInputPin
 .text.GPIO_setOutputHighOnPin
                0x000009bc       0x3c C:/ti/simplelink_msp432p4_sdk_3_20_00_06/source\ti/devices/msp432p4xx/driverlib/gcc/msp432p4xx_driverlib.a(gpio.o)
                0x000009bc                GPIO_setOutputHighOnPin
 .text.GPIO_setOutputLowOnPin
                0x000009f8       0x40 C:/ti/simplelink_msp432p4_sdk_3_20_00_06/source\ti/devices/msp432p4xx/driverlib/gcc/msp432p4xx_driverlib.a(gpio.o)
                0x000009f8                GPIO_setOutputLowOnPin
 .text.GPIO_setAsInputPinWithPullUpResistor
                0x00000a38       0xa0 C:/ti/simplelink_msp432p4_sdk_3_20_00_06/source\ti/devices/msp432p4xx/driverlib/gcc/msp432p4xx_driverlib.a(gpio.o)
                0x00000a38                GPIO_setAsInputPinWithPullUpResistor
 .text.Interrupt_registerInterrupt
                0x00000ad8       0x64 C:/ti/simplelink_msp432p4_sdk_3_20_00_06/source\ti/devices/msp432p4xx/driverlib/gcc/msp432p4xx_driverlib.a(interrupt.o)
                0x00000ad8                Interrupt_registerInterrupt
 .text.Interrupt_enableInterrupt
                0x00000b3c       0x94 C:/ti/simplelink_msp432p4_sdk_3_20_00_06/source\ti/devices/msp432p4xx/driverlib/gcc/msp432p4xx_driverlib.a(interrupt.o)
                0x00000b3c                Interrupt_enableInterrupt
 .text.Timer32_initModule
                0x00000bd0       0x86 C:/ti/simplelink_msp432p4_sdk_3_20_00_06/source\ti/devices/msp432p4xx/driverlib/gcc/msp432p4xx_driverlib.a(timer32.o)
                0x00000bd0                Timer32_initModule
 .text.Timer32_setCount
                0x00000c56       0x42 C:/ti/simplelink_msp432p4_sdk_3_20_00_06/source\ti/devices/msp432p4xx/driverlib/gcc/msp432p4xx_driverlib.a(timer32.o)
                0x00000c56                Timer32_setCount
 .text.Timer32_getValue
                0x00000c98       0x18 C:/ti/simplelink_msp432p4_sdk_3_20_00_06/source\ti/devices/msp432p4xx/driverlib/gcc/msp432p4xx_driverlib.a(timer32.o)
                0x00000c98                Timer32_getValue
 .text.Timer32_startTimer
                0x00000cb0       0x48 C:/ti/simplelink_msp432p4_sdk_3_20_00_06/source\ti/devices/msp432p4xx/driverlib/gcc/msp432p4xx_driverlib.a(timer32.o)
                0x00000cb0                Timer32_startTimer
 .text.Timer32_enableInterrupt
                0x00000cf8       0x20 C:/ti/simplelink_msp432p4_sdk_3_20_00_06/source\ti/devices/msp432p4xx/driverlib/gcc/msp432p4xx_driverlib.a(timer32.o)
                0x00000cf8                Timer32_enableInterrupt
 .text.Timer32_clearInterruptFlag
                0x00000d18       0x20 C:/ti/simplelink_msp432p4_sdk_3_20_00_06/source\ti/devices/msp432p4xx/driverlib/gcc/msp432p4xx_driverlib.a(timer32.o)
                0x00000d18                Timer32_clearInterruptFlag
 .text.Timer32_registerInterrupt
                0x00000d38       0x20 C:/ti/simplelink_msp432p4_sdk_3_20_00_06/source\ti/devices/msp432p4xx/driverlib/gcc/msp432p4xx_driverlib.a(timer32.o)
                0x00000d38                Timer32_registerInterrupt
 .text.WDT_A_holdTimer
                0x00000d58       0x34 C:/ti/simplelink_msp432p4_sdk_3_20_00_06/source\ti/devices/msp432p4xx/driverlib/gcc/msp432p4xx_driverlib.a(wdt_a.o)
                0x00000d58                WDT_A_holdTimer
 .text.calloc   0x00000d8c       0x10 C:/ti/ccs910/ccs/tools/compiler/gcc-arm-none-eabi-7-2017-q4-major-win32/arm-none-eabi/lib/thumb/v7e-m/fpv4-sp/hard\libc_nano.a(lib_a-calloc.o)
                0x00000d8c                calloc
 .text.exit     0x00000d9c       0x28 C:/ti/ccs910/ccs/tools/compiler/gcc-arm-none-eabi-7-2017-q4-major-win32/arm-none-eabi/lib/thumb/v7e-m/fpv4-sp/hard\libc_nano.a(lib_a-exit.o)
                0x00000d9c                exit
 .text.__libc_init_array
                0x00000dc4       0x48 C:/ti/ccs910/ccs/tools/compiler/gcc-arm-none-eabi-7-2017-q4-major-win32/arm-none-eabi/lib/thumb/v7e-m/fpv4-sp/hard\libc_nano.a(lib_a-init.o)
                0x00000dc4                __libc_init_array
 .text.malloc   0x00000e0c       0x10 C:/ti/ccs910/ccs/tools/compiler/gcc-arm-none-eabi-7-2017-q4-major-win32/arm-none-eabi/lib/thumb/v7e-m/fpv4-sp/hard\libc_nano.a(lib_a-malloc.o)
                0x00000e0c                malloc
 .text.memset   0x00000e1c       0x10 C:/ti/ccs910/ccs/tools/compiler/gcc-arm-none-eabi-7-2017-q4-major-win32/arm-none-eabi/lib/thumb/v7e-m/fpv4-sp/hard\libc_nano.a(lib_a-memset.o)
                0x00000e1c                memset
 .text._calloc_r
                0x00000e2c       0x1c C:/ti/ccs910/ccs/tools/compiler/gcc-arm-none-eabi-7-2017-q4-major-win32/arm-none-eabi/lib/thumb/v7e-m/fpv4-sp/hard\libc_nano.a(lib_a-nano-callocr.o)
                0x00000e2c                _calloc_r
 .text._malloc_r
                0x00000e48       0xb4 C:/ti/ccs910/ccs/tools/compiler/gcc-arm-none-eabi-7-2017-q4-major-win32/arm-none-eabi/lib/thumb/v7e-m/fpv4-sp/hard\libc_nano.a(lib_a-nano-mallocr.o)
                0x00000e48                _malloc_r
 .text._sbrk_r  0x00000efc       0x20 C:/ti/ccs910/ccs/tools/compiler/gcc-arm-none-eabi-7-2017-q4-major-win32/arm-none-eabi/lib/thumb/v7e-m/fpv4-sp/hard\libc_nano.a(lib_a-sbrkr.o)
                0x00000efc                _sbrk_r
 .text.__malloc_lock
                0x00000f1c        0x2 C:/ti/ccs910/ccs/tools/compiler/gcc-arm-none-eabi-7-2017-q4-major-win32/arm-none-eabi/lib/thumb/v7e-m/fpv4-sp/hard\libc_nano.a(lib_a-mlock.o)
                0x00000f1c                __malloc_lock
 .text.__malloc_unlock
                0x00000f1e        0x2 C:/ti/ccs910/ccs/tools/compiler/gcc-arm-none-eabi-7-2017-q4-major-win32/arm-none-eabi/lib/thumb/v7e-m/fpv4-sp/hard\libc_nano.a(lib_a-mlock.o)
                0x00000f1e                __malloc_unlock
 .text._sbrk    0x00000f20       0x1c C:/ti/ccs910/ccs/tools/compiler/gcc-arm-none-eabi-7-2017-q4-major-win32/arm-none-eabi/lib/thumb/v7e-m/fpv4-sp/hard\libnosys.a(sbrk.o)
                0x00000f20                _sbrk
 .text._exit    0x00000f3c        0x4 C:/ti/ccs910/ccs/tools/compiler/gcc-arm-none-eabi-7-2017-q4-major-win32/arm-none-eabi/lib/thumb/v7e-m/fpv4-sp/hard\libnosys.a(_exit.o)
                0x00000f3c                _exit
                0x00000f40                . = ALIGN (0x4)
 *(.ctors)
                0x00000f40                . = ALIGN (0x4)
 *(.dtors)
                0x00000f40                . = ALIGN (0x4)
                0x00000f40                __init_array_start = .
 *(.init_array*)
 .init_array    0x00000f40        0x4 c:/ti/ccs910/ccs/tools/compiler/gcc-arm-none-eabi-7-2017-q4-major-win32/bin/../lib/gcc/arm-none-eabi/7.2.1/thumb/v7e-m/fpv4-sp/hard/crtbegin.o
                0x00000f44                __init_array_end = .
 *(.init)
 .init          0x00000f44        0x4 c:/ti/ccs910/ccs/tools/compiler/gcc-arm-none-eabi-7-2017-q4-major-win32/bin/../lib/gcc/arm-none-eabi/7.2.1/thumb/v7e-m/fpv4-sp/hard/crti.o
                0x00000f44                _init
 .init          0x00000f48        0x8 c:/ti/ccs910/ccs/tools/compiler/gcc-arm-none-eabi-7-2017-q4-major-win32/bin/../lib/gcc/arm-none-eabi/7.2.1/thumb/v7e-m/fpv4-sp/hard/crtn.o
 *(.fini*)
 .fini          0x00000f50        0x4 c:/ti/ccs910/ccs/tools/compiler/gcc-arm-none-eabi-7-2017-q4-major-win32/bin/../lib/gcc/arm-none-eabi/7.2.1/thumb/v7e-m/fpv4-sp/hard/crti.o
                0x00000f50                _fini
 .fini_array    0x00000f54        0x4 c:/ti/ccs910/ccs/tools/compiler/gcc-arm-none-eabi-7-2017-q4-major-win32/bin/../lib/gcc/arm-none-eabi/7.2.1/thumb/v7e-m/fpv4-sp/hard/crtbegin.o
 .fini          0x00000f58        0x8 c:/ti/ccs910/ccs/tools/compiler/gcc-arm-none-eabi-7-2017-q4-major-win32/bin/../lib/gcc/arm-none-eabi/7.2.1/thumb/v7e-m/fpv4-sp/hard/crtn.o

.glue_7         0x00000f60        0x0
 .glue_7        0x00000f60        0x0 linker stubs

.glue_7t        0x00000f60        0x0
 .glue_7t       0x00000f60        0x0 linker stubs

.vfp11_veneer   0x00000f60        0x0
 .vfp11_veneer  0x00000f60        0x0 linker stubs

.v4_bx          0x00000f60        0x0
 .v4_bx         0x00000f60        0x0 linker stubs

.iplt           0x00000f60        0x0
 .iplt          0x00000f60        0x0 c:/ti/ccs910/ccs/tools/compiler/gcc-arm-none-eabi-7-2017-q4-major-win32/bin/../lib/gcc/arm-none-eabi/7.2.1/thumb/v7e-m/fpv4-sp/hard/crtbegin.o

.rodata         0x00000f60       0x3c
 *(.rodata)
 *(.rodata.*)
 .rodata.GPIO_PORT_TO_BASE
                0x00000f60       0x30 C:/ti/simplelink_msp432p4_sdk_3_20_00_06/source\ti/devices/msp432p4xx/driverlib/gcc/msp432p4xx_driverlib.a(gpio.o)
 .rodata.g_pulEnRegs
                0x00000f90        0x8 C:/ti/simplelink_msp432p4_sdk_3_20_00_06/source\ti/devices/msp432p4xx/driverlib/gcc/msp432p4xx_driverlib.a(interrupt.o)
 .rodata._global_impure_ptr
                0x00000f98        0x4 C:/ti/ccs910/ccs/tools/compiler/gcc-arm-none-eabi-7-2017-q4-major-win32/arm-none-eabi/lib/thumb/v7e-m/fpv4-sp/hard\libc_nano.a(lib_a-impure.o)
                0x00000f98                _global_impure_ptr

.eh_frame       0x00000f9c        0x0
 .eh_frame      0x00000f9c        0x0 c:/ti/ccs910/ccs/tools/compiler/gcc-arm-none-eabi-7-2017-q4-major-win32/bin/../lib/gcc/arm-none-eabi/7.2.1/thumb/v7e-m/fpv4-sp/hard/crtbegin.o

.ARM.exidx      0x00000f9c        0x8
                0x00000f9c                __exidx_start = .
 *(.ARM.exidx* .gnu.linkonce.armexidx.*)
 .ARM.exidx     0x00000f9c        0x8 c:/ti/ccs910/ccs/tools/compiler/gcc-arm-none-eabi-7-2017-q4-major-win32/bin/../lib/gcc/arm-none-eabi/7.2.1/../../../../arm-none-eabi/lib/thumb/v7e-m/fpv4-sp/hard/crt0.o
 .ARM.exidx     0x00000fa4        0x0 c:/ti/ccs910/ccs/tools/compiler/gcc-arm-none-eabi-7-2017-q4-major-win32/bin/../lib/gcc/arm-none-eabi/7.2.1/thumb/v7e-m/fpv4-sp/hard\libgcc.a(_udivmoddi4.o)
                                  0x8 (size before relaxing)
                0x00000fa4                __exidx_end = .

.ARM.extab      0x00000fa4        0x0
 *(.ARM.extab* .gnu.linkonce.armextab.*)
 .ARM.extab     0x00000fa4        0x0 c:/ti/ccs910/ccs/tools/compiler/gcc-arm-none-eabi-7-2017-q4-major-win32/bin/../lib/gcc/arm-none-eabi/7.2.1/../../../../arm-none-eabi/lib/thumb/v7e-m/fpv4-sp/hard/crt0.o
 .ARM.extab     0x00000fa4        0x0 c:/ti/ccs910/ccs/tools/compiler/gcc-arm-none-eabi-7-2017-q4-major-win32/bin/../lib/gcc/arm-none-eabi/7.2.1/thumb/v7e-m/fpv4-sp/hard\libgcc.a(_udivmoddi4.o)
                0x00000fa4                __etext = .

.rel.dyn        0x00000fa4        0x0
 .rel.iplt      0x00000fa4        0x0 c:/ti/ccs910/ccs/tools/compiler/gcc-arm-none-eabi-7-2017-q4-major-win32/bin/../lib/gcc/arm-none-eabi/7.2.1/thumb/v7e-m/fpv4-sp/hard/crtbegin.o

.data           0x20000000       0x6c load address 0x00000fa4
                0x00000fa4                __data_load__ = LOADADDR (.data)
                0x20000000                __data_start__ = .
 *(.data)
 .data          0x20000000        0x0 c:/ti/ccs910/ccs/tools/compiler/gcc-arm-none-eabi-7-2017-q4-major-win32/bin/../lib/gcc/arm-none-eabi/7.2.1/thumb/v7e-m/fpv4-sp/hard/crti.o
 .data          0x20000000        0x4 c:/ti/ccs910/ccs/tools/compiler/gcc-arm-none-eabi-7-2017-q4-major-win32/bin/../lib/gcc/arm-none-eabi/7.2.1/thumb/v7e-m/fpv4-sp/hard/crtbegin.o
                0x20000000                __dso_handle
 .data          0x20000004        0x0 c:/ti/ccs910/ccs/tools/compiler/gcc-arm-none-eabi-7-2017-q4-major-win32/bin/../lib/gcc/arm-none-eabi/7.2.1/../../../../arm-none-eabi/lib/thumb/v7e-m/fpv4-sp/hard/crt0.o
 .data          0x20000004        0x0 ./Button.o
 .data          0x20000004        0x0 ./Controller.o
 .data          0x20000004        0x0 ./Demo.o
 .data          0x20000004        0x0 ./LED.o
 .data          0x20000004        0x0 ./Main.o
 .data          0x20000004        0x0 ./Timer.o
 .data          0x20000004        0x0 ./system_msp432p401r.o
 .data          0x20000004        0x0 ./gcc/startup_msp432p401r_gcc.o
 .data          0x20000004        0x0 C:/ti/simplelink_msp432p4_sdk_3_20_00_06/source\ti/devices/msp432p4xx/driverlib/gcc/msp432p4xx_driverlib.a(gpio.o)
 .data          0x20000004        0x0 C:/ti/simplelink_msp432p4_sdk_3_20_00_06/source\ti/devices/msp432p4xx/driverlib/gcc/msp432p4xx_driverlib.a(interrupt.o)
 .data          0x20000004        0x0 C:/ti/simplelink_msp432p4_sdk_3_20_00_06/source\ti/devices/msp432p4xx/driverlib/gcc/msp432p4xx_driverlib.a(timer32.o)
 .data          0x20000004        0x0 C:/ti/simplelink_msp432p4_sdk_3_20_00_06/source\ti/devices/msp432p4xx/driverlib/gcc/msp432p4xx_driverlib.a(wdt_a.o)
 .data          0x20000004        0x0 C:/ti/simplelink_msp432p4_sdk_3_20_00_06/source\ti/devices/msp432p4xx/driverlib/gcc/msp432p4xx_driverlib.a(cpu.o)
 .data          0x20000004        0x0 C:/ti/simplelink_msp432p4_sdk_3_20_00_06/source\ti/devices/msp432p4xx/driverlib/gcc/msp432p4xx_driverlib.a(sysctl_a.o)
 .data          0x20000004        0x0 c:/ti/ccs910/ccs/tools/compiler/gcc-arm-none-eabi-7-2017-q4-major-win32/bin/../lib/gcc/arm-none-eabi/7.2.1/thumb/v7e-m/fpv4-sp/hard\libgcc.a(_aeabi_uldivmod.o)
 .data          0x20000004        0x0 c:/ti/ccs910/ccs/tools/compiler/gcc-arm-none-eabi-7-2017-q4-major-win32/bin/../lib/gcc/arm-none-eabi/7.2.1/thumb/v7e-m/fpv4-sp/hard\libgcc.a(_udivmoddi4.o)
 .data          0x20000004        0x0 c:/ti/ccs910/ccs/tools/compiler/gcc-arm-none-eabi-7-2017-q4-major-win32/bin/../lib/gcc/arm-none-eabi/7.2.1/thumb/v7e-m/fpv4-sp/hard\libgcc.a(_dvmd_tls.o)
 .data          0x20000004        0x0 C:/ti/ccs910/ccs/tools/compiler/gcc-arm-none-eabi-7-2017-q4-major-win32/arm-none-eabi/lib/thumb/v7e-m/fpv4-sp/hard\libc_nano.a(lib_a-calloc.o)
 .data          0x20000004        0x0 C:/ti/ccs910/ccs/tools/compiler/gcc-arm-none-eabi-7-2017-q4-major-win32/arm-none-eabi/lib/thumb/v7e-m/fpv4-sp/hard\libc_nano.a(lib_a-exit.o)
 .data          0x20000004        0x0 C:/ti/ccs910/ccs/tools/compiler/gcc-arm-none-eabi-7-2017-q4-major-win32/arm-none-eabi/lib/thumb/v7e-m/fpv4-sp/hard\libc_nano.a(lib_a-impure.o)
 .data          0x20000004        0x0 C:/ti/ccs910/ccs/tools/compiler/gcc-arm-none-eabi-7-2017-q4-major-win32/arm-none-eabi/lib/thumb/v7e-m/fpv4-sp/hard\libc_nano.a(lib_a-init.o)
 .data          0x20000004        0x0 C:/ti/ccs910/ccs/tools/compiler/gcc-arm-none-eabi-7-2017-q4-major-win32/arm-none-eabi/lib/thumb/v7e-m/fpv4-sp/hard\libc_nano.a(lib_a-malloc.o)
 .data          0x20000004        0x0 C:/ti/ccs910/ccs/tools/compiler/gcc-arm-none-eabi-7-2017-q4-major-win32/arm-none-eabi/lib/thumb/v7e-m/fpv4-sp/hard\libc_nano.a(lib_a-memset.o)
 .data          0x20000004        0x0 C:/ti/ccs910/ccs/tools/compiler/gcc-arm-none-eabi-7-2017-q4-major-win32/arm-none-eabi/lib/thumb/v7e-m/fpv4-sp/hard\libc_nano.a(lib_a-nano-callocr.o)
 .data          0x20000004        0x0 C:/ti/ccs910/ccs/tools/compiler/gcc-arm-none-eabi-7-2017-q4-major-win32/arm-none-eabi/lib/thumb/v7e-m/fpv4-sp/hard\libc_nano.a(lib_a-nano-freer.o)
 .data          0x20000004        0x0 C:/ti/ccs910/ccs/tools/compiler/gcc-arm-none-eabi-7-2017-q4-major-win32/arm-none-eabi/lib/thumb/v7e-m/fpv4-sp/hard\libc_nano.a(lib_a-nano-mallocr.o)
 .data          0x20000004        0x0 C:/ti/ccs910/ccs/tools/compiler/gcc-arm-none-eabi-7-2017-q4-major-win32/arm-none-eabi/lib/thumb/v7e-m/fpv4-sp/hard\libc_nano.a(lib_a-sbrkr.o)
 .data          0x20000004        0x0 C:/ti/ccs910/ccs/tools/compiler/gcc-arm-none-eabi-7-2017-q4-major-win32/arm-none-eabi/lib/thumb/v7e-m/fpv4-sp/hard\libc_nano.a(lib_a-mlock.o)
 .data          0x20000004        0x0 C:/ti/ccs910/ccs/tools/compiler/gcc-arm-none-eabi-7-2017-q4-major-win32/arm-none-eabi/lib/thumb/v7e-m/fpv4-sp/hard\libc_nano.a(lib_a-reent.o)
 .data          0x20000004        0x0 C:/ti/ccs910/ccs/tools/compiler/gcc-arm-none-eabi-7-2017-q4-major-win32/arm-none-eabi/lib/thumb/v7e-m/fpv4-sp/hard\libnosys.a(sbrk.o)
 .data          0x20000004        0x0 C:/ti/ccs910/ccs/tools/compiler/gcc-arm-none-eabi-7-2017-q4-major-win32/arm-none-eabi/lib/thumb/v7e-m/fpv4-sp/hard\libnosys.a(_exit.o)
 .data          0x20000004        0x0 c:/ti/ccs910/ccs/tools/compiler/gcc-arm-none-eabi-7-2017-q4-major-win32/bin/../lib/gcc/arm-none-eabi/7.2.1/thumb/v7e-m/fpv4-sp/hard/crtend.o
 .data          0x20000004        0x0 c:/ti/ccs910/ccs/tools/compiler/gcc-arm-none-eabi-7-2017-q4-major-win32/bin/../lib/gcc/arm-none-eabi/7.2.1/thumb/v7e-m/fpv4-sp/hard/crtn.o
 *(.data*)
 .data.SystemCoreClock
                0x20000004        0x4 ./system_msp432p401r.o
                0x20000004                SystemCoreClock
 .data._impure_ptr
                0x20000008        0x4 C:/ti/ccs910/ccs/tools/compiler/gcc-arm-none-eabi-7-2017-q4-major-win32/arm-none-eabi/lib/thumb/v7e-m/fpv4-sp/hard\libc_nano.a(lib_a-impure.o)
                0x20000008                _impure_ptr
 .data.impure_data
                0x2000000c       0x60 C:/ti/ccs910/ccs/tools/compiler/gcc-arm-none-eabi-7-2017-q4-major-win32/arm-none-eabi/lib/thumb/v7e-m/fpv4-sp/hard\libc_nano.a(lib_a-impure.o)
                0x2000006c                . = ALIGN (0x4)
                0x2000006c                __data_end__ = .

.igot.plt       0x2000006c        0x0 load address 0x00001010
 .igot.plt      0x2000006c        0x0 c:/ti/ccs910/ccs/tools/compiler/gcc-arm-none-eabi-7-2017-q4-major-win32/bin/../lib/gcc/arm-none-eabi/7.2.1/thumb/v7e-m/fpv4-sp/hard/crtbegin.o

vtable          0x20000400       0xe8 load address 0x00001010
 vtable         0x20000400       0xe8 C:/ti/simplelink_msp432p4_sdk_3_20_00_06/source\ti/devices/msp432p4xx/driverlib/gcc/msp432p4xx_driverlib.a(interrupt.o)

.bss            0x200004e8       0x58
                0x200004e8                __bss_start__ = .
 *(.shbss)
 *(.bss)
 .bss           0x200004e8        0x0 c:/ti/ccs910/ccs/tools/compiler/gcc-arm-none-eabi-7-2017-q4-major-win32/bin/../lib/gcc/arm-none-eabi/7.2.1/thumb/v7e-m/fpv4-sp/hard/crti.o
 .bss           0x200004e8       0x1c c:/ti/ccs910/ccs/tools/compiler/gcc-arm-none-eabi-7-2017-q4-major-win32/bin/../lib/gcc/arm-none-eabi/7.2.1/thumb/v7e-m/fpv4-sp/hard/crtbegin.o
 .bss           0x20000504        0x0 c:/ti/ccs910/ccs/tools/compiler/gcc-arm-none-eabi-7-2017-q4-major-win32/bin/../lib/gcc/arm-none-eabi/7.2.1/../../../../arm-none-eabi/lib/thumb/v7e-m/fpv4-sp/hard/crt0.o
 .bss           0x20000504        0x0 ./Button.o
 .bss           0x20000504        0x0 ./Controller.o
 .bss           0x20000504        0x0 ./Demo.o
 .bss           0x20000504        0x0 ./LED.o
 .bss           0x20000504        0x0 ./Main.o
 .bss           0x20000504        0x0 ./Timer.o
 .bss           0x20000504        0x0 ./system_msp432p401r.o
 .bss           0x20000504        0x0 ./gcc/startup_msp432p401r_gcc.o
 .bss           0x20000504        0x0 C:/ti/simplelink_msp432p4_sdk_3_20_00_06/source\ti/devices/msp432p4xx/driverlib/gcc/msp432p4xx_driverlib.a(gpio.o)
 .bss           0x20000504        0x0 C:/ti/simplelink_msp432p4_sdk_3_20_00_06/source\ti/devices/msp432p4xx/driverlib/gcc/msp432p4xx_driverlib.a(interrupt.o)
 .bss           0x20000504        0x0 C:/ti/simplelink_msp432p4_sdk_3_20_00_06/source\ti/devices/msp432p4xx/driverlib/gcc/msp432p4xx_driverlib.a(timer32.o)
 .bss           0x20000504        0x0 C:/ti/simplelink_msp432p4_sdk_3_20_00_06/source\ti/devices/msp432p4xx/driverlib/gcc/msp432p4xx_driverlib.a(wdt_a.o)
 .bss           0x20000504        0x0 C:/ti/simplelink_msp432p4_sdk_3_20_00_06/source\ti/devices/msp432p4xx/driverlib/gcc/msp432p4xx_driverlib.a(cpu.o)
 .bss           0x20000504        0x0 C:/ti/simplelink_msp432p4_sdk_3_20_00_06/source\ti/devices/msp432p4xx/driverlib/gcc/msp432p4xx_driverlib.a(sysctl_a.o)
 .bss           0x20000504        0x0 c:/ti/ccs910/ccs/tools/compiler/gcc-arm-none-eabi-7-2017-q4-major-win32/bin/../lib/gcc/arm-none-eabi/7.2.1/thumb/v7e-m/fpv4-sp/hard\libgcc.a(_aeabi_uldivmod.o)
 .bss           0x20000504        0x0 c:/ti/ccs910/ccs/tools/compiler/gcc-arm-none-eabi-7-2017-q4-major-win32/bin/../lib/gcc/arm-none-eabi/7.2.1/thumb/v7e-m/fpv4-sp/hard\libgcc.a(_udivmoddi4.o)
 .bss           0x20000504        0x0 c:/ti/ccs910/ccs/tools/compiler/gcc-arm-none-eabi-7-2017-q4-major-win32/bin/../lib/gcc/arm-none-eabi/7.2.1/thumb/v7e-m/fpv4-sp/hard\libgcc.a(_dvmd_tls.o)
 .bss           0x20000504        0x0 C:/ti/ccs910/ccs/tools/compiler/gcc-arm-none-eabi-7-2017-q4-major-win32/arm-none-eabi/lib/thumb/v7e-m/fpv4-sp/hard\libc_nano.a(lib_a-calloc.o)
 .bss           0x20000504        0x0 C:/ti/ccs910/ccs/tools/compiler/gcc-arm-none-eabi-7-2017-q4-major-win32/arm-none-eabi/lib/thumb/v7e-m/fpv4-sp/hard\libc_nano.a(lib_a-exit.o)
 .bss           0x20000504        0x0 C:/ti/ccs910/ccs/tools/compiler/gcc-arm-none-eabi-7-2017-q4-major-win32/arm-none-eabi/lib/thumb/v7e-m/fpv4-sp/hard\libc_nano.a(lib_a-impure.o)
 .bss           0x20000504        0x0 C:/ti/ccs910/ccs/tools/compiler/gcc-arm-none-eabi-7-2017-q4-major-win32/arm-none-eabi/lib/thumb/v7e-m/fpv4-sp/hard\libc_nano.a(lib_a-init.o)
 .bss           0x20000504        0x0 C:/ti/ccs910/ccs/tools/compiler/gcc-arm-none-eabi-7-2017-q4-major-win32/arm-none-eabi/lib/thumb/v7e-m/fpv4-sp/hard\libc_nano.a(lib_a-malloc.o)
 .bss           0x20000504        0x0 C:/ti/ccs910/ccs/tools/compiler/gcc-arm-none-eabi-7-2017-q4-major-win32/arm-none-eabi/lib/thumb/v7e-m/fpv4-sp/hard\libc_nano.a(lib_a-memset.o)
 .bss           0x20000504        0x0 C:/ti/ccs910/ccs/tools/compiler/gcc-arm-none-eabi-7-2017-q4-major-win32/arm-none-eabi/lib/thumb/v7e-m/fpv4-sp/hard\libc_nano.a(lib_a-nano-callocr.o)
 .bss           0x20000504        0x0 C:/ti/ccs910/ccs/tools/compiler/gcc-arm-none-eabi-7-2017-q4-major-win32/arm-none-eabi/lib/thumb/v7e-m/fpv4-sp/hard\libc_nano.a(lib_a-nano-freer.o)
 .bss           0x20000504        0x0 C:/ti/ccs910/ccs/tools/compiler/gcc-arm-none-eabi-7-2017-q4-major-win32/arm-none-eabi/lib/thumb/v7e-m/fpv4-sp/hard\libc_nano.a(lib_a-nano-mallocr.o)
 .bss           0x20000504        0x0 C:/ti/ccs910/ccs/tools/compiler/gcc-arm-none-eabi-7-2017-q4-major-win32/arm-none-eabi/lib/thumb/v7e-m/fpv4-sp/hard\libc_nano.a(lib_a-sbrkr.o)
 .bss           0x20000504        0x0 C:/ti/ccs910/ccs/tools/compiler/gcc-arm-none-eabi-7-2017-q4-major-win32/arm-none-eabi/lib/thumb/v7e-m/fpv4-sp/hard\libc_nano.a(lib_a-mlock.o)
 .bss           0x20000504        0x0 C:/ti/ccs910/ccs/tools/compiler/gcc-arm-none-eabi-7-2017-q4-major-win32/arm-none-eabi/lib/thumb/v7e-m/fpv4-sp/hard\libc_nano.a(lib_a-reent.o)
 .bss           0x20000504        0x0 C:/ti/ccs910/ccs/tools/compiler/gcc-arm-none-eabi-7-2017-q4-major-win32/arm-none-eabi/lib/thumb/v7e-m/fpv4-sp/hard\libnosys.a(sbrk.o)
 .bss           0x20000504        0x0 C:/ti/ccs910/ccs/tools/compiler/gcc-arm-none-eabi-7-2017-q4-major-win32/arm-none-eabi/lib/thumb/v7e-m/fpv4-sp/hard\libnosys.a(_exit.o)
 .bss           0x20000504        0x0 c:/ti/ccs910/ccs/tools/compiler/gcc-arm-none-eabi-7-2017-q4-major-win32/bin/../lib/gcc/arm-none-eabi/7.2.1/thumb/v7e-m/fpv4-sp/hard/crtend.o
 .bss           0x20000504        0x0 c:/ti/ccs910/ccs/tools/compiler/gcc-arm-none-eabi-7-2017-q4-major-win32/bin/../lib/gcc/arm-none-eabi/7.2.1/thumb/v7e-m/fpv4-sp/hard/crtn.o
 *(.bss.*)
 .bss.controller.8767
                0x20000504        0x4 ./Controller.o
 .bss.state.8311
                0x20000508        0x1 ./Demo.o
 *fill*         0x20000509        0x3 
 .bss.timer.8306
                0x2000050c        0x4 ./Demo.o
 .bss.Timer32_0
                0x20000510       0x20 ./Timer.o
 .bss.__malloc_free_list
                0x20000530        0x4 C:/ti/ccs910/ccs/tools/compiler/gcc-arm-none-eabi-7-2017-q4-major-win32/arm-none-eabi/lib/thumb/v7e-m/fpv4-sp/hard\libc_nano.a(lib_a-nano-mallocr.o)
                0x20000530                __malloc_free_list
 .bss.__malloc_sbrk_start
                0x20000534        0x4 C:/ti/ccs910/ccs/tools/compiler/gcc-arm-none-eabi-7-2017-q4-major-win32/arm-none-eabi/lib/thumb/v7e-m/fpv4-sp/hard\libc_nano.a(lib_a-nano-mallocr.o)
                0x20000534                __malloc_sbrk_start
 .bss.heap_end.5377
                0x20000538        0x4 C:/ti/ccs910/ccs/tools/compiler/gcc-arm-none-eabi-7-2017-q4-major-win32/arm-none-eabi/lib/thumb/v7e-m/fpv4-sp/hard\libnosys.a(sbrk.o)
 *(COMMON)
 COMMON         0x2000053c        0x4 C:/ti/ccs910/ccs/tools/compiler/gcc-arm-none-eabi-7-2017-q4-major-win32/arm-none-eabi/lib/thumb/v7e-m/fpv4-sp/hard\libc_nano.a(lib_a-reent.o)
                0x2000053c                errno
                0x20000540                . = ALIGN (0x4)
                0x20000540                __bss_end__ = .

.heap           0x20000540        0x0
                0x20000540                __heap_start__ = .
                0x20000540                end = __heap_start__
                0x20000540                _end = end
                0x20000540                __end = end
 *(.heap)
                0x20000540                __heap_end__ = .
                0x20000540                __HeapLimit = __heap_end__

.stack          0x20000540        0x0
                0x20000540                _stack = .
 *(.stack)
                0x20010000                __StackTop = (ORIGIN (REGION_STACK) + LENGTH (REGION_STACK))
                0x20010000                PROVIDE (__stack, __StackTop)
LOAD C:/ti/simplelink_msp432p4_sdk_3_20_00_06/source\ti/display/lib/display.am4fg
LOAD C:/ti/simplelink_msp432p4_sdk_3_20_00_06/source\ti/grlib/lib/gcc/m4f/grlib.a
LOAD C:/ti/simplelink_msp432p4_sdk_3_20_00_06/source\third_party/spiffs/lib/gcc/m4f/spiffs.a
LOAD C:/ti/simplelink_msp432p4_sdk_3_20_00_06/source\ti/drivers/lib/drivers_msp432p401x.am4fg
LOAD C:/ti/simplelink_msp432p4_sdk_3_20_00_06/source\third_party/fatfs/lib/gcc/m4f/fatfs.a
LOAD C:/ti/simplelink_msp432p4_sdk_3_20_00_06/source\ti/devices/msp432p4xx/driverlib/gcc/msp432p4xx_driverlib.a
LOAD c:/ti/ccs910/ccs/tools/compiler/gcc-arm-none-eabi-7-2017-q4-major-win32/bin/../lib/gcc/arm-none-eabi/7.2.1/thumb/v7e-m/fpv4-sp/hard\libgcc.a
LOAD C:/ti/ccs910/ccs/tools/compiler/gcc-arm-none-eabi-7-2017-q4-major-win32/arm-none-eabi/lib/thumb/v7e-m/fpv4-sp/hard\libc_nano.a
LOAD C:/ti/ccs910/ccs/tools/compiler/gcc-arm-none-eabi-7-2017-q4-major-win32/arm-none-eabi/lib/thumb/v7e-m/fpv4-sp/hard\libm.a
LOAD C:/ti/ccs910/ccs/tools/compiler/gcc-arm-none-eabi-7-2017-q4-major-win32/arm-none-eabi/lib/thumb/v7e-m/fpv4-sp/hard\libnosys.a
START GROUP
LOAD c:/ti/ccs910/ccs/tools/compiler/gcc-arm-none-eabi-7-2017-q4-major-win32/bin/../lib/gcc/arm-none-eabi/7.2.1/thumb/v7e-m/fpv4-sp/hard\libgcc.a
LOAD C:/ti/ccs910/ccs/tools/compiler/gcc-arm-none-eabi-7-2017-q4-major-win32/arm-none-eabi/lib/thumb/v7e-m/fpv4-sp/hard\libg_nano.a
LOAD C:/ti/ccs910/ccs/tools/compiler/gcc-arm-none-eabi-7-2017-q4-major-win32/arm-none-eabi/lib/thumb/v7e-m/fpv4-sp/hard\libc_nano.a
END GROUP
START GROUP
LOAD c:/ti/ccs910/ccs/tools/compiler/gcc-arm-none-eabi-7-2017-q4-major-win32/bin/../lib/gcc/arm-none-eabi/7.2.1/thumb/v7e-m/fpv4-sp/hard\libgcc.a
LOAD C:/ti/ccs910/ccs/tools/compiler/gcc-arm-none-eabi-7-2017-q4-major-win32/arm-none-eabi/lib/thumb/v7e-m/fpv4-sp/hard\libc_nano.a
END GROUP
LOAD c:/ti/ccs910/ccs/tools/compiler/gcc-arm-none-eabi-7-2017-q4-major-win32/bin/../lib/gcc/arm-none-eabi/7.2.1/thumb/v7e-m/fpv4-sp/hard/crtend.o
LOAD c:/ti/ccs910/ccs/tools/compiler/gcc-arm-none-eabi-7-2017-q4-major-win32/bin/../lib/gcc/arm-none-eabi/7.2.1/thumb/v7e-m/fpv4-sp/hard/crtn.o
OUTPUT(InterfaceDemo.out elf32-littlearm)

.ARM.attributes
                0x00000000       0x30
 .ARM.attributes
                0x00000000       0x22 c:/ti/ccs910/ccs/tools/compiler/gcc-arm-none-eabi-7-2017-q4-major-win32/bin/../lib/gcc/arm-none-eabi/7.2.1/thumb/v7e-m/fpv4-sp/hard/crti.o
 .ARM.attributes
                0x00000022       0x34 c:/ti/ccs910/ccs/tools/compiler/gcc-arm-none-eabi-7-2017-q4-major-win32/bin/../lib/gcc/arm-none-eabi/7.2.1/thumb/v7e-m/fpv4-sp/hard/crtbegin.o
 .ARM.attributes
                0x00000056       0x20 c:/ti/ccs910/ccs/tools/compiler/gcc-arm-none-eabi-7-2017-q4-major-win32/bin/../lib/gcc/arm-none-eabi/7.2.1/../../../../arm-none-eabi/lib/thumb/v7e-m/fpv4-sp/hard/crt0.o
 .ARM.attributes
                0x00000076       0x39 ./Button.o
 .ARM.attributes
                0x000000af       0x39 ./Controller.o
 .ARM.attributes
                0x000000e8       0x39 ./Demo.o
 .ARM.attributes
                0x00000121       0x39 ./LED.o
 .ARM.attributes
                0x0000015a       0x39 ./Main.o
 .ARM.attributes
                0x00000193       0x39 ./Timer.o
 .ARM.attributes
                0x000001cc       0x39 ./system_msp432p401r.o
 .ARM.attributes
                0x00000205       0x39 ./gcc/startup_msp432p401r_gcc.o
 .ARM.attributes
                0x0000023e       0x39 C:/ti/simplelink_msp432p4_sdk_3_20_00_06/source\ti/devices/msp432p4xx/driverlib/gcc/msp432p4xx_driverlib.a(gpio.o)
 .ARM.attributes
                0x00000277       0x39 C:/ti/simplelink_msp432p4_sdk_3_20_00_06/source\ti/devices/msp432p4xx/driverlib/gcc/msp432p4xx_driverlib.a(interrupt.o)
 .ARM.attributes
                0x000002b0       0x39 C:/ti/simplelink_msp432p4_sdk_3_20_00_06/source\ti/devices/msp432p4xx/driverlib/gcc/msp432p4xx_driverlib.a(timer32.o)
 .ARM.attributes
                0x000002e9       0x39 C:/ti/simplelink_msp432p4_sdk_3_20_00_06/source\ti/devices/msp432p4xx/driverlib/gcc/msp432p4xx_driverlib.a(wdt_a.o)
 .ARM.attributes
                0x00000322       0x39 C:/ti/simplelink_msp432p4_sdk_3_20_00_06/source\ti/devices/msp432p4xx/driverlib/gcc/msp432p4xx_driverlib.a(cpu.o)
 .ARM.attributes
                0x0000035b       0x39 C:/ti/simplelink_msp432p4_sdk_3_20_00_06/source\ti/devices/msp432p4xx/driverlib/gcc/msp432p4xx_driverlib.a(sysctl_a.o)
 .ARM.attributes
                0x00000394       0x22 c:/ti/ccs910/ccs/tools/compiler/gcc-arm-none-eabi-7-2017-q4-major-win32/bin/../lib/gcc/arm-none-eabi/7.2.1/thumb/v7e-m/fpv4-sp/hard\libgcc.a(_aeabi_uldivmod.o)
 .ARM.attributes
                0x000003b6       0x34 c:/ti/ccs910/ccs/tools/compiler/gcc-arm-none-eabi-7-2017-q4-major-win32/bin/../lib/gcc/arm-none-eabi/7.2.1/thumb/v7e-m/fpv4-sp/hard\libgcc.a(_udivmoddi4.o)
 .ARM.attributes
                0x000003ea       0x22 c:/ti/ccs910/ccs/tools/compiler/gcc-arm-none-eabi-7-2017-q4-major-win32/bin/../lib/gcc/arm-none-eabi/7.2.1/thumb/v7e-m/fpv4-sp/hard\libgcc.a(_dvmd_tls.o)
 .ARM.attributes
                0x0000040c       0x34 C:/ti/ccs910/ccs/tools/compiler/gcc-arm-none-eabi-7-2017-q4-major-win32/arm-none-eabi/lib/thumb/v7e-m/fpv4-sp/hard\libc_nano.a(lib_a-calloc.o)
 .ARM.attributes
                0x00000440       0x34 C:/ti/ccs910/ccs/tools/compiler/gcc-arm-none-eabi-7-2017-q4-major-win32/arm-none-eabi/lib/thumb/v7e-m/fpv4-sp/hard\libc_nano.a(lib_a-exit.o)
 .ARM.attributes
                0x00000474       0x34 C:/ti/ccs910/ccs/tools/compiler/gcc-arm-none-eabi-7-2017-q4-major-win32/arm-none-eabi/lib/thumb/v7e-m/fpv4-sp/hard\libc_nano.a(lib_a-impure.o)
 .ARM.attributes
                0x000004a8       0x34 C:/ti/ccs910/ccs/tools/compiler/gcc-arm-none-eabi-7-2017-q4-major-win32/arm-none-eabi/lib/thumb/v7e-m/fpv4-sp/hard\libc_nano.a(lib_a-init.o)
 .ARM.attributes
                0x000004dc       0x34 C:/ti/ccs910/ccs/tools/compiler/gcc-arm-none-eabi-7-2017-q4-major-win32/arm-none-eabi/lib/thumb/v7e-m/fpv4-sp/hard\libc_nano.a(lib_a-malloc.o)
 .ARM.attributes
                0x00000510       0x34 C:/ti/ccs910/ccs/tools/compiler/gcc-arm-none-eabi-7-2017-q4-major-win32/arm-none-eabi/lib/thumb/v7e-m/fpv4-sp/hard\libc_nano.a(lib_a-memset.o)
 .ARM.attributes
                0x00000544       0x34 C:/ti/ccs910/ccs/tools/compiler/gcc-arm-none-eabi-7-2017-q4-major-win32/arm-none-eabi/lib/thumb/v7e-m/fpv4-sp/hard\libc_nano.a(lib_a-nano-callocr.o)
 .ARM.attributes
                0x00000578       0x34 C:/ti/ccs910/ccs/tools/compiler/gcc-arm-none-eabi-7-2017-q4-major-win32/arm-none-eabi/lib/thumb/v7e-m/fpv4-sp/hard\libc_nano.a(lib_a-nano-freer.o)
 .ARM.attributes
                0x000005ac       0x34 C:/ti/ccs910/ccs/tools/compiler/gcc-arm-none-eabi-7-2017-q4-major-win32/arm-none-eabi/lib/thumb/v7e-m/fpv4-sp/hard\libc_nano.a(lib_a-nano-mallocr.o)
 .ARM.attributes
                0x000005e0       0x34 C:/ti/ccs910/ccs/tools/compiler/gcc-arm-none-eabi-7-2017-q4-major-win32/arm-none-eabi/lib/thumb/v7e-m/fpv4-sp/hard\libc_nano.a(lib_a-sbrkr.o)
 .ARM.attributes
                0x00000614       0x34 C:/ti/ccs910/ccs/tools/compiler/gcc-arm-none-eabi-7-2017-q4-major-win32/arm-none-eabi/lib/thumb/v7e-m/fpv4-sp/hard\libc_nano.a(lib_a-mlock.o)
 .ARM.attributes
                0x00000648       0x34 C:/ti/ccs910/ccs/tools/compiler/gcc-arm-none-eabi-7-2017-q4-major-win32/arm-none-eabi/lib/thumb/v7e-m/fpv4-sp/hard\libc_nano.a(lib_a-reent.o)
 .ARM.attributes
                0x0000067c       0x34 C:/ti/ccs910/ccs/tools/compiler/gcc-arm-none-eabi-7-2017-q4-major-win32/arm-none-eabi/lib/thumb/v7e-m/fpv4-sp/hard\libnosys.a(sbrk.o)
 .ARM.attributes
                0x000006b0       0x34 C:/ti/ccs910/ccs/tools/compiler/gcc-arm-none-eabi-7-2017-q4-major-win32/arm-none-eabi/lib/thumb/v7e-m/fpv4-sp/hard\libnosys.a(_exit.o)
 .ARM.attributes
                0x000006e4       0x34 c:/ti/ccs910/ccs/tools/compiler/gcc-arm-none-eabi-7-2017-q4-major-win32/bin/../lib/gcc/arm-none-eabi/7.2.1/thumb/v7e-m/fpv4-sp/hard/crtend.o
 .ARM.attributes
                0x00000718       0x22 c:/ti/ccs910/ccs/tools/compiler/gcc-arm-none-eabi-7-2017-q4-major-win32/bin/../lib/gcc/arm-none-eabi/7.2.1/thumb/v7e-m/fpv4-sp/hard/crtn.o

.comment        0x00000000       0x7e
 .comment       0x00000000       0x7e ./Button.o
                                 0x7f (size before relaxing)
 .comment       0x0000007e       0x7f ./Controller.o
 .comment       0x0000007e       0x7f ./Demo.o
 .comment       0x0000007e       0x7f ./LED.o
 .comment       0x0000007e       0x7f ./Main.o
 .comment       0x0000007e       0x7f ./Timer.o
 .comment       0x0000007e       0x7f ./system_msp432p401r.o
 .comment       0x0000007e       0x7f ./gcc/startup_msp432p401r_gcc.o
 .comment       0x0000007e       0x7f C:/ti/simplelink_msp432p4_sdk_3_20_00_06/source\ti/devices/msp432p4xx/driverlib/gcc/msp432p4xx_driverlib.a(gpio.o)
 .comment       0x0000007e       0x7f C:/ti/simplelink_msp432p4_sdk_3_20_00_06/source\ti/devices/msp432p4xx/driverlib/gcc/msp432p4xx_driverlib.a(interrupt.o)
 .comment       0x0000007e       0x7f C:/ti/simplelink_msp432p4_sdk_3_20_00_06/source\ti/devices/msp432p4xx/driverlib/gcc/msp432p4xx_driverlib.a(timer32.o)
 .comment       0x0000007e       0x7f C:/ti/simplelink_msp432p4_sdk_3_20_00_06/source\ti/devices/msp432p4xx/driverlib/gcc/msp432p4xx_driverlib.a(wdt_a.o)
 .comment       0x0000007e       0x7f C:/ti/simplelink_msp432p4_sdk_3_20_00_06/source\ti/devices/msp432p4xx/driverlib/gcc/msp432p4xx_driverlib.a(cpu.o)
 .comment       0x0000007e       0x7f C:/ti/simplelink_msp432p4_sdk_3_20_00_06/source\ti/devices/msp432p4xx/driverlib/gcc/msp432p4xx_driverlib.a(sysctl_a.o)

.debug_info     0x00000000     0x6347
 .debug_info    0x00000000      0xa66 ./Button.o
 .debug_info    0x00000a66      0xa55 ./Controller.o
 .debug_info    0x000014bb      0x1ff ./Demo.o
 .debug_info    0x000016ba      0xb32 ./LED.o
 .debug_info    0x000021ec      0x922 ./Main.o
 .debug_info    0x00002b0e      0xb54 ./Timer.o
 .debug_info    0x00003662      0xd71 ./system_msp432p401r.o
 .debug_info    0x000043d3      0x144 ./gcc/startup_msp432p401r_gcc.o
 .debug_info    0x00004517      0xa5a C:/ti/simplelink_msp432p4_sdk_3_20_00_06/source\ti/devices/msp432p4xx/driverlib/gcc/msp432p4xx_driverlib.a(gpio.o)
 .debug_info    0x00004f71      0x678 C:/ti/simplelink_msp432p4_sdk_3_20_00_06/source\ti/devices/msp432p4xx/driverlib/gcc/msp432p4xx_driverlib.a(interrupt.o)
 .debug_info    0x000055e9      0x369 C:/ti/simplelink_msp432p4_sdk_3_20_00_06/source\ti/devices/msp432p4xx/driverlib/gcc/msp432p4xx_driverlib.a(timer32.o)
 .debug_info    0x00005952      0x280 C:/ti/simplelink_msp432p4_sdk_3_20_00_06/source\ti/devices/msp432p4xx/driverlib/gcc/msp432p4xx_driverlib.a(wdt_a.o)
 .debug_info    0x00005bd2      0x185 C:/ti/simplelink_msp432p4_sdk_3_20_00_06/source\ti/devices/msp432p4xx/driverlib/gcc/msp432p4xx_driverlib.a(cpu.o)
 .debug_info    0x00005d57      0x5f0 C:/ti/simplelink_msp432p4_sdk_3_20_00_06/source\ti/devices/msp432p4xx/driverlib/gcc/msp432p4xx_driverlib.a(sysctl_a.o)

.debug_abbrev   0x00000000     0x13fd
 .debug_abbrev  0x00000000      0x1e0 ./Button.o
 .debug_abbrev  0x000001e0      0x1d5 ./Controller.o
 .debug_abbrev  0x000003b5      0x117 ./Demo.o
 .debug_abbrev  0x000004cc      0x211 ./LED.o
 .debug_abbrev  0x000006dd      0x18c ./Main.o
 .debug_abbrev  0x00000869      0x1dd ./Timer.o
 .debug_abbrev  0x00000a46      0x115 ./system_msp432p401r.o
 .debug_abbrev  0x00000b5b       0xbd ./gcc/startup_msp432p401r_gcc.o
 .debug_abbrev  0x00000c18      0x1a9 C:/ti/simplelink_msp432p4_sdk_3_20_00_06/source\ti/devices/msp432p4xx/driverlib/gcc/msp432p4xx_driverlib.a(gpio.o)
 .debug_abbrev  0x00000dc1      0x1b3 C:/ti/simplelink_msp432p4_sdk_3_20_00_06/source\ti/devices/msp432p4xx/driverlib/gcc/msp432p4xx_driverlib.a(interrupt.o)
 .debug_abbrev  0x00000f74      0x103 C:/ti/simplelink_msp432p4_sdk_3_20_00_06/source\ti/devices/msp432p4xx/driverlib/gcc/msp432p4xx_driverlib.a(timer32.o)
 .debug_abbrev  0x00001077      0x119 C:/ti/simplelink_msp432p4_sdk_3_20_00_06/source\ti/devices/msp432p4xx/driverlib/gcc/msp432p4xx_driverlib.a(wdt_a.o)
 .debug_abbrev  0x00001190      0x102 C:/ti/simplelink_msp432p4_sdk_3_20_00_06/source\ti/devices/msp432p4xx/driverlib/gcc/msp432p4xx_driverlib.a(cpu.o)
 .debug_abbrev  0x00001292      0x16b C:/ti/simplelink_msp432p4_sdk_3_20_00_06/source\ti/devices/msp432p4xx/driverlib/gcc/msp432p4xx_driverlib.a(sysctl_a.o)

.debug_loc      0x00000000      0x56d
 .debug_loc     0x00000000       0x6a ./Button.o
 .debug_loc     0x0000006a       0x1e ./Controller.o
 .debug_loc     0x00000088       0x39 ./Demo.o
 .debug_loc     0x000000c1      0x160 ./LED.o
 .debug_loc     0x00000221      0x160 ./Timer.o
 .debug_loc     0x00000381      0x1c6 ./system_msp432p401r.o
 .debug_loc     0x00000547       0x26 ./gcc/startup_msp432p401r_gcc.o

.debug_aranges  0x00000000      0x4c8
 .debug_aranges
                0x00000000       0x30 ./Button.o
 .debug_aranges
                0x00000030       0x28 ./Controller.o
 .debug_aranges
                0x00000058       0x28 ./Demo.o
 .debug_aranges
                0x00000080       0x48 ./LED.o
 .debug_aranges
                0x000000c8       0x30 ./Main.o
 .debug_aranges
                0x000000f8       0x40 ./Timer.o
 .debug_aranges
                0x00000138       0x28 ./system_msp432p401r.o
 .debug_aranges
                0x00000160       0x28 ./gcc/startup_msp432p401r_gcc.o
 .debug_aranges
                0x00000188       0xb8 C:/ti/simplelink_msp432p4_sdk_3_20_00_06/source\ti/devices/msp432p4xx/driverlib/gcc/msp432p4xx_driverlib.a(gpio.o)
 .debug_aranges
                0x00000240       0xb8 C:/ti/simplelink_msp432p4_sdk_3_20_00_06/source\ti/devices/msp432p4xx/driverlib/gcc/msp432p4xx_driverlib.a(interrupt.o)
 .debug_aranges
                0x000002f8       0x78 C:/ti/simplelink_msp432p4_sdk_3_20_00_06/source\ti/devices/msp432p4xx/driverlib/gcc/msp432p4xx_driverlib.a(timer32.o)
 .debug_aranges
                0x00000370       0x60 C:/ti/simplelink_msp432p4_sdk_3_20_00_06/source\ti/devices/msp432p4xx/driverlib/gcc/msp432p4xx_driverlib.a(wdt_a.o)
 .debug_aranges
                0x000003d0       0x48 C:/ti/simplelink_msp432p4_sdk_3_20_00_06/source\ti/devices/msp432p4xx/driverlib/gcc/msp432p4xx_driverlib.a(cpu.o)
 .debug_aranges
                0x00000418       0xb0 C:/ti/simplelink_msp432p4_sdk_3_20_00_06/source\ti/devices/msp432p4xx/driverlib/gcc/msp432p4xx_driverlib.a(sysctl_a.o)

.debug_ranges   0x00000000      0x400
 .debug_ranges  0x00000000       0x20 ./Button.o
 .debug_ranges  0x00000020       0x18 ./Controller.o
 .debug_ranges  0x00000038       0x30 ./Demo.o
 .debug_ranges  0x00000068       0x38 ./LED.o
 .debug_ranges  0x000000a0       0x20 ./Main.o
 .debug_ranges  0x000000c0       0x30 ./Timer.o
 .debug_ranges  0x000000f0       0x18 ./system_msp432p401r.o
 .debug_ranges  0x00000108       0x18 ./gcc/startup_msp432p401r_gcc.o
 .debug_ranges  0x00000120       0xa8 C:/ti/simplelink_msp432p4_sdk_3_20_00_06/source\ti/devices/msp432p4xx/driverlib/gcc/msp432p4xx_driverlib.a(gpio.o)
 .debug_ranges  0x000001c8       0xa8 C:/ti/simplelink_msp432p4_sdk_3_20_00_06/source\ti/devices/msp432p4xx/driverlib/gcc/msp432p4xx_driverlib.a(interrupt.o)
 .debug_ranges  0x00000270       0x68 C:/ti/simplelink_msp432p4_sdk_3_20_00_06/source\ti/devices/msp432p4xx/driverlib/gcc/msp432p4xx_driverlib.a(timer32.o)
 .debug_ranges  0x000002d8       0x50 C:/ti/simplelink_msp432p4_sdk_3_20_00_06/source\ti/devices/msp432p4xx/driverlib/gcc/msp432p4xx_driverlib.a(wdt_a.o)
 .debug_ranges  0x00000328       0x38 C:/ti/simplelink_msp432p4_sdk_3_20_00_06/source\ti/devices/msp432p4xx/driverlib/gcc/msp432p4xx_driverlib.a(cpu.o)
 .debug_ranges  0x00000360       0xa0 C:/ti/simplelink_msp432p4_sdk_3_20_00_06/source\ti/devices/msp432p4xx/driverlib/gcc/msp432p4xx_driverlib.a(sysctl_a.o)

.debug_line     0x00000000     0x27ca
 .debug_line    0x00000000      0x356 ./Button.o
 .debug_line    0x00000356      0x34f ./Controller.o
 .debug_line    0x000006a5      0x256 ./Demo.o
 .debug_line    0x000008fb      0x395 ./LED.o
 .debug_line    0x00000c90      0x29a ./Main.o
 .debug_line    0x00000f2a      0x329 ./Timer.o
 .debug_line    0x00001253      0x26f ./system_msp432p401r.o
 .debug_line    0x000014c2      0x153 ./gcc/startup_msp432p401r_gcc.o
 .debug_line    0x00001615      0x383 C:/ti/simplelink_msp432p4_sdk_3_20_00_06/source\ti/devices/msp432p4xx/driverlib/gcc/msp432p4xx_driverlib.a(gpio.o)
 .debug_line    0x00001998      0x394 C:/ti/simplelink_msp432p4_sdk_3_20_00_06/source\ti/devices/msp432p4xx/driverlib/gcc/msp432p4xx_driverlib.a(interrupt.o)
 .debug_line    0x00001d2c      0x276 C:/ti/simplelink_msp432p4_sdk_3_20_00_06/source\ti/devices/msp432p4xx/driverlib/gcc/msp432p4xx_driverlib.a(timer32.o)
 .debug_line    0x00001fa2      0x279 C:/ti/simplelink_msp432p4_sdk_3_20_00_06/source\ti/devices/msp432p4xx/driverlib/gcc/msp432p4xx_driverlib.a(wdt_a.o)
 .debug_line    0x0000221b      0x1e3 C:/ti/simplelink_msp432p4_sdk_3_20_00_06/source\ti/devices/msp432p4xx/driverlib/gcc/msp432p4xx_driverlib.a(cpu.o)
 .debug_line    0x000023fe      0x3cc C:/ti/simplelink_msp432p4_sdk_3_20_00_06/source\ti/devices/msp432p4xx/driverlib/gcc/msp432p4xx_driverlib.a(sysctl_a.o)

.debug_str      0x00000000     0x2349
 .debug_str     0x00000000      0x694 ./Button.o
                                0x738 (size before relaxing)
 .debug_str     0x00000694       0x64 ./Controller.o
                                0x71c (size before relaxing)
 .debug_str     0x000006f8       0xc2 ./Demo.o
                                0x2bb (size before relaxing)
 .debug_str     0x000007ba       0x5c ./LED.o
                                0x6dd (size before relaxing)
 .debug_str     0x00000816       0x24 ./Main.o
                                0x628 (size before relaxing)
 .debug_str     0x0000083a      0x148 ./Timer.o
                                0x7aa (size before relaxing)
 .debug_str     0x00000982      0x8bd ./system_msp432p401r.o
                                0xae4 (size before relaxing)
 .debug_str     0x0000123f       0x9e ./gcc/startup_msp432p401r_gcc.o
                                0x24c (size before relaxing)
 .debug_str     0x000012dd      0x4bc C:/ti/simplelink_msp432p4_sdk_3_20_00_06/source\ti/devices/msp432p4xx/driverlib/gcc/msp432p4xx_driverlib.a(gpio.o)
                                0x63e (size before relaxing)
 .debug_str     0x00001799      0x36b C:/ti/simplelink_msp432p4_sdk_3_20_00_06/source\ti/devices/msp432p4xx/driverlib/gcc/msp432p4xx_driverlib.a(interrupt.o)
                                0x58b (size before relaxing)
 .debug_str     0x00001b04      0x1c4 C:/ti/simplelink_msp432p4_sdk_3_20_00_06/source\ti/devices/msp432p4xx/driverlib/gcc/msp432p4xx_driverlib.a(timer32.o)
                                0x3cb (size before relaxing)
 .debug_str     0x00001cc8      0x18a C:/ti/simplelink_msp432p4_sdk_3_20_00_06/source\ti/devices/msp432p4xx/driverlib/gcc/msp432p4xx_driverlib.a(wdt_a.o)
                                0x377 (size before relaxing)
 .debug_str     0x00001e52       0xdc C:/ti/simplelink_msp432p4_sdk_3_20_00_06/source\ti/devices/msp432p4xx/driverlib/gcc/msp432p4xx_driverlib.a(cpu.o)
                                0x276 (size before relaxing)
 .debug_str     0x00001f2e      0x41b C:/ti/simplelink_msp432p4_sdk_3_20_00_06/source\ti/devices/msp432p4xx/driverlib/gcc/msp432p4xx_driverlib.a(sysctl_a.o)
                                0x6a3 (size before relaxing)

.debug_frame    0x00000000     0x1224
 .debug_frame   0x00000000       0x5c ./Button.o
 .debug_frame   0x0000005c       0x40 ./Controller.o
 .debug_frame   0x0000009c       0x44 ./Demo.o
 .debug_frame   0x000000e0       0xac ./LED.o
 .debug_frame   0x0000018c       0x58 ./Main.o
 .debug_frame   0x000001e4       0xa8 ./Timer.o
 .debug_frame   0x0000028c       0x30 ./system_msp432p401r.o
 .debug_frame   0x000002bc       0x38 ./gcc/startup_msp432p401r_gcc.o
 .debug_frame   0x000002f4      0x324 C:/ti/simplelink_msp432p4_sdk_3_20_00_06/source\ti/devices/msp432p4xx/driverlib/gcc/msp432p4xx_driverlib.a(gpio.o)
 .debug_frame   0x00000618      0x2e0 C:/ti/simplelink_msp432p4_sdk_3_20_00_06/source\ti/devices/msp432p4xx/driverlib/gcc/msp432p4xx_driverlib.a(interrupt.o)
 .debug_frame   0x000008f8      0x1e8 C:/ti/simplelink_msp432p4_sdk_3_20_00_06/source\ti/devices/msp432p4xx/driverlib/gcc/msp432p4xx_driverlib.a(timer32.o)
 .debug_frame   0x00000ae0      0x160 C:/ti/simplelink_msp432p4_sdk_3_20_00_06/source\ti/devices/msp432p4xx/driverlib/gcc/msp432p4xx_driverlib.a(wdt_a.o)
 .debug_frame   0x00000c40       0x70 C:/ti/simplelink_msp432p4_sdk_3_20_00_06/source\ti/devices/msp432p4xx/driverlib/gcc/msp432p4xx_driverlib.a(cpu.o)
 .debug_frame   0x00000cb0      0x2c8 C:/ti/simplelink_msp432p4_sdk_3_20_00_06/source\ti/devices/msp432p4xx/driverlib/gcc/msp432p4xx_driverlib.a(sysctl_a.o)
 .debug_frame   0x00000f78       0x2c c:/ti/ccs910/ccs/tools/compiler/gcc-arm-none-eabi-7-2017-q4-major-win32/bin/../lib/gcc/arm-none-eabi/7.2.1/thumb/v7e-m/fpv4-sp/hard\libgcc.a(_aeabi_uldivmod.o)
 .debug_frame   0x00000fa4       0x34 c:/ti/ccs910/ccs/tools/compiler/gcc-arm-none-eabi-7-2017-q4-major-win32/bin/../lib/gcc/arm-none-eabi/7.2.1/thumb/v7e-m/fpv4-sp/hard\libgcc.a(_udivmoddi4.o)
 .debug_frame   0x00000fd8       0x20 C:/ti/ccs910/ccs/tools/compiler/gcc-arm-none-eabi-7-2017-q4-major-win32/arm-none-eabi/lib/thumb/v7e-m/fpv4-sp/hard\libc_nano.a(lib_a-calloc.o)
 .debug_frame   0x00000ff8       0x28 C:/ti/ccs910/ccs/tools/compiler/gcc-arm-none-eabi-7-2017-q4-major-win32/arm-none-eabi/lib/thumb/v7e-m/fpv4-sp/hard\libc_nano.a(lib_a-exit.o)
 .debug_frame   0x00001020       0x2c C:/ti/ccs910/ccs/tools/compiler/gcc-arm-none-eabi-7-2017-q4-major-win32/arm-none-eabi/lib/thumb/v7e-m/fpv4-sp/hard\libc_nano.a(lib_a-init.o)
 .debug_frame   0x0000104c       0x30 C:/ti/ccs910/ccs/tools/compiler/gcc-arm-none-eabi-7-2017-q4-major-win32/arm-none-eabi/lib/thumb/v7e-m/fpv4-sp/hard\libc_nano.a(lib_a-malloc.o)
 .debug_frame   0x0000107c       0x20 C:/ti/ccs910/ccs/tools/compiler/gcc-arm-none-eabi-7-2017-q4-major-win32/arm-none-eabi/lib/thumb/v7e-m/fpv4-sp/hard\libc_nano.a(lib_a-memset.o)
 .debug_frame   0x0000109c       0x2c C:/ti/ccs910/ccs/tools/compiler/gcc-arm-none-eabi-7-2017-q4-major-win32/arm-none-eabi/lib/thumb/v7e-m/fpv4-sp/hard\libc_nano.a(lib_a-nano-callocr.o)
 .debug_frame   0x000010c8       0x38 C:/ti/ccs910/ccs/tools/compiler/gcc-arm-none-eabi-7-2017-q4-major-win32/arm-none-eabi/lib/thumb/v7e-m/fpv4-sp/hard\libc_nano.a(lib_a-nano-freer.o)
 .debug_frame   0x00001100       0x2c C:/ti/ccs910/ccs/tools/compiler/gcc-arm-none-eabi-7-2017-q4-major-win32/arm-none-eabi/lib/thumb/v7e-m/fpv4-sp/hard\libc_nano.a(lib_a-nano-mallocr.o)
 .debug_frame   0x0000112c       0x2c C:/ti/ccs910/ccs/tools/compiler/gcc-arm-none-eabi-7-2017-q4-major-win32/arm-none-eabi/lib/thumb/v7e-m/fpv4-sp/hard\libc_nano.a(lib_a-sbrkr.o)
 .debug_frame   0x00001158       0x30 C:/ti/ccs910/ccs/tools/compiler/gcc-arm-none-eabi-7-2017-q4-major-win32/arm-none-eabi/lib/thumb/v7e-m/fpv4-sp/hard\libc_nano.a(lib_a-mlock.o)
 .debug_frame   0x00001188       0x5c C:/ti/ccs910/ccs/tools/compiler/gcc-arm-none-eabi-7-2017-q4-major-win32/arm-none-eabi/lib/thumb/v7e-m/fpv4-sp/hard\libc_nano.a(lib_a-reent.o)
 .debug_frame   0x000011e4       0x20 C:/ti/ccs910/ccs/tools/compiler/gcc-arm-none-eabi-7-2017-q4-major-win32/arm-none-eabi/lib/thumb/v7e-m/fpv4-sp/hard\libnosys.a(sbrk.o)
 .debug_frame   0x00001204       0x20 C:/ti/ccs910/ccs/tools/compiler/gcc-arm-none-eabi-7-2017-q4-major-win32/arm-none-eabi/lib/thumb/v7e-m/fpv4-sp/hard\libnosys.a(_exit.o)
